Archive member included because of file (symbol)

c:/windows.prg/mplab883/mplab c32 suite v202/bin/../lib/gcc/pic32mx/4.5.1\libgcc.a(_fixunsdfdi.o)
                              obj\asLUA_PIC.o (__fixunsdfdi)
c:/windows.prg/mplab883/mplab c32 suite v202/bin/../lib/gcc/pic32mx/4.5.1\libgcc.a(_floatundidf.o)
                              obj\asLUA_PIC.o (__floatundidf)
c:/windows.prg/mplab883/mplab c32 suite v202/bin/../lib/gcc/pic32mx/4.5.1\libgcc.a(floatunsidf.o)
                              obj\lbaselib.o (__floatunsidf)
c:/windows.prg/mplab883/mplab c32 suite v202/bin/../lib/gcc/pic32mx/4.5.1/../../../../pic32mx/lib\liblega-c.a(setjmp.o)
                              obj\ldo.o (setjmp)
c:/windows.prg/mplab883/mplab c32 suite v202/bin/../lib/gcc/pic32mx/4.5.1/../../../../pic32mx/lib\liblega-c.a(memcmp.o)
                              obj\lstring.o (memcmp)
c:/windows.prg/mplab883/mplab c32 suite v202/bin/../lib/gcc/pic32mx/4.5.1/../../../../pic32mx/lib\liblega-c.a(memcpy.o)
                              obj\lauxlib.o (memcpy)
c:/windows.prg/mplab883/mplab c32 suite v202/bin/../lib/gcc/pic32mx/4.5.1/../../../../pic32mx/lib\liblega-c.a(memset.o)
                              obj\FSIO.o (memset)
c:/windows.prg/mplab883/mplab c32 suite v202/bin/../lib/gcc/pic32mx/4.5.1/../../../../pic32mx/lib\liblega-c.a(strcmp.o)
                              obj\lauxlib.o (strcmp)
c:/windows.prg/mplab883/mplab c32 suite v202/bin/../lib/gcc/pic32mx/4.5.1/../../../../pic32mx/lib\liblega-c.a(strcpy.o)
                              obj\FSIO.o (strcpy)
c:/windows.prg/mplab883/mplab c32 suite v202/bin/../lib/gcc/pic32mx/4.5.1/../../../../pic32mx/lib\liblega-c.a(strlen.o)
                              obj\lapi.o (strlen)
c:/windows.prg/mplab883/mplab c32 suite v202/bin/../lib/gcc/pic32mx/4.5.1/../../../../pic32mx/lib\liblega-c.a(legacy-general-exception.o)
                              c:/windows.prg/mplab883/mplab c32 suite v202/bin/../lib/gcc/pic32mx/4.5.1/../../../../pic32mx/lib/crt0.o (_general_exception_context)
c:/windows.prg/mplab883/mplab c32 suite v202/bin/../lib/gcc/pic32mx/4.5.1/../../../../pic32mx/lib\liblega-c.a(strcat.o)
                              obj\lobject.o (strcat)
c:/windows.prg/mplab883/mplab c32 suite v202/bin/../lib/gcc/pic32mx/4.5.1/../../../../pic32mx/lib\liblega-c.a(strncat.o)
                              obj\lobject.o (strncat)
c:/windows.prg/mplab883/mplab c32 suite v202/bin/../lib/gcc/pic32mx/4.5.1/../../../../pic32mx/lib\liblega-c.a(strncpy.o)
                              obj\lobject.o (strncpy)
c:/windows.prg/mplab883/mplab c32 suite v202/bin/../lib/gcc/pic32mx/4.5.1/../../../../pic32mx/lib\liblega-c.a(strchr.o)
                              obj\lauxlib.o (strchr)
c:/windows.prg/mplab883/mplab c32 suite v202/bin/../lib/gcc/pic32mx/4.5.1/../../../../pic32mx/lib\liblega-c.a(strrchr.o)
                              obj\loadlib.o (strrchr)
c:/windows.prg/mplab883/mplab c32 suite v202/bin/../lib/gcc/pic32mx/4.5.1/../../../../pic32mx/lib\liblega-c.a(strcspn.o)
                              obj\lobject.o (strcspn)
c:/windows.prg/mplab883/mplab c32 suite v202/bin/../lib/gcc/pic32mx/4.5.1/../../../../pic32mx/lib\liblega-c.a(strpbrk.o)
                              obj\lstrlib.o (strpbrk)
c:/windows.prg/mplab883/mplab c32 suite v202/bin/../lib/gcc/pic32mx/4.5.1/../../../../pic32mx/lib\liblega-c.a(strstr.o)
                              obj\lauxlib.o (strstr)
c:/windows.prg/mplab883/mplab c32 suite v202/bin/../lib/gcc/pic32mx/4.5.1/../../../../pic32mx/lib\liblega-c.a(strerror.o)
                              obj\lauxlib.o (strerror)
c:/windows.prg/mplab883/mplab c32 suite v202/bin/../lib/gcc/pic32mx/4.5.1/../../../../pic32mx/lib\liblega-c.a(memchr.o)
                              obj\lstrlib.o (memchr)
c:/windows.prg/mplab883/mplab c32 suite v202/bin/../lib/gcc/pic32mx/4.5.1/../../../../pic32mx/lib\liblega-c.a(strcoll.o)
                              obj\lvm.o (strcoll)
c:/windows.prg/mplab883/mplab c32 suite v202/bin/../lib/gcc/pic32mx/4.5.1/../../../../pic32mx/lib\liblega-c.a(exit.o)
                              obj\ldo.o (exit)
c:/windows.prg/mplab883/mplab c32 suite v202/bin/../lib/gcc/pic32mx/4.5.1/../../../../pic32mx/lib\liblega-c.a(ctype.o)
                              obj\lbaselib.o (_ctype)
c:/windows.prg/mplab883/mplab c32 suite v202/bin/../lib/gcc/pic32mx/4.5.1/../../../../pic32mx/lib\liblega-c.a(ctypef.o)
                              obj\lstrlib.o (tolower)
c:/windows.prg/mplab883/mplab c32 suite v202/bin/../lib/gcc/pic32mx/4.5.1/../../../../pic32mx/lib\liblega-c.a(malloc.o)
                              obj\lauxlib.o (free)
c:/windows.prg/mplab883/mplab c32 suite v202/bin/../lib/gcc/pic32mx/4.5.1/../../../../pic32mx/lib\liblega-c.a(malloc_realloc.o)
                              obj\lauxlib.o (realloc)
c:/windows.prg/mplab883/mplab c32 suite v202/bin/../lib/gcc/pic32mx/4.5.1/../../../../pic32mx/lib\liblega-c.a(rand.o)
                              obj\lmathlib.o (rand)
[...]
Memory Configuration

Name             Origin             Length             Attributes
kseg0_program_mem 0x9d001000         0x0007b000         xr
kseg0_eeprom_mem 0x9d07f000         0x00001000
kseg0_boot_mem   0x9fc00490         0x00000000
exception_mem    0x9d000000         0x00001000
kseg1_boot_mem   0xbfc00000         0x00000000
debug_exec_mem   0xbfc02000         0x00000000
config3          0xbfc02ff0         0x00000000
config2          0xbfc02ff4         0x00000000
config1          0xbfc02ff8         0x00000000
config0          0xbfc02ffc         0x00000000
kseg1_data_mem   0xa0000000         0x00020000         w !x
sfrs             0xbf800000         0x00100000
configsfrs       0xbfc02ff0         0x00000010
*default*        0x00000000         0xffffffff

Linker script and memory map

LOAD c:/windows.prg/mplab883/mplab c32 suite v202/bin/../lib/gcc/pic32mx/4.5.1/../../../../pic32mx/lib/crt0.o
LOAD obj\lapi.o
LOAD obj\lauxlib.o
LOAD obj\lbaselib.o
LOAD obj\lcode.o
LOAD obj\ldblib.o
LOAD obj\ldebug.o
LOAD obj\ldo.o
LOAD obj\ldump.o
LOAD obj\lfunc.o
LOAD obj\lgc.o
LOAD obj\linit.o
LOAD obj\liolib.o
LOAD obj\llex.o
LOAD obj\lmathlib.o
LOAD obj\lmem.o
LOAD obj\loadlib.o
LOAD obj\lobject.o
LOAD obj\lopcodes.o
LOAD obj\loslib.o
LOAD obj\lparser.o
LOAD obj\lstate.o
LOAD obj\lstring.o
LOAD obj\lstrlib.o
LOAD obj\ltable.o
LOAD obj\ltablib.o
LOAD obj\ltm.o
LOAD obj\lua.o
LOAD obj\lundump.o
LOAD obj\lvm.o
LOAD obj\lzio.o
LOAD obj\asPIC.o
LOAD obj\asIO.o
LOAD obj\asDBG.o
LOAD obj\asINT.o
LOAD obj\asCON.o
LOAD obj\asLUA_PIC.o
LOAD obj\asUART1.o
LOAD obj\SD-SPI.o
LOAD obj\FSIO.o
LOAD obj\asCARD.o
                0x00000800                PROVIDE (_min_stack_size, 0x800)
                0x0001d8a8                PROVIDE (_min_heap_size, 0x1d8a8)
LOAD c:/windows.prg/mplab883/mplab c32 suite v202/bin/../lib/gcc/pic32mx/4.5.1/../../../../pic32mx/lib/./proc/32MX795F512L\processor.o
                0x00000001                PROVIDE (_vector_spacing, 0x1)
                0x9d000000                _ebase_address = 0x9d000000
                0x9d001000                _RESET_ADDR = 0x9d001000
                0x9d07f000                _EEPROM_ADDR = 0x9d07f000
                0xbfc00380                _BEV_EXCPT_ADDR = 0xbfc00380
                0xbfc00480                _DBG_EXCPT_ADDR = 0xbfc00480
                0xbfc02000                _DBG_CODE_ADDR = 0xbfc02000
                0x9d000180                _GEN_EXCPT_ADDR = (_ebase_address + 0x180)

.reset          0x9d001000       0x10
 *(.reset)
 .reset         0x9d001000       0x10 c:/windows.prg/mplab883/mplab c32 suite v202/bin/../lib/gcc/pic32mx/4.5.1/../../../../pic32mx/lib/crt0.o
                0x9d001000                _reset

.eeprom_pic32
 *(.eeprom_pic32 .eeprom_pic32.*)

/DISCARD/
 *(.bev_handler)
 *(.pdr)
 *(.reginfo)
 *(.rel.dyn)
 *(.note.GNU-stack)
 *(.gnu_debuglink)
 *(.gnu.lto_*)

.app_excpt      0x9d000180       0x10
 *(.gen_handler)
 .gen_handler   0x9d000180       0x10 c:/windows.prg/mplab883/mplab c32 suite v202/bin/../lib/gcc/pic32mx/4.5.1/../../../../pic32mx/lib/crt0.o

.vector_0       0x9d000200        0x0
 *(.vector_0)
                0x00000001                ASSERT (((_vector_spacing == 0x0) || (SIZEOF (.vector_0) <= (_vector_spacing << 0x5))), function at exception vector 0 too large)

.vector_1       0x9d000220        0x0
 *(.vector_1)
                0x00000001                ASSERT (((_vector_spacing == 0x0) || (SIZEOF (.vector_1) <= (_vector_spacing << 0x5))), function at exception vector 1 too large)

.vector_2       0x9d000240        0x0
 *(.vector_2)
                0x00000001                ASSERT (((_vector_spacing == 0x0) || (SIZEOF (.vector_2) <= (_vector_spacing << 0x5))), function at exception vector 2 too large)

.vector_3       0x9d000260        0x0
 *(.vector_3)
                0x00000001                ASSERT (((_vector_spacing == 0x0) || (SIZEOF (.vector_3) <= (_vector_spacing << 0x5))), function at exception vector 3 too large)

.vector_4       0x9d000280        0x0
 *(.vector_4)
                0x00000001                ASSERT (((_vector_spacing == 0x0) || (SIZEOF (.vector_4) <= (_vector_spacing << 0x5))), function at exception vector 4 too large)

.vector_5       0x9d0002a0        0x0
 *(.vector_5)
                0x00000001                ASSERT (((_vector_spacing == 0x0) || (SIZEOF (.vector_5) <= (_vector_spacing << 0x5))), function at exception vector 5 too large)

.vector_6       0x9d0002c0        0x0
 *(.vector_6)
                0x00000001                ASSERT (((_vector_spacing == 0x0) || (SIZEOF (.vector_6) <= (_vector_spacing << 0x5))), function at exception vector 6 too large)

.vector_7       0x9d0002e0        0x0
 *(.vector_7)
                0x00000001                ASSERT (((_vector_spacing == 0x0) || (SIZEOF (.vector_7) <= (_vector_spacing << 0x5))), function at exception vector 7 too large)

.vector_8       0x9d000300        0x0
 *(.vector_8)
                0x00000001                ASSERT (((_vector_spacing == 0x0) || (SIZEOF (.vector_8) <= (_vector_spacing << 0x5))), function at exception vector 8 too large)

.vector_9       0x9d000320        0x0
 *(.vector_9)
                0x00000001                ASSERT (((_vector_spacing == 0x0) || (SIZEOF (.vector_9) <= (_vector_spacing << 0x5))), function at exception vector 9 too large)

.vector_10      0x9d000340        0x0
 *(.vector_10)
                0x00000001                ASSERT (((_vector_spacing == 0x0) || (SIZEOF (.vector_10) <= (_vector_spacing << 0x5))), function at exception vector 10 too large)

.vector_11      0x9d000360        0x0
 *(.vector_11)
                0x00000001                ASSERT (((_vector_spacing == 0x0) || (SIZEOF (.vector_11) <= (_vector_spacing << 0x5))), function at exception vector 11 too large)

.vector_12      0x9d000380        0x0
 *(.vector_12)
                0x00000001                ASSERT (((_vector_spacing == 0x0) || (SIZEOF (.vector_12) <= (_vector_spacing << 0x5))), function at exception vector 12 too large)

.vector_13      0x9d0003a0        0x0
 *(.vector_13)
                0x00000001                ASSERT (((_vector_spacing == 0x0) || (SIZEOF (.vector_13) <= (_vector_spacing << 0x5))), function at exception vector 13 too large)

.vector_14      0x9d0003c0        0x0
 *(.vector_14)
                0x00000001                ASSERT (((_vector_spacing == 0x0) || (SIZEOF (.vector_14) <= (_vector_spacing << 0x5))), function at exception vector 14 too large)

.vector_15      0x9d0003e0        0x0
 *(.vector_15)
                0x00000001                ASSERT (((_vector_spacing == 0x0) || (SIZEOF (.vector_15) <= (_vector_spacing << 0x5))), function at exception vector 15 too large)

.vector_16      0x9d000400        0x0
 *(.vector_16)
                0x00000001                ASSERT (((_vector_spacing == 0x0) || (SIZEOF (.vector_16) <= (_vector_spacing << 0x5))), function at exception vector 16 too large)

.vector_17      0x9d000420        0x0
 *(.vector_17)
                0x00000001                ASSERT (((_vector_spacing == 0x0) || (SIZEOF (.vector_17) <= (_vector_spacing << 0x5))), function at exception vector 17 too large)

.vector_18      0x9d000440        0x0
 *(.vector_18)
                0x00000001                ASSERT (((_vector_spacing == 0x0) || (SIZEOF (.vector_18) <= (_vector_spacing << 0x5))), function at exception vector 18 too large)

.vector_19      0x9d000460        0x0
 *(.vector_19)
                0x00000001                ASSERT (((_vector_spacing == 0x0) || (SIZEOF (.vector_19) <= (_vector_spacing << 0x5))), function at exception vector 19 too large)

.vector_20      0x9d000480        0x8
 *(.vector_20)
 .vector_20     0x9d000480        0x8 obj\asINT.o
                0x00000001                ASSERT (((_vector_spacing == 0x0) || (SIZEOF (.vector_20) <= (_vector_spacing << 0x5))), function at exception vector 20 too large)

.vector_21      0x9d0004a0        0x0
 *(.vector_21)
                0x00000001                ASSERT (((_vector_spacing == 0x0) || (SIZEOF (.vector_21) <= (_vector_spacing << 0x5))), function at exception vector 21 too large)

.vector_22      0x9d0004c0        0x0
 *(.vector_22)
                0x00000001                ASSERT (((_vector_spacing == 0x0) || (SIZEOF (.vector_22) <= (_vector_spacing << 0x5))), function at exception vector 22 too large)

.vector_23      0x9d0004e0        0x0
 *(.vector_23)
                0x00000001                ASSERT (((_vector_spacing == 0x0) || (SIZEOF (.vector_23) <= (_vector_spacing << 0x5))), function at exception vector 23 too large)

.vector_24      0x9d000500        0x8
 *(.vector_24)
 .vector_24     0x9d000500        0x8 obj\asINT.o
                0x00000001                ASSERT (((_vector_spacing == 0x0) || (SIZEOF (.vector_24) <= (_vector_spacing << 0x5))), function at exception vector 24 too large)

.vector_25      0x9d000520        0x0
 *(.vector_25)
                0x00000001                ASSERT (((_vector_spacing == 0x0) || (SIZEOF (.vector_25) <= (_vector_spacing << 0x5))), function at exception vector 25 too large)

.vector_26      0x9d000540        0x0
 *(.vector_26)
                0x00000001                ASSERT (((_vector_spacing == 0x0) || (SIZEOF (.vector_26) <= (_vector_spacing << 0x5))), function at exception vector 26 too large)

.vector_27      0x9d000560        0x0
 *(.vector_27)
                0x00000001                ASSERT (((_vector_spacing == 0x0) || (SIZEOF (.vector_27) <= (_vector_spacing << 0x5))), function at exception vector 27 too large)

.vector_28      0x9d000580        0x0
 *(.vector_28)
                0x00000001                ASSERT (((_vector_spacing == 0x0) || (SIZEOF (.vector_28) <= (_vector_spacing << 0x5))), function at exception vector 28 too large)

.vector_29      0x9d0005a0        0x0
 *(.vector_29)
                0x00000001                ASSERT (((_vector_spacing == 0x0) || (SIZEOF (.vector_29) <= (_vector_spacing << 0x5))), function at exception vector 29 too large)

.vector_30      0x9d0005c0        0x0
 *(.vector_30)
                0x00000001                ASSERT (((_vector_spacing == 0x0) || (SIZEOF (.vector_30) <= (_vector_spacing << 0x5))), function at exception vector 30 too large)

.vector_31      0x9d0005e0        0x0
 *(.vector_31)
                0x00000001                ASSERT (((_vector_spacing == 0x0) || (SIZEOF (.vector_31) <= (_vector_spacing << 0x5))), function at exception vector 31 too large)

.vector_32      0x9d000600        0x8
 *(.vector_32)
 .vector_32     0x9d000600        0x8 obj\asINT.o
                0x00000001                ASSERT (((_vector_spacing == 0x0) || (SIZEOF (.vector_32) <= (_vector_spacing << 0x5))), function at exception vector 32 too large)

.vector_33      0x9d000620        0x0
 *(.vector_33)
                0x00000001                ASSERT (((_vector_spacing == 0x0) || (SIZEOF (.vector_33) <= (_vector_spacing << 0x5))), function at exception vector 33 too large)

.vector_34      0x9d000640        0x0
 *(.vector_34)
                0x00000001                ASSERT (((_vector_spacing == 0x0) || (SIZEOF (.vector_34) <= (_vector_spacing << 0x5))), function at exception vector 34 too large)

.vector_35      0x9d000660        0x0
 *(.vector_35)
                0x00000001                ASSERT (((_vector_spacing == 0x0) || (SIZEOF (.vector_35) <= (_vector_spacing << 0x5))), function at exception vector 35 too large)

.vector_36      0x9d000680        0x0
 *(.vector_36)
                0x00000001                ASSERT (((_vector_spacing == 0x0) || (SIZEOF (.vector_36) <= (_vector_spacing << 0x5))), function at exception vector 36 too large)

.vector_37      0x9d0006a0        0x0
 *(.vector_37)
                0x00000001                ASSERT (((_vector_spacing == 0x0) || (SIZEOF (.vector_37) <= (_vector_spacing << 0x5))), function at exception vector 37 too large)

.vector_38      0x9d0006c0        0x0
 *(.vector_38)
                0x00000001                ASSERT (((_vector_spacing == 0x0) || (SIZEOF (.vector_38) <= (_vector_spacing << 0x5))), function at exception vector 38 too large)

.vector_39      0x9d0006e0        0x0
 *(.vector_39)
                0x00000001                ASSERT (((_vector_spacing == 0x0) || (SIZEOF (.vector_39) <= (_vector_spacing << 0x5))), function at exception vector 39 too large)

.vector_40      0x9d000700        0x0
 *(.vector_40)
                0x00000001                ASSERT (((_vector_spacing == 0x0) || (SIZEOF (.vector_40) <= (_vector_spacing << 0x5))), function at exception vector 40 too large)

.vector_41      0x9d000720        0x0
 *(.vector_41)
                0x00000001                ASSERT (((_vector_spacing == 0x0) || (SIZEOF (.vector_41) <= (_vector_spacing << 0x5))), function at exception vector 41 too large)

.vector_42      0x9d000740        0x0
 *(.vector_42)
                0x00000001                ASSERT (((_vector_spacing == 0x0) || (SIZEOF (.vector_42) <= (_vector_spacing << 0x5))), function at exception vector 42 too large)

.vector_43      0x9d000760        0x0
 *(.vector_43)
                0x00000001                ASSERT (((_vector_spacing == 0x0) || (SIZEOF (.vector_43) <= (_vector_spacing << 0x5))), function at exception vector 43 too large)

.vector_44      0x9d000780        0x0
 *(.vector_44)
                0x00000001                ASSERT (((_vector_spacing == 0x0) || (SIZEOF (.vector_44) <= (_vector_spacing << 0x5))), function at exception vector 44 too large)

.vector_45      0x9d0007a0        0x0
 *(.vector_45)
                0x00000001                ASSERT (((_vector_spacing == 0x0) || (SIZEOF (.vector_45) <= (_vector_spacing << 0x5))), function at exception vector 45 too large)

.vector_46      0x9d0007c0        0x0
 *(.vector_46)
                0x00000001                ASSERT (((_vector_spacing == 0x0) || (SIZEOF (.vector_46) <= (_vector_spacing << 0x5))), function at exception vector 46 too large)

.vector_47      0x9d0007e0        0x0
 *(.vector_47)
                0x00000001                ASSERT (((_vector_spacing == 0x0) || (SIZEOF (.vector_47) <= (_vector_spacing << 0x5))), function at exception vector 47 too large)

.vector_48      0x9d000800        0x0
 *(.vector_48)
                0x00000001                ASSERT (((_vector_spacing == 0x0) || (SIZEOF (.vector_48) <= (_vector_spacing << 0x5))), function at exception vector 48 too large)

.vector_49      0x9d000820        0x0
 *(.vector_49)
                0x00000001                ASSERT (((_vector_spacing == 0x0) || (SIZEOF (.vector_49) <= (_vector_spacing << 0x5))), function at exception vector 49 too large)

.vector_50      0x9d000840        0x0
 *(.vector_50)
                0x00000001                ASSERT (((_vector_spacing == 0x0) || (SIZEOF (.vector_50) <= (_vector_spacing << 0x5))), function at exception vector 50 too large)

.vector_51      0x9d000860        0x0
 *(.vector_51)
                0x00000001                ASSERT (((_vector_spacing == 0x0) || (SIZEOF (.vector_51) <= (_vector_spacing << 0x5))), function at exception vector 51 too large)

.vector_52      0x9d000880        0x0
 *(.vector_52)
                0x00000001                ASSERT (((_vector_spacing == 0x0) || (SIZEOF (.vector_52) <= (_vector_spacing << 0x5))), function at exception vector 52 too large)

.vector_53      0x9d0008a0        0x0
 *(.vector_53)
                0x00000001                ASSERT (((_vector_spacing == 0x0) || (SIZEOF (.vector_53) <= (_vector_spacing << 0x5))), function at exception vector 53 too large)

.vector_54      0x9d0008c0        0x0
 *(.vector_54)
                0x00000001                ASSERT (((_vector_spacing == 0x0) || (SIZEOF (.vector_54) <= (_vector_spacing << 0x5))), function at exception vector 54 too large)

.vector_55      0x9d0008e0        0x0
 *(.vector_55)
                0x00000001                ASSERT (((_vector_spacing == 0x0) || (SIZEOF (.vector_55) <= (_vector_spacing << 0x5))), function at exception vector 55 too large)

.vector_56      0x9d000900        0x0
 *(.vector_56)
                0x00000001                ASSERT (((_vector_spacing == 0x0) || (SIZEOF (.vector_56) <= (_vector_spacing << 0x5))), function at exception vector 56 too large)

.vector_57      0x9d000920        0x0
 *(.vector_57)
                0x00000001                ASSERT (((_vector_spacing == 0x0) || (SIZEOF (.vector_57) <= (_vector_spacing << 0x5))), function at exception vector 57 too large)

.vector_58      0x9d000940        0x0
 *(.vector_58)
                0x00000001                ASSERT (((_vector_spacing == 0x0) || (SIZEOF (.vector_58) <= (_vector_spacing << 0x5))), function at exception vector 58 too large)

.vector_59      0x9d000960        0x0
 *(.vector_59)
                0x00000001                ASSERT (((_vector_spacing == 0x0) || (SIZEOF (.vector_59) <= (_vector_spacing << 0x5))), function at exception vector 59 too large)

.vector_60      0x9d000980        0x0
 *(.vector_60)
                0x00000001                ASSERT (((_vector_spacing == 0x0) || (SIZEOF (.vector_60) <= (_vector_spacing << 0x5))), function at exception vector 60 too large)

.vector_61      0x9d0009a0        0x0
 *(.vector_61)
                0x00000001                ASSERT (((_vector_spacing == 0x0) || (SIZEOF (.vector_61) <= (_vector_spacing << 0x5))), function at exception vector 61 too large)

.vector_62      0x9d0009c0        0x0
 *(.vector_62)
                0x00000001                ASSERT (((_vector_spacing == 0x0) || (SIZEOF (.vector_62) <= (_vector_spacing << 0x5))), function at exception vector 62 too large)

.vector_63      0x9d0009e0        0x0
 *(.vector_63)
                0x00000001                ASSERT (((_vector_spacing == 0x0) || (SIZEOF (.vector_63) <= (_vector_spacing << 0x5))), function at exception vector 63 too large)

.startup
 *(.startup)

.text           0x9d001010    0x37584
                0x9d001010                _text_begin = .
 *(.text .stub .text.* .gnu.linkonce.t.*)
 .text          0x9d001010       0x10 c:/windows.prg/mplab883/mplab c32 suite v202/bin/../lib/gcc/pic32mx/4.5.1/../../../../pic32mx/lib/crt0.o
                0x9d001018                __crt0_exit
 .text          0x9d001020     0x1e6c obj\lapi.o
                0x9d00126c                luaA_pushobject
                0x9d001298                lua_checkstack
                0x9d00133c                lua_xmove
                0x9d001398                lua_setlevel
                0x9d0013a4                lua_atpanic
                0x9d0013b4                lua_newthread
                0x9d001414                lua_gettop
                0x9d001428                lua_settop
                0x9d001480                lua_remove
                0x9d0014f4                lua_insert
                0x9d001568                lua_replace
                0x9d0016bc                lua_pushvalue
                0x9d001708                lua_type
                0x9d00173c                lua_typename
                0x9d001768                lua_iscfunction
                0x9d0017a4                lua_isnumber
                0x9d0017e0                lua_isstring
                0x9d001804                lua_isuserdata
                0x9d001838                lua_rawequal
                0x9d0018ac                lua_equal
                0x9d001938                lua_lessthan
                0x9d0019ac                lua_tonumber
                0x9d001a04                lua_tointeger
                0x9d001a54                lua_toboolean
                0x9d001a94                lua_tolstring
                0x9d001b44                lua_objlen
                0x9d001bfc                lua_tocfunction
                0x9d001c3c                lua_touserdata
                0x9d001c80                lua_tothread
                0x9d001cb4                lua_topointer
                0x9d001d68                lua_pushnil
                0x9d001d80                lua_pushnumber
                0x9d001da4                lua_pushinteger
                0x9d001df4                lua_pushlstring
                0x9d001e7c                lua_pushstring
                0x9d001ed4                lua_pushvfstring
                0x9d001f38                lua_pushfstring
                0x9d001fa0                lua_pushcclosure
                0x9d002084                lua_pushboolean
                0x9d0020a8                lua_pushlightuserdata
                0x9d0020c8                lua_pushthread
                0x9d0020f8                lua_gettable
                0x9d002134                lua_getfield
                0x9d0021b4                lua_rawget
                0x9d002204                lua_rawgeti
                0x9d002268                lua_createtable
                0x9d0022f0                lua_getmetatable
                0x9d002380                lua_getfenv
                0x9d002430                lua_settable
                0x9d002478                lua_setfield
                0x9d0024fc                lua_rawset
                0x9d0025b4                lua_rawseti
                0x9d002674                lua_setmetatable
                0x9d00276c                lua_setfenv
                0x9d00283c                lua_call
                0x9d0028a0                lua_pcall
                0x9d00294c                lua_cpcall
                0x9d002988                lua_load
                0x9d0029e8                lua_dump
                0x9d002a3c                lua_status
                0x9d002a44                lua_gc
                0x9d002b64                lua_error
                0x9d002b84                lua_next
                0x9d002bd8                lua_concat
                0x9d002c9c                lua_getallocf
                0x9d002cb8                lua_setallocf
                0x9d002ccc                lua_newuserdata
                0x9d002d50                lua_getupvalue
                0x9d002dc4                lua_setupvalue
 .text          0x9d002e8c     0x14a8 obj\lauxlib.o
                0x9d0030c4                luaL_where
                0x9d003138                luaL_error
                0x9d0031a0                luaL_argerror
                0x9d003284                luaL_typerror
                0x9d003338                luaL_newmetatable
                0x9d0033c4                luaL_checkudata
                0x9d003470                luaL_checkstack
                0x9d0034bc                luaL_checktype
                0x9d00350c                luaL_checkany
                0x9d00355c                luaL_checklstring
                0x9d0035b0                luaL_optlstring
                0x9d003634                luaL_checkoption
                0x9d0036f4                luaL_checknumber
                0x9d003788                luaL_optnumber
                0x9d0037f0                luaL_checkinteger
                0x9d003858                luaL_optinteger
                0x9d0038ac                luaL_getmetafield
                0x9d003930                luaL_callmeta
                0x9d0039bc                luaL_findtable
                0x9d003b10                luaL_openlib
                0x9d003cbc                luaL_register
                0x9d003cd8                luaL_prepbuffer
                0x9d003d14                luaL_addlstring
                0x9d003d98                luaL_addstring
                0x9d003ddc                luaL_pushresult
                0x9d003e14                luaL_addvalue
                0x9d003ecc                luaL_buffinit
                0x9d003ee0                luaL_gsub
                0x9d003fa8                luaL_ref
                0x9d004090                luaL_unref
                0x9d004124                luaL_loadfile
                0x9d004278                luaL_loadbuffer
                0x9d0042a4                luaL_loadstring
                0x9d0042ec                luaL_newstate
 .text          0x9d004334     0x18e4 obj\lbaselib.o
                0x9d005ac4                luaopen_base
 .text          0x9d005c18     0x21d8 obj\lcode.o
                0x9d006310                luaK_getlabel
                0x9d00631c                luaK_concat
                0x9d0063a8                luaK_patchtohere
                0x9d0063e8                luaK_patchlist
                0x9d006424                luaK_checkstack
                0x9d006488                luaK_reserveregs
                0x9d0064c4                luaK_stringK
                0x9d0064f0                luaK_numberK
                0x9d006520                luaK_setreturns
                0x9d006600                luaK_setoneret
                0x9d00667c                luaK_fixline
                0x9d00669c                luaK_codeABC
                0x9d006738                luaK_ret
                0x9d006764                luaK_nil
                0x9d006838                luaK_codeABx
                0x9d006868                luaK_dischargevars
                0x9d006b70                luaK_jump
                0x9d006cd0                luaK_goiftrue
                0x9d006f2c                luaK_exp2nextreg
                0x9d006f8c                luaK_exp2anyreg
                0x9d007010                luaK_exp2val
                0x9d00704c                luaK_exp2RK
                0x9d007524                luaK_posfix
                0x9d007804                luaK_infix
                0x9d007988                luaK_indexed
                0x9d0079bc                luaK_prefix
                0x9d007b7c                luaK_self
                0x9d007c2c                luaK_storevar
                0x9d007d44                luaK_setlist
 .text          0x9d007df0     0x1018 obj\ldblib.o
                0x9d008ddc                luaopen_debug
 .text          0x9d008e08     0x16c0 obj\ldebug.o
                0x9d00904c                lua_sethook
                0x9d009070                lua_gethook
                0x9d009078                lua_gethookmask
                0x9d009080                lua_gethookcount
                0x9d009088                lua_getstack
                0x9d009138                lua_getlocal
                0x9d0091b8                lua_setlocal
                0x9d00924c                luaG_checkopenop
                0x9d009c34                lua_getinfo
                0x9d00a118                luaG_checkcode
                0x9d00a13c                luaG_errormsg
                0x9d00a210                luaG_runerror
                0x9d00a2d8                luaG_ordererror
                0x9d00a344                luaG_typeerror
                0x9d00a43c                luaG_aritherror
                0x9d00a498                luaG_concaterror
 .text          0x9d00a4c8     0x12bc obj\ldo.o
                0x9d00a4c8                luaD_seterrorobj
                0x9d00a58c                luaD_rawrunprotected
                0x9d00a5ec                luaD_reallocstack
                0x9d00a758                luaD_reallocCI
                0x9d00a8ac                luaD_throw
                0x9d00a9c0                luaD_growstack
                0x9d00abc0                luaD_callhook
                0x9d00acd4                luaD_poscall
                0x9d00ae4c                luaD_precall
                0x9d00b408                luaD_call
                0x9d00b4d8                lua_resume
                0x9d00b5c8                lua_yield
                0x9d00b62c                luaD_pcall
                0x9d00b70c                luaD_protectedparser
 .text          0x9d00b784      0x4ac obj\ldump.o
                0x9d00bbcc                luaU_dump
 .text          0x9d00bc30      0x5f0 obj\lfunc.o
                0x9d00bc4c                luaF_newCclosure
                0x9d00bcc8                luaF_newLclosure
                0x9d00bd64                luaF_newupval
                0x9d00bdc0                luaF_findupval
                0x9d00bec0                luaF_freeupval
                0x9d00bf18                luaF_close
                0x9d00bff8                luaF_newproto
                0x9d00c094                luaF_freeproto
                0x9d00c168                luaF_freeclosure
                0x9d00c1a4                luaF_getlocalname
 .text          0x9d00c220     0x166c obj\lgc.o
                0x9d00cf90                luaC_separateudata
                0x9d00d4e4                luaC_callGCTM
                0x9d00d528                luaC_freeall
                0x9d00d5a8                luaC_step
                0x9d00d68c                luaC_fullgc
                0x9d00d760                luaC_barrierf
                0x9d00d7ac                luaC_barrierback
                0x9d00d7cc                luaC_link
                0x9d00d7f0                luaC_linkupval
 .text          0x9d00d88c       0x70 obj\linit.o
                0x9d00d88c                luaL_openlibs
 .text          0x9d00d8fc     0x13e0 obj\liolib.o
                0x9d00eb98                luaopen_io
 .text          0x9d00ecdc     0x1624 obj\llex.o
                0x9d00ed0c                luaX_init
                0x9d00ed94                luaX_token2str
                0x9d00ee10                luaX_lexerror
                0x9d00f30c                luaX_syntaxerror
                0x9d00f40c                luaX_newstring
                0x9d0101b8                luaX_setinput
                0x9d010268                luaX_next
                0x9d0102d4                luaX_lookahead
 .text          0x9d010300      0xc3c obj\lmathlib.o
                0x9d010e74                luaopen_math
 .text          0x9d010f3c      0x190 obj\lmem.o
                0x9d010f3c                luaM_toobig
                0x9d010f60                luaM_realloc_
                0x9d010fe8                luaM_growaux_
 .text          0x9d0110cc      0xf60 obj\loadlib.o
                0x9d011e4c                luaopen_package
 .text          0x9d01202c      0x768 obj\lobject.o
                0x9d0120b8                luaO_int2fb
                0x9d0120fc                luaO_fb2int
                0x9d012120                luaO_log2
                0x9d012154                luaO_rawequalObj
                0x9d012200                luaO_str2d
                0x9d01231c                luaO_pushvfstring
                0x9d0125ec                luaO_pushfstring
                0x9d012618                luaO_chunkid
 .text          0x9d012794        0x0 obj\lopcodes.o
 .text          0x9d012794      0x8e0 obj\loslib.o
                0x9d013048                luaopen_os
 .text          0x9d013074     0x2da4 obj\lparser.o
                0x9d015d70                luaY_parser
 .text          0x9d015e18      0x5a4 obj\lstate.o
                0x9d0160fc                luaE_newthread
                0x9d016198                luaE_freethread
                0x9d0161f0                lua_newstate
                0x9d016330                lua_close
 .text          0x9d0163bc      0x3c0 obj\lstring.o
                0x9d0163bc                luaS_resize
                0x9d0164e0                luaS_newlstr
                0x9d0166e0                luaS_newudata
 .text          0x9d01677c     0x2350 obj\lstrlib.o
                0x9d0189f8                luaopen_string
 .text          0x9d018acc     0x1208 obj\ltable.o
                0x9d018f08                luaH_next
                0x9d01914c                luaH_new
                0x9d0191fc                luaH_free
                0x9d019278                luaH_getnum
                0x9d01933c                luaH_getstr
                0x9d019398                luaH_get
                0x9d0194a0                luaH_setnum
                0x9d019a2c                luaH_set
                0x9d019ae4                luaH_resizearray
                0x9d019b20                luaH_setstr
                0x9d019b90                luaH_getn
 .text          0x9d019cd4      0xb7c obj\ltablib.o
                0x9d01a824                luaopen_table
 .text          0x9d01a850      0x18c obj\ltm.o
                0x9d01a850                luaT_init
                0x9d01a8fc                luaT_gettm
                0x9d01a954                luaT_gettmbyobj
 .text          0x9d01a9dc      0xde0 obj\lua.o
                0x9d01b708                main
 .text          0x9d01b7bc      0x7ec obj\lundump.o
                0x9d01be8c                luaU_header
                0x9d01bee0                luaU_undump
 .text          0x9d01bfa8     0x26a0 obj\lvm.o
                0x9d01c3b4                luaV_tonumber
                0x9d01c664                luaV_tostring
                0x9d01c6e0                luaV_gettable
                0x9d01c864                luaV_settable
                0x9d01cac8                luaV_lessthan
                0x9d01cb84                luaV_equalval
                0x9d01cd10                luaV_concat
                0x9d01cf78                luaV_execute
 .text          0x9d01e648      0x208 obj\lzio.o
                0x9d01e648                luaZ_fill
                0x9d01e6a8                luaZ_lookahead
                0x9d01e708                luaZ_init
                0x9d01e720                luaZ_read
                0x9d01e7c8                luaZ_openspace
 .text          0x9d01e850      0x6bc obj\asPIC.o
                0x9d01e850                asPIC_Init
                0x9d01ebdc                asPIC_Port_Dir
                0x9d01ec50                asPIC_Port_State
                0x9d01ecb0                asPIC_Port_Latch
                0x9d01ece8                asPIC_Port_SetPins
                0x9d01ed20                asPIC_Port_ClrPins
                0x9d01ed58                asPIC_Port_InvPins
                0x9d01ed90                asPIC_Timer_Read
                0x9d01edc0                asPIC_Timer_Match
                0x9d01ee50                asPIC_AD_Mux
                0x9d01eed0                asPIC_AD_Read
 .text          0x9d01ef0c      0x438 obj\asIO.o
                0x9d01ef0c                _mon_putc
                0x9d01ef28                ffferror
                0x9d01ef44                ffflush
                0x9d01ef4c                fgetc
                0x9d01efc8                fgets
                0x9d01f088                fopen
                0x9d01f0a4                open
                0x9d01f0e8                fclose
                0x9d01f104                close
                0x9d01f138                lseek
                0x9d01f154                ftell
                0x9d01f170                fread
                0x9d01f1b0                fwrite
                0x9d01f234                read
                0x9d01f298                write
                0x9d01f2d8                remove
                0x9d01f2fc                unlink
                0x9d01f31c                link
                0x9d01f33c                gettimeofday
 .text          0x9d01f344        0x0 obj\asDBG.o
 .text          0x9d01f344      0x320 obj\asINT.o
                0x9d01f344                _U1RXInterrupt
                0x9d01f49c                _U2RXInterrupt
                0x9d01f5f4                _T5Interrupt
 .text          0x9d01f664      0x3d8 obj\asCON.o
                0x9d01f664                asCON_RXBufInit
                0x9d01f678                asCON_RXBufWriteChar
                0x9d01f6f0                asCON_RXBufReadChar
                0x9d01f770                asCON_RXBufFlushIn
                0x9d01f7dc                asCON_RXBufCount
                0x9d01f7f0                asCON_SerialWriteString
                0x9d01f858                asCON_SerialFlush
                0x9d01f874                asCON_SerialWriteChar
                0x9d01f8bc                asCON_SerialReadLine
 .text          0x9d01fa3c      0xe38 obj\asLUA_PIC.o
                0x9d020784                luaopen_pic
 .text          0x9d020874      0x3c8 obj\asUART1.o
                0x9d020874                asUART1_Disable
                0x9d0208f4                asUART1_Baud
                0x9d020944                asUART1_Enable
                0x9d0209e4                asUART1_RXBufInit
                0x9d0209f8                asUART1_RXBufWriteChar
                0x9d020a80                asUART1_RXBufReadChar
                0x9d020b10                asUART1_RXBufFlushIn
                0x9d020b88                asUART1_RXBufCount
                0x9d020b9c                asUART1_FlushOut
                0x9d020bc0                asUART1_WriteString
                0x9d020c10                asUART1_WriteChar
 .text          0x9d020c3c      0xa50 obj\SD-SPI.o
                0x9d020c3c                MDD_SDSPI_MediaDetect
                0x9d020c50                MDD_SDSPI_ReadSectorSize
                0x9d020c58                MDD_SDSPI_ReadCapacity
                0x9d020c60                MDD_SDSPI_InitIO
                0x9d020ca8                MDD_SDSPI_WriteProtectState
                0x9d020cb8                Delayms
                0x9d020cec                CloseSPIM
                0x9d020d04                MDD_SDSPI_ShutdownMedia
                0x9d020d38                WriteSPIM
                0x9d020d74                MDD_SDSPI_ReadMedia
                0x9d020db0                SendMMCCmd
                0x9d021018                MDD_SDSPI_SectorWrite
                0x9d021144                MDD_SDSPI_SectorRead
                0x9d021298                OpenSPIM
                0x9d0212fc                MDD_SDSPI_MediaInitialize
 .text          0x9d02168c     0x6ab4 obj\FSIO.o
                0x9d02168c                GetFullClusterNumber
                0x9d0216a0                CacheTime
                0x9d0217e0                FSftell
                0x9d0217ec                FSerror
                0x9d0217f4                FileObjectCopy
                0x9d021814                ReadByte
                0x9d021824                LoadMBR
                0x9d021a4c                ReadWord
                0x9d021a68                ReadDWord
                0x9d021ac0                LoadBootSector
                0x9d021d40                FSformat
                0x9d022bd0                DISKmount
                0x9d022c84                FSInit
                0x9d022d3c                Cluster2Sector
                0x9d022d98                Write_File_Entry
                0x9d022e58                flushData
                0x9d022ebc                EraseCluster
                0x9d022fa4                FSrewind
                0x9d022fec                FSCreateMBR
                0x9d02320c                FSfeof
                0x9d023224                ValidateChars
                0x9d0233e0                FormatDirName
                0x9d023568                FormatFileName
                0x9d0236d4                WriteFAT
                0x9d023a10                ReadFAT
                0x9d023ce8                FATfindEmptyCluster
                0x9d023df4                Cache_File_Entry
                0x9d02403c                LoadDirAttrib
                0x9d0240e8                FSattrib
                0x9d0241b4                FSrename
                0x9d0243c4                Fill_File_Object
                0x9d024518                PopulateEntries
                0x9d024638                FILEopen
                0x9d024794                FILEfind
                0x9d024a6c                FILEget_next_cluster
                0x9d024b50                FSfread
                0x9d024d78                FILECreateHeadCluster
                0x9d024e58                CreateFirstCluster
                0x9d024ed0                FSfclose
                0x9d02500c                FILEallocate_new_cluster
                0x9d0250ec                FSfseek
                0x9d0252ec                FSfwrite
                0x9d025608                FindEmptyEntries
                0x9d025734                CreateFileEntry
                0x9d0257d8                FAT_erase_cluster_chain
                0x9d0258f8                FILEerase
                0x9d0259ec                FSremove
                0x9d025b1c                FSfopen
                0x9d026218                chdirhelper
                0x9d0266b0                FSchdir
                0x9d0266d4                GetPreviousEntry
                0x9d026894                FSgetcwd
                0x9d026d38                writeDotEntries
                0x9d026e38                CreateDIR
                0x9d026fac                mkdirhelper
                0x9d0273dc                FSmkdir
                0x9d027400                eraseDir
                0x9d0274cc                rmdirhelper
                0x9d027c34                FSrmdir
                0x9d027c60                FindFirst
                0x9d027efc                FindNext
 .text          0x9d028140      0x1a8 obj\asCARD.o
                0x9d028140                asCARD_Detect
                0x9d028188                asCARD_Mount
                0x9d0281d0                asCARD_FindFirst
                0x9d028200                asCARD_FindNext
                0x9d028230                asCARD_Boot
 .text          0x9d0282e8        0x0 c:/windows.prg/mplab883/mplab c32 suite v202/bin/../lib/gcc/pic32mx/4.5.1/../../../../pic32mx/lib/./proc/32MX795F512L\processor.o
 .text          0x9d0282e8       0x98 c:/windows.prg/mplab883/mplab c32 suite v202/bin/../lib/gcc/pic32mx/4.5.1\libgcc.a(_fixunsdfdi.o)
                0x9d0282e8                __fixunsdfdi
 .text          0x9d028380      0x104 c:/windows.prg/mplab883/mplab c32 suite v202/bin/../lib/gcc/pic32mx/4.5.1\libgcc.a(_floatundidf.o)
                0x9d028380                __floatundidf
 .text          0x9d028484       0x4c c:/windows.prg/mplab883/mplab c32 suite v202/bin/../lib/gcc/pic32mx/4.5.1\libgcc.a(floatunsidf.o)
                0x9d028484                __floatunsidf
 .text          0x9d0284d0      0x108 c:/windows.prg/mplab883/mplab c32 suite v202/bin/../lib/gcc/pic32mx/4.5.1/../../../../pic32mx/lib\liblega-c.a(setjmp.o)
                0x9d0284d0                setjmp
                0x9d028508                _setjmp
                0x9d028540                longjmp
                0x9d02856c                _longjmp
                0x9d0285a0                sigsetjmp
                0x9d0285b0                siglongjmp
                0x9d0285c4                sigprocmask
 .text          0x9d0285d8       0x98 c:/windows.prg/mplab883/mplab c32 suite v202/bin/../lib/gcc/pic32mx/4.5.1/../../../../pic32mx/lib\liblega-c.a(memcmp.o)
                0x9d0285d8                memcmp
 .text          0x9d028670      0x168 c:/windows.prg/mplab883/mplab c32 suite v202/bin/../lib/gcc/pic32mx/4.5.1/../../../../pic32mx/lib\liblega-c.a(memcpy.o)
                0x9d028670                memcpy
 .text          0x9d0287d8       0xa8 c:/windows.prg/mplab883/mplab c32 suite v202/bin/../lib/gcc/pic32mx/4.5.1/../../../../pic32mx/lib\liblega-c.a(memset.o)
                0x9d0287d8                memset
 .text          0x9d028880      0x120 c:/windows.prg/mplab883/mplab c32 suite v202/bin/../lib/gcc/pic32mx/4.5.1/../../../../pic32mx/lib\liblega-c.a(strcmp.o)
                0x9d028880                strcmp
 .text          0x9d0289a0      0x1a0 c:/windows.prg/mplab883/mplab c32 suite v202/bin/../lib/gcc/pic32mx/4.5.1/../../../../pic32mx/lib\liblega-c.a(strcpy.o)
                0x9d0289a0                strcpy
 .text          0x9d028b40      0x168 c:/windows.prg/mplab883/mplab c32 suite v202/bin/../lib/gcc/pic32mx/4.5.1/../../../../pic32mx/lib\liblega-c.a(strlen.o)
                0x9d028b40                strlen
 .text          0x9d028ca8        0x0 c:/windows.prg/mplab883/mplab c32 suite v202/bin/../lib/gcc/pic32mx/4.5.1/../../../../pic32mx/lib\liblega-c.a(legacy-general-exception.o)
 .text.general_exception
                0x9d028ca8       0xd0 c:/windows.prg/mplab883/mplab c32 suite v202/bin/../lib/gcc/pic32mx/4.5.1/../../../../pic32mx/lib\liblega-c.a(legacy-general-exception.o)
                0x9d028ca8                _general_exception_context
 .text          0x9d028d78       0xb4 c:/windows.prg/mplab883/mplab c32 suite v202/bin/../lib/gcc/pic32mx/4.5.1/../../../../pic32mx/lib\liblega-c.a(strcat.o)
                0x9d028d78                strcat
 .text          0x9d028e2c       0xa4 c:/windows.prg/mplab883/mplab c32 suite v202/bin/../lib/gcc/pic32mx/4.5.1/../../../../pic32mx/lib\liblega-c.a(strncat.o)
                0x9d028e2c                strncat
 .text          0x9d028ed0       0xe4 c:/windows.prg/mplab883/mplab c32 suite v202/bin/../lib/gcc/pic32mx/4.5.1/../../../../pic32mx/lib\liblega-c.a(strncpy.o)
                0x9d028ed0                strncpy
 .text          0x9d028fb4       0xf0 c:/windows.prg/mplab883/mplab c32 suite v202/bin/../lib/gcc/pic32mx/4.5.1/../../../../pic32mx/lib\liblega-c.a(strchr.o)
                0x9d028fb4                strchr
 .text          0x9d0290a4       0x24 c:/windows.prg/mplab883/mplab c32 suite v202/bin/../lib/gcc/pic32mx/4.5.1/../../../../pic32mx/lib\liblega-c.a(strrchr.o)
                0x9d0290a4                strrchr
 .text          0x9d0290c8       0x70 c:/windows.prg/mplab883/mplab c32 suite v202/bin/../lib/gcc/pic32mx/4.5.1/../../../../pic32mx/lib\liblega-c.a(strcspn.o)
                0x9d0290c8                strcspn
 .text          0x9d029138       0x78 c:/windows.prg/mplab883/mplab c32 suite v202/bin/../lib/gcc/pic32mx/4.5.1/../../../../pic32mx/lib\liblega-c.a(strpbrk.o)
                0x9d029138                strpbrk
 .text          0x9d0291b0       0x7c c:/windows.prg/mplab883/mplab c32 suite v202/bin/../lib/gcc/pic32mx/4.5.1/../../../../pic32mx/lib\liblega-c.a(strstr.o)
                0x9d0291b0                strstr
 .text          0x9d02922c       0xd8 c:/windows.prg/mplab883/mplab c32 suite v202/bin/../lib/gcc/pic32mx/4.5.1/../../../../pic32mx/lib\liblega-c.a(strerror.o)
                0x9d02922c                strerror_r
                0x9d0292a0                strerror
 .text          0x9d029304       0x44 c:/windows.prg/mplab883/mplab c32 suite v202/bin/../lib/gcc/pic32mx/4.5.1/../../../../pic32mx/lib\liblega-c.a(memchr.o)
                0x9d029304                memchr
 .text          0x9d029348        0x8 c:/windows.prg/mplab883/mplab c32 suite v202/bin/../lib/gcc/pic32mx/4.5.1/../../../../pic32mx/lib\liblega-c.a(strcoll.o)
                0x9d029348                strcoll
 .text          0x9d029350       0x10 c:/windows.prg/mplab883/mplab c32 suite v202/bin/../lib/gcc/pic32mx/4.5.1/../../../../pic32mx/lib\liblega-c.a(exit.o)
                0x9d029350                exit
 .text          0x9d029360        0x0 c:/windows.prg/mplab883/mplab c32 suite v202/bin/../lib/gcc/pic32mx/4.5.1/../../../../pic32mx/lib\liblega-c.a(ctype.o)
 .text          0x9d029360      0x170 c:/windows.prg/mplab883/mplab c32 suite v202/bin/../lib/gcc/pic32mx/4.5.1/../../../../pic32mx/lib\liblega-c.a(ctypef.o)
                0x9d029360                tolower
                0x9d029384                toupper
                0x9d0293a8                isalnum
                0x9d0293c0                isalpha
                0x9d0293d8                isascii
                0x9d0293e0                iscntrl
                0x9d0293f8                isdigit
                0x9d029410                isgraph
                0x9d029428                islower
                0x9d029440                isprint
                0x9d029458                ispunct
                0x9d029470                isspace
                0x9d029488                isupper
                0x9d0294a0                isxdigit
                0x9d0294b8                toascii
                0x9d0294c0                _tolower
                0x9d0294c8                _toupper
 .text          0x9d0294d0      0xb90 c:/windows.prg/mplab883/mplab c32 suite v202/bin/../lib/gcc/pic32mx/4.5.1/../../../../pic32mx/lib\liblega-c.a(malloc.o)
                0x9d0294d0                malloc_trim
                0x9d0295e0                free
                0x9d029868                malloc
 .text          0x9d02a060      0x638 c:/windows.prg/mplab883/mplab c32 suite v202/bin/../lib/gcc/pic32mx/4.5.1/../../../../pic32mx/lib\liblega-c.a(malloc_realloc.o)
                0x9d02a060                realloc
 .text          0x9d02a698       0xb4 c:/windows.prg/mplab883/mplab c32 suite v202/bin/../lib/gcc/pic32mx/4.5.1/../../../../pic32mx/lib\liblega-c.a(rand.o)
                0x9d02a698                rand_r
                0x9d02a6b8                rand
                0x9d02a70c                srand
 .text          0x9d02a74c        0x0 c:/windows.prg/mplab883/mplab c32 suite v202/bin/../lib/gcc/pic32mx/4.5.1/../../../../pic32mx/lib\liblega-c.a(errno.o)
 .text          0x9d02a74c      0x270 c:/windows.prg/mplab883/mplab c32 suite v202/bin/../lib/gcc/pic32mx/4.5.1/../../../../pic32mx/lib\liblega-c.a(strtoul.o)
                0x9d02a74c                strtoul
 .text          0x9d02a9bc        0x8 c:/windows.prg/mplab883/mplab c32 suite v202/bin/../lib/gcc/pic32mx/4.5.1/../../../../pic32mx/lib\liblega-c.a(strtod.o)
                0x9d02a9bc                strtod
 .text          0x9d02a9c4        0x0 c:/windows.prg/mplab883/mplab c32 suite v202/bin/../lib/gcc/pic32mx/4.5.1/../../../../pic32mx/lib\liblega-c.a(_iobdata.o)
 .text          0x9d02a9c4      0x29c c:/windows.prg/mplab883/mplab c32 suite v202/bin/../lib/gcc/pic32mx/4.5.1/../../../../pic32mx/lib\liblega-c.a(_iobfuncs.o)
                0x9d02a9c4                _filbuf_simple
                0x9d02a9e4                _fflush_simple
                0x9d02aa64                _flsbuf_simple
                0x9d02ab6c                _fwrite_simple
                0x9d02abfc                _fsync_simple
                0x9d02ac28                _io_exit
 .text          0x9d02ac60       0x50 c:/windows.prg/mplab883/mplab c32 suite v202/bin/../lib/gcc/pic32mx/4.5.1/../../../../pic32mx/lib\liblega-c.a(rename.o)
                0x9d02ac60                rename
 .text          0x9d02acb0       0xdc c:/windows.prg/mplab883/mplab c32 suite v202/bin/../lib/gcc/pic32mx/4.5.1/../../../../pic32mx/lib\liblega-c.a(fflush.o)
                0x9d02acd8                _flslbuf
                0x9d02ad20                fflush
 .text          0x9d02ad8c       0x98 c:/windows.prg/mplab883/mplab c32 suite v202/bin/../lib/gcc/pic32mx/4.5.1/../../../../pic32mx/lib\liblega-c.a(_fwalk.o)
                0x9d02ad8c                _fwalk
 .text          0x9d02ae24       0xd0 c:/windows.prg/mplab883/mplab c32 suite v202/bin/../lib/gcc/pic32mx/4.5.1/../../../../pic32mx/lib\liblega-c.a(fputc.o)
                0x9d02ae24                fputc
                0x9d02aee0                putc
                0x9d02aee8                putchar
 .text          0x9d02aef4       0x98 c:/windows.prg/mplab883/mplab c32 suite v202/bin/../lib/gcc/pic32mx/4.5.1/../../../../pic32mx/lib\liblega-c.a(fputs.o)
                0x9d02aef4                fputs
                0x9d02af48                puts
 .text          0x9d02af8c       0x2c c:/windows.prg/mplab883/mplab c32 suite v202/bin/../lib/gcc/pic32mx/4.5.1/../../../../pic32mx/lib\liblega-c.a(fprintf.o)
                0x9d02af8c                fprintf
 .text          0x9d02afb8       0x2c c:/windows.prg/mplab883/mplab c32 suite v202/bin/../lib/gcc/pic32mx/4.5.1/../../../../pic32mx/lib\liblega-c.a(fscanf.o)
                0x9d02afb8                fscanf
 .text          0x9d02afe4       0xec c:/windows.prg/mplab883/mplab c32 suite v202/bin/../lib/gcc/pic32mx/4.5.1/../../../../pic32mx/lib\liblega-c.a(setvbuf.o)
                0x9d02afe4                setvbuf
                0x9d02b0c0                setbuf
 .text          0x9d02b0d0       0x3c c:/windows.prg/mplab883/mplab c32 suite v202/bin/../lib/gcc/pic32mx/4.5.1/../../../../pic32mx/lib\liblega-c.a(sprintf.o)
                0x9d02b0d0                sprintf
 .text          0x9d02b10c       0x34 c:/windows.prg/mplab883/mplab c32 suite v202/bin/../lib/gcc/pic32mx/4.5.1/../../../../pic32mx/lib\liblega-c.a(stdio_misc.o)
                0x9d02b10c                clearerr
                0x9d02b128                feof
                0x9d02b134                ferror
 .text          0x9d02b140       0x54 c:/windows.prg/mplab883/mplab c32 suite v202/bin/../lib/gcc/pic32mx/4.5.1/../../../../pic32mx/lib\liblega-c.a(tmpfile.o)
                0x9d02b140                tmpfile
 .text          0x9d02b194      0x1e8 c:/windows.prg/mplab883/mplab c32 suite v202/bin/../lib/gcc/pic32mx/4.5.1/../../../../pic32mx/lib\liblega-c.a(tmpnam.o)
                0x9d02b194                tmpnam
 .text          0x9d02b37c       0xf4 c:/windows.prg/mplab883/mplab c32 suite v202/bin/../lib/gcc/pic32mx/4.5.1/../../../../pic32mx/lib\liblega-c.a(ungetc.o)
                0x9d02b37c                ungetc
 .text          0x9d02b470       0x28 c:/windows.prg/mplab883/mplab c32 suite v202/bin/../lib/gcc/pic32mx/4.5.1/../../../../pic32mx/lib\liblega-c.a(snprintf.o)
                0x9d02b470                snprintf
 .text          0x9d02b498       0x60 c:/windows.prg/mplab883/mplab c32 suite v202/bin/../lib/gcc/pic32mx/4.5.1/../../../../pic32mx/lib\liblega-c.a(__vsnprintf.o)
                0x9d02b498                __vsnprintf
 .text          0x9d02b4f8      0xa0c c:/windows.prg/mplab883/mplab c32 suite v202/bin/../lib/gcc/pic32mx/4.5.1/../../../../pic32mx/lib\liblega-c.a(localtime.o)
                0x9d02b914                tzset
                0x9d02ba2c                localtime_r
                0x9d02ba6c                localtime
                0x9d02bac4                mktime
 .text          0x9d02bf04       0x94 c:/windows.prg/mplab883/mplab c32 suite v202/bin/../lib/gcc/pic32mx/4.5.1/../../../../pic32mx/lib\liblega-c.a(gmtime.o)
                0x9d02bf04                gmtime_r
                0x9d02bf40                gmtime
 .text          0x9d02bf98      0x364 c:/windows.prg/mplab883/mplab c32 suite v202/bin/../lib/gcc/pic32mx/4.5.1/../../../../pic32mx/lib\liblega-c.a(offtime.o)
                0x9d02bf98                offtime_r
                0x9d02c290                offtime
 .text          0x9d02c2fc       0x54 c:/windows.prg/mplab883/mplab c32 suite v202/bin/../lib/gcc/pic32mx/4.5.1/../../../../pic32mx/lib\liblega-c.a(difftime.o)
                0x9d02c2fc                difftime
 .text          0x9d02c350      0xb28 c:/windows.prg/mplab883/mplab c32 suite v202/bin/../lib/gcc/pic32mx/4.5.1/../../../../pic32mx/lib\liblega-c.a(strftime.o)
                0x9d02c350                strftime
 .text          0x9d02ce78       0x84 c:/windows.prg/mplab883/mplab c32 suite v202/bin/../lib/gcc/pic32mx/4.5.1/../../../../pic32mx/lib\liblega-c.a(clock.o)
                0x9d02ce78                clock
 .text          0x9d02cefc       0x58 c:/windows.prg/mplab883/mplab c32 suite v202/bin/../lib/gcc/pic32mx/4.5.1/../../../../pic32mx/lib\liblega-c.a(time.o)
                0x9d02cefc                time
 .text          0x9d02cf54       0xd4 c:/windows.prg/mplab883/mplab c32 suite v202/bin/../lib/gcc/pic32mx/4.5.1/../../../../pic32mx/lib\liblega-c.a(stubs.o)
                0x9d02cf54                pthread_mutex_init
                0x9d02cf54                _weak_pthread_mutex_init
                0x9d02cf5c                pthread_mutex_destroy
                0x9d02cf5c                _weak_pthread_mutex_destroy
                0x9d02cf64                pthread_mutex_lock
                0x9d02cf64                _weak_pthread_mutex_lock
                0x9d02cf6c                _weak_pthread_mutex_trylock
                0x9d02cf6c                pthread_mutex_trylock
                0x9d02cf74                _weak_pthread_mutex_unlock
                0x9d02cf74                pthread_mutex_unlock
                0x9d02cf7c                _weak_pthread_mutex_setname_np
                0x9d02cf7c                pthread_mutex_setname_np
                0x9d02cf84                pthread_mutexattr_init
                0x9d02cf84                _weak_pthread_mutexattr_init
                0x9d02cf8c                _weak_pthread_mutexattr_destroy
                0x9d02cf8c                pthread_mutexattr_destroy
                0x9d02cf94                pthread_mutexattr_setname_np
                0x9d02cf94                _weak_pthread_mutexattr_setname_np
                0x9d02cf9c                _weak_pthread_mutexattr_settype_np
                0x9d02cf9c                pthread_mutexattr_settype_np
                0x9d02cfa4                _weak_pthread_sysconf_np
                0x9d02cfa4                pthread_sysconf_np
                0x9d02cfac                pthread_sigdisable_np
                0x9d02cfac                _weak_pthread_sigdisable_np
                0x9d02cfb4                _weak_pthread_sigrestore_np
                0x9d02cfb4                pthread_sigrestore_np
                0x9d02cfbc                _weak__pthread_cleanup_push
                0x9d02cfbc                _pthread_cleanup_push
                0x9d02cfc4                _pthread_cleanup_pop
                0x9d02cfc4                _weak__pthread_cleanup_pop
                0x9d02cfcc                _weak__pthread_cleanup_push_defer
                0x9d02cfcc                _pthread_cleanup_push_defer
                0x9d02cfd4                _weak__pthread_cleanup_pop_restore
                0x9d02cfd4                _pthread_cleanup_pop_restore
                0x9d02cfdc                _pthread_once
                0x9d02cfdc                _weak_pthread_once
                0x9d02cfdc                pthread_once
                0x9d02d008                pthread_key_create
                0x9d02d008                _weak_pthread_key_create
                0x9d02d010                pthread_setspecific
                0x9d02d010                _weak_pthread_setspecific
                0x9d02d018                pthread_getspecific
                0x9d02d018                _weak_pthread_getspecific
                0x9d02d020                _weak__libc_private_storage
                0x9d02d020                _libc_private_storage
 .text          0x9d02d028      0x308 c:/windows.prg/mplab883/mplab c32 suite v202/bin/../lib/gcc/pic32mx/4.5.1/../../../../pic32mx/lib\liblega-c.a(sbrk.o)
                0x9d02d028                getpagesize
                0x9d02d030                _sbd_memlayout
                0x9d02d030                _stub_sbd_memlayout
                0x9d02d05c                _sbrk_init
                0x9d02d1d8                _sbrk
                0x9d02d2e0                sbrk
 .text          0x9d02d330        0x8 c:/windows.prg/mplab883/mplab c32 suite v202/bin/../lib/gcc/pic32mx/4.5.1/../../../../pic32mx/lib\liblega-c.a(default-general-exception-handler.o)
                0x9d02d330                _general_exception_handler
 .text          0x9d02d338        0x8 c:/windows.prg/mplab883/mplab c32 suite v202/bin/../lib/gcc/pic32mx/4.5.1/../../../../pic32mx/lib\liblega-c.a(default-bootstrap-exception-handler.o)
                0x9d02d338                _bootstrap_exception_handler
 .text          0x9d02d340        0x8 c:/windows.prg/mplab883/mplab c32 suite v202/bin/../lib/gcc/pic32mx/4.5.1/../../../../pic32mx/lib\liblega-c.a(default-on-reset.o)
                0x9d02d340                _on_reset
 .text          0x9d02d348        0x8 c:/windows.prg/mplab883/mplab c32 suite v202/bin/../lib/gcc/pic32mx/4.5.1/../../../../pic32mx/lib\liblega-c.a(default-on-bootstrap.o)
                0x9d02d348                _on_bootstrap
 .text          0x9d02d350       0x18 c:/windows.prg/mplab883/mplab c32 suite v202/bin/../lib/gcc/pic32mx/4.5.1/../../../../pic32mx/lib\liblega-c.a(default-nmi-handler.o)
                0x9d02d350                _nmi_handler
 .text          0x9d02d368        0x8 c:/windows.prg/mplab883/mplab c32 suite v202/bin/../lib/gcc/pic32mx/4.5.1/../../../../pic32mx/lib\liblega-c.a(_exit.o)
                0x9d02d368                _exit
 .text          0x9d02d370        0xc c:/windows.prg/mplab883/mplab c32 suite v202/bin/../lib/gcc/pic32mx/4.5.1/../../../../pic32mx/lib\liblega-c.a(system.o)
                0x9d02d370                system
 .text          0x9d02d37c        0x8 c:/windows.prg/mplab883/mplab c32 suite v202/bin/../lib/gcc/pic32mx/4.5.1/../../../../pic32mx/lib\liblega-c.a(getenv.o)
                0x9d02d37c                _weak_getenv
                0x9d02d37c                getenv
 .text          0x9d02d384        0x8 c:/windows.prg/mplab883/mplab c32 suite v202/bin/../lib/gcc/pic32mx/4.5.1/../../../../pic32mx/lib\liblega-c.a(signal.o)
                0x9d02d384                signal
                0x9d02d384                _weak_signal
 .text          0x9d02d38c        0x8 c:/windows.prg/mplab883/mplab c32 suite v202/bin/../lib/gcc/pic32mx/4.5.1/../../../../pic32mx/lib\liblega-c.a(localeconv.o)
                0x9d02d38c                localeconv
                0x9d02d38c                _weak_localeconv
 .text          0x9d02d394        0x8 c:/windows.prg/mplab883/mplab c32 suite v202/bin/../lib/gcc/pic32mx/4.5.1/../../../../pic32mx/lib\liblega-c.a(setlocale.o)
                0x9d02d394                setlocale
                0x9d02d394                _weak_setlocale
 .text          0x9d02d39c        0x8 c:/windows.prg/mplab883/mplab c32 suite v202/bin/../lib/gcc/pic32mx/4.5.1/../../../../pic32mx/lib\liblega-c.a(_mon_getc.o)
                0x9d02d39c                _mon_getc
 .text          0x9d02d3a4       0x50 c:/windows.prg/mplab883/mplab c32 suite v202/bin/../lib/gcc/pic32mx/4.5.1/../../../../pic32mx/lib\liblega-c.a(_mon_write.o)
                0x9d02d3a4                _mon_write
 .text          0x9d02d3f4       0x58 c:/windows.prg/mplab883/mplab c32 suite v202/bin/../lib/gcc/pic32mx/4.5.1/../../../../pic32mx/lib\liblega-c.a(memmove.o)
                0x9d02d3f4                memmove
 .text          0x9d02d44c       0x9c c:/windows.prg/mplab883/mplab c32 suite v202/bin/../lib/gcc/pic32mx/4.5.1/../../../../pic32mx/lib\liblega-c.a(fullexit.o)
                0x9d02d44c                _fullexit
 .text          0x9d02d4e8       0xc4 c:/windows.prg/mplab883/mplab c32 suite v202/bin/../lib/gcc/pic32mx/4.5.1/../../../../pic32mx/lib\liblega-c.a(_bufproc.o)
                0x9d02d4e8                _bufalloc
                0x9d02d54c                _buffree
 .text          0x9d02d5ac     0x1cd8 c:/windows.prg/mplab883/mplab c32 suite v202/bin/../lib/gcc/pic32mx/4.5.1/../../../../pic32mx/lib\liblega-c.a(_doprnt.o)
                0x9d02e7a0                vfprintf
 .text          0x9d02f284     0x1188 c:/windows.prg/mplab883/mplab c32 suite v202/bin/../lib/gcc/pic32mx/4.5.1/../../../../pic32mx/lib\liblega-c.a(_doscan.o)
                0x9d02f70c                vfscanf
 .text          0x9d03040c      0x150 c:/windows.prg/mplab883/mplab c32 suite v202/bin/../lib/gcc/pic32mx/4.5.1/../../../../pic32mx/lib\liblega-c.a(_ioinit.o)
                0x9d03040c                _i_init
                0x9d0304b0                _o_init
 .text          0x9d03055c       0x28 c:/windows.prg/mplab883/mplab c32 suite v202/bin/../lib/gcc/pic32mx/4.5.1/../../../../pic32mx/lib\liblega-c.a(_iobstring.o)
 .text          0x9d030584       0x24 c:/windows.prg/mplab883/mplab c32 suite v202/bin/../lib/gcc/pic32mx/4.5.1/../../../../pic32mx/lib\liblega-c.a(_cleanup.o)
                0x9d030584                _cleanup
 .text          0x9d0305a8        0x8 c:/windows.prg/mplab883/mplab c32 suite v202/bin/../lib/gcc/pic32mx/4.5.1/../../../../pic32mx/lib\liblega-c.a(isatty.o)
                0x9d0305a8                _weak_isatty
                0x9d0305a8                isatty
 .text          0x9d0305b0      0x26c c:/windows.prg/mplab883/mplab c32 suite v202/bin/../lib/gcc/pic32mx/4.5.1/../../../../pic32mx/lib\liblega-c.a(strtol.o)
                0x9d0305b0                strtol
 .text          0x9d03081c      0x39c c:/windows.prg/mplab883/mplab c32 suite v202/bin/../lib/gcc/pic32mx/4.5.1/../../../../pic32mx/lib\liblega-c.a(strtoll.o)
                0x9d03081c                strtoll
 .text          0x9d030bb8      0x310 c:/windows.prg/mplab883/mplab c32 suite v202/bin/../lib/gcc/pic32mx/4.5.1/../../../../pic32mx/lib\liblega-c.a(strtoull.o)
                0x9d030bb8                strtoull
 .text          0x9d030ec8        0x8 c:/windows.prg/mplab883/mplab c32 suite v202/bin/../lib/gcc/pic32mx/4.5.1/../../../../pic32mx/lib\liblega-c.a(strtof.o)
                0x9d030ec8                strtof
 .text          0x9d030ed0      0x588 c:/windows.prg/mplab883/mplab c32 suite v202/bin/../lib/gcc/pic32mx/4.5.1/../../../../pic32mx/lib\libm.a(hyp32.o)
                0x9d030ed0                __mchp_cosh
                0x9d030ed0                dpcosh
                0x9d031058                __mchp_sinh
                0x9d031058                dpsinh
                0x9d031260                dptanh
                0x9d031260                tanh
 .text          0x9d031458        0x0 c:/windows.prg/mplab883/mplab c32 suite v202/bin/../lib/gcc/pic32mx/4.5.1/../../../../pic32mx/lib\libm.a(w_cosh.o)
 .text.cosh     0x9d031458       0x60 c:/windows.prg/mplab883/mplab c32 suite v202/bin/../lib/gcc/pic32mx/4.5.1/../../../../pic32mx/lib\libm.a(w_cosh.o)
                0x9d031458                cosh
 .text          0x9d0314b8        0x0 c:/windows.prg/mplab883/mplab c32 suite v202/bin/../lib/gcc/pic32mx/4.5.1/../../../../pic32mx/lib\libm.a(w_sinh.o)
 .text.sinh     0x9d0314b8       0x60 c:/windows.prg/mplab883/mplab c32 suite v202/bin/../lib/gcc/pic32mx/4.5.1/../../../../pic32mx/lib\libm.a(w_sinh.o)
                0x9d0314b8                sinh
 .text          0x9d031518      0x340 c:/windows.prg/mplab883/mplab c32 suite v202/bin/../lib/gcc/pic32mx/4.5.1/../../../../pic32mx/lib\libm.a(exp32.o)
                0x9d031518                exexp
                0x9d0316fc                __mchp_exp
                0x9d0316fc                dpexp
 .text          0x9d031858        0x0 c:/windows.prg/mplab883/mplab c32 suite v202/bin/../lib/gcc/pic32mx/4.5.1/../../../../pic32mx/lib\libm.a(w_exp.o)
 .text.exp      0x9d031858       0x60 c:/windows.prg/mplab883/mplab c32 suite v202/bin/../lib/gcc/pic32mx/4.5.1/../../../../pic32mx/lib\libm.a(w_exp.o)
                0x9d031858                exp
 .text          0x9d0318b8      0x5c8 c:/windows.prg/mplab883/mplab c32 suite v202/bin/../lib/gcc/pic32mx/4.5.1/../../../../pic32mx/lib\libm.a(mod32.o)
                0x9d0318b8                fmod
                0x9d0318b8                dpfmod
                0x9d031b58                frexp
                0x9d031b58                dpfrexp
                0x9d031bfc                __mchp_ldexp
                0x9d031bfc                dpldexp
                0x9d031d64                modf
                0x9d031d64                dpmodf
 .text          0x9d031e80        0x0 c:/windows.prg/mplab883/mplab c32 suite v202/bin/../lib/gcc/pic32mx/4.5.1/../../../../pic32mx/lib\libm.a(w_ldexp.o)
 .text.ldexp    0x9d031e80       0x60 c:/windows.prg/mplab883/mplab c32 suite v202/bin/../lib/gcc/pic32mx/4.5.1/../../../../pic32mx/lib\libm.a(w_ldexp.o)
                0x9d031e80                ldexp
 .text          0x9d031ee0      0x108 c:/windows.prg/mplab883/mplab c32 suite v202/bin/../lib/gcc/pic32mx/4.5.1/../../../../pic32mx/lib\libm.a(floor32.o)
                0x9d031ee0                dpfloor
                0x9d031ee0                floor
 .text          0x9d031fe8        0x0 c:/windows.prg/mplab883/mplab c32 suite v202/bin/../lib/gcc/pic32mx/4.5.1/../../../../pic32mx/lib\libm.a(w_pow.o)
 .text.pow      0x9d031fe8      0x18c c:/windows.prg/mplab883/mplab c32 suite v202/bin/../lib/gcc/pic32mx/4.5.1/../../../../pic32mx/lib\libm.a(w_pow.o)
                0x9d031fe8                pow
 .text          0x9d032174        0x0 c:/windows.prg/mplab883/mplab c32 suite v202/bin/../lib/gcc/pic32mx/4.5.1/../../../../pic32mx/lib\libm.a(w_log.o)
 .text.log      0x9d032174       0xcc c:/windows.prg/mplab883/mplab c32 suite v202/bin/../lib/gcc/pic32mx/4.5.1/../../../../pic32mx/lib\libm.a(w_log.o)
                0x9d032174                log
 .text          0x9d032240        0x0 c:/windows.prg/mplab883/mplab c32 suite v202/bin/../lib/gcc/pic32mx/4.5.1/../../../../pic32mx/lib\libm.a(w_log10.o)
 .text.log10    0x9d032240       0xcc c:/windows.prg/mplab883/mplab c32 suite v202/bin/../lib/gcc/pic32mx/4.5.1/../../../../pic32mx/lib\libm.a(w_log10.o)
                0x9d032240                log10
 .text          0x9d03230c      0x384 c:/windows.prg/mplab883/mplab c32 suite v202/bin/../lib/gcc/pic32mx/4.5.1/../../../../pic32mx/lib\libm.a(arc32.o)
                0x9d03230c                exatan
                0x9d0325cc                dpatan
                0x9d0325cc                atan
 .text          0x9d032690        0x0 c:/windows.prg/mplab883/mplab c32 suite v202/bin/../lib/gcc/pic32mx/4.5.1/../../../../pic32mx/lib\libm.a(w_acos32.o)
 .text.acos     0x9d032690       0x90 c:/windows.prg/mplab883/mplab c32 suite v202/bin/../lib/gcc/pic32mx/4.5.1/../../../../pic32mx/lib\libm.a(w_acos32.o)
                0x9d032690                acos
 .text          0x9d032720      0x360 c:/windows.prg/mplab883/mplab c32 suite v202/bin/../lib/gcc/pic32mx/4.5.1/../../../../pic32mx/lib\libm.a(acos32.o)
                0x9d032720                dpacos
                0x9d032720                __mchp_acos
 .text          0x9d032a80        0x0 c:/windows.prg/mplab883/mplab c32 suite v202/bin/../lib/gcc/pic32mx/4.5.1/../../../../pic32mx/lib\libm.a(w_asin32.o)
 .text.asin     0x9d032a80       0x90 c:/windows.prg/mplab883/mplab c32 suite v202/bin/../lib/gcc/pic32mx/4.5.1/../../../../pic32mx/lib\libm.a(w_asin32.o)
                0x9d032a80                asin
 .text          0x9d032b10      0x29c c:/windows.prg/mplab883/mplab c32 suite v202/bin/../lib/gcc/pic32mx/4.5.1/../../../../pic32mx/lib\libm.a(asin32.o)
                0x9d032b10                dpasin
                0x9d032b10                __mchp_asin
 .text          0x9d032dac        0x0 c:/windows.prg/mplab883/mplab c32 suite v202/bin/../lib/gcc/pic32mx/4.5.1/../../../../pic32mx/lib\libm.a(w_atan32.o)
 .text.atan2    0x9d032dac       0xbc c:/windows.prg/mplab883/mplab c32 suite v202/bin/../lib/gcc/pic32mx/4.5.1/../../../../pic32mx/lib\libm.a(w_atan32.o)
                0x9d032dac                atan2
 .text          0x9d032e68      0x2e0 c:/windows.prg/mplab883/mplab c32 suite v202/bin/../lib/gcc/pic32mx/4.5.1/../../../../pic32mx/lib\libm.a(atan32.o)
                0x9d032e68                __mchp_atan2
                0x9d032e68                dpatan2
 .text          0x9d033148        0x0 c:/windows.prg/mplab883/mplab c32 suite v202/bin/../lib/gcc/pic32mx/4.5.1/../../../../pic32mx/lib\libm.a(asncon32.o)
 .text          0x9d033148      0x20c c:/windows.prg/mplab883/mplab c32 suite v202/bin/../lib/gcc/pic32mx/4.5.1/../../../../pic32mx/lib\libm.a(tan32.o)
                0x9d033148                dptan
                0x9d033148                tan
 .text          0x9d033354      0x1a8 c:/windows.prg/mplab883/mplab c32 suite v202/bin/../lib/gcc/pic32mx/4.5.1/../../../../pic32mx/lib\libm.a(cos32.o)
                0x9d033354                cos
                0x9d033354                dpcos
 .text          0x9d0334fc      0x1a0 c:/windows.prg/mplab883/mplab c32 suite v202/bin/../lib/gcc/pic32mx/4.5.1/../../../../pic32mx/lib\libm.a(sin32.o)
                0x9d0334fc                sin
                0x9d0334fc                dpsin
 .text          0x9d03369c      0x1b4 c:/windows.prg/mplab883/mplab c32 suite v202/bin/../lib/gcc/pic32mx/4.5.1/../../../../pic32mx/lib\libm.a(reduct32.o)
                0x9d03369c                reduct
 .text          0x9d033850        0x0 c:/windows.prg/mplab883/mplab c32 suite v202/bin/../lib/gcc/pic32mx/4.5.1/../../../../pic32mx/lib\libm.a(sincos32.o)
 .text          0x9d033850      0x5d4 c:/windows.prg/mplab883/mplab c32 suite v202/bin/../lib/gcc/pic32mx/4.5.1/../../../../pic32mx/lib\libm.a(func32.o)
                0x9d033850                sigmax
                0x9d033958                exmul
                0x9d033a24                exadd
                0x9d033b10                exsub
                0x9d033bc0                exdiv
 .text          0x9d033e24       0xfc c:/windows.prg/mplab883/mplab c32 suite v202/bin/../lib/gcc/pic32mx/4.5.1/../../../../pic32mx/lib\libm.a(ceil32.o)
                0x9d033e24                dpceil
                0x9d033e24                ceil
 .text          0x9d033f20     0x1128 c:/windows.prg/mplab883/mplab c32 suite v202/bin/../lib/gcc/pic32mx/4.5.1/../../../../pic32mx/lib\libm.a(dp32.o)
                0x9d033f20                __subdf3
                0x9d033f20                dpsub
                0x9d033f28                dpadd
                0x9d033f28                __adddf3
                0x9d03434c                dpmul
                0x9d03434c                __muldf3
                0x9d034674                dpdiv
                0x9d034674                __divdf3
                0x9d034b28                __floatsidf
                0x9d034b28                litodp
                0x9d034b9c                ultodp
                0x9d034bec                fptodp
                0x9d034bec                __extendsfdf2
                0x9d034c90                __truncdfsf2
                0x9d034c90                dptofp
                0x9d034d88                dptoli
                0x9d034d88                __fixdfsi
                0x9d034e10                __fixunsdfsi
                0x9d034e10                dptoul
                0x9d034e94                __nedf2
                0x9d034e94                __gtdf2
                0x9d034e94                __ledf2
                0x9d034e94                __ltdf2
                0x9d034e94                __gedf2
                0x9d034e94                dpcmp
                0x9d034e94                __eqdf2
                0x9d034fb8                __negdf2
                0x9d034fd0                fabs
                0x9d034fd0                dpfabs
                0x9d034fec                nan
                0x9d034fec                dpnan
 .text          0x9d035048      0x5bc c:/windows.prg/mplab883/mplab c32 suite v202/bin/../lib/gcc/pic32mx/4.5.1/../../../../pic32mx/lib\libm.a(sqrt32.o)
                0x9d035048                exsqrt
                0x9d0352e0                __mchp_sqrt
                0x9d0352e0                dpsqrt
 .text          0x9d035604        0x0 c:/windows.prg/mplab883/mplab c32 suite v202/bin/../lib/gcc/pic32mx/4.5.1/../../../../pic32mx/lib\libm.a(w_sqrt.o)
 .text.sqrt     0x9d035604       0x60 c:/windows.prg/mplab883/mplab c32 suite v202/bin/../lib/gcc/pic32mx/4.5.1/../../../../pic32mx/lib\libm.a(w_sqrt.o)
                0x9d035604                sqrt
 .text          0x9d035664        0x0 c:/windows.prg/mplab883/mplab c32 suite v202/bin/../lib/gcc/pic32mx/4.5.1/../../../../pic32mx/lib\libm.a(s_lib_ver.o)
 .text          0x9d035664      0x520 c:/windows.prg/mplab883/mplab c32 suite v202/bin/../lib/gcc/pic32mx/4.5.1/../../../../pic32mx/lib\libm.a(pow32.o)
                0x9d035664                dppow
                0x9d035664                __mchp_pow
 .text          0x9d035b84      0x5d8 c:/windows.prg/mplab883/mplab c32 suite v202/bin/../lib/gcc/pic32mx/4.5.1/../../../../pic32mx/lib\libm.a(log32.o)
                0x9d035b84                exlog
                0x9d035e6c                __mchp_log
                0x9d035e6c                dplog
                0x9d035fc8                __mchp_log10
                0x9d035fc8                dplog10
 .text          0x9d03615c        0x0 c:/windows.prg/mplab883/mplab c32 suite v202/bin/../lib/gcc/pic32mx/4.5.1/../../../../pic32mx/lib\libe.a(_strtod.o)
 .text.__strtod
                0x9d03615c      0x3f0 c:/windows.prg/mplab883/mplab c32 suite v202/bin/../lib/gcc/pic32mx/4.5.1/../../../../pic32mx/lib\libe.a(_strtod.o)
                0x9d03615c                __strtod
 .text          0x9d03654c        0x0 c:/windows.prg/mplab883/mplab c32 suite v202/bin/../lib/gcc/pic32mx/4.5.1/../../../../pic32mx/lib\libe.a(_strtof.o)
 .text.__strtof
                0x9d03654c      0x35c c:/windows.prg/mplab883/mplab c32 suite v202/bin/../lib/gcc/pic32mx/4.5.1/../../../../pic32mx/lib\libe.a(_strtof.o)
                0x9d03654c                __strtof
 .text          0x9d0368a8        0x0 c:/windows.prg/mplab883/mplab c32 suite v202/bin/../lib/gcc/pic32mx/4.5.1/../../../../pic32mx/lib\libe.a(_floatsisf.o)
 .text.__floatsisf
                0x9d0368a8      0x164 c:/windows.prg/mplab883/mplab c32 suite v202/bin/../lib/gcc/pic32mx/4.5.1/../../../../pic32mx/lib\libe.a(_floatsisf.o)
                0x9d0368a8                __floatsisf
 .text          0x9d036a0c        0x0 c:/windows.prg/mplab883/mplab c32 suite v202/bin/../lib/gcc/pic32mx/4.5.1/../../../../pic32mx/lib\libe.a(_addsf3.o)
 .text.__addsf3
                0x9d036a0c      0x2b4 c:/windows.prg/mplab883/mplab c32 suite v202/bin/../lib/gcc/pic32mx/4.5.1/../../../../pic32mx/lib\libe.a(_addsf3.o)
                0x9d036a0c                __addsf3
 .text.__subsf3
                0x9d036cc0        0xc c:/windows.prg/mplab883/mplab c32 suite v202/bin/../lib/gcc/pic32mx/4.5.1/../../../../pic32mx/lib\libe.a(_addsf3.o)
                0x9d036cc0                __subsf3
 .text          0x9d036ccc        0x0 c:/windows.prg/mplab883/mplab c32 suite v202/bin/../lib/gcc/pic32mx/4.5.1/../../../../pic32mx/lib\libe.a(_negsf2.o)
 .text.__negsf2
                0x9d036ccc        0xc c:/windows.prg/mplab883/mplab c32 suite v202/bin/../lib/gcc/pic32mx/4.5.1/../../../../pic32mx/lib\libe.a(_negsf2.o)
                0x9d036ccc                __negsf2
 .text          0x9d036cd8        0x0 c:/windows.prg/mplab883/mplab c32 suite v202/bin/../lib/gcc/pic32mx/4.5.1/../../../../pic32mx/lib\libe.a(_mulsf3.o)
 .text.__mulsf3
                0x9d036cd8      0x258 c:/windows.prg/mplab883/mplab c32 suite v202/bin/../lib/gcc/pic32mx/4.5.1/../../../../pic32mx/lib\libe.a(_mulsf3.o)
                0x9d036cd8                __mulsf3
 .text          0x9d036f30        0x0 c:/windows.prg/mplab883/mplab c32 suite v202/bin/../lib/gcc/pic32mx/4.5.1/../../../../pic32mx/lib\libe.a(_divsf3.o)
 .text.__divsf3
                0x9d036f30      0x280 c:/windows.prg/mplab883/mplab c32 suite v202/bin/../lib/gcc/pic32mx/4.5.1/../../../../pic32mx/lib\libe.a(_divsf3.o)
                0x9d036f30                __divsf3
 .text          0x9d0371b0        0x0 c:/windows.prg/mplab883/mplab c32 suite v202/bin/../lib/gcc/pic32mx/4.5.1/../../../../pic32mx/lib\libe.a(_ldexp.o)
 .text.__ldexp  0x9d0371b0      0x1d4 c:/windows.prg/mplab883/mplab c32 suite v202/bin/../lib/gcc/pic32mx/4.5.1/../../../../pic32mx/lib\libe.a(_ldexp.o)
                0x9d0371b0                __ldexp
 .text          0x9d037384        0x0 c:/windows.prg/mplab883/mplab c32 suite v202/bin/../lib/gcc/pic32mx/4.5.1/../../../../pic32mx/lib\libe.a(_ldexpf.o)
 .text.__ldexpf
                0x9d037384      0x104 c:/windows.prg/mplab883/mplab c32 suite v202/bin/../lib/gcc/pic32mx/4.5.1/../../../../pic32mx/lib\libe.a(_ldexpf.o)
                0x9d037384                __ldexpf
 .text          0x9d037488        0x0 c:/windows.prg/mplab883/mplab c32 suite v202/bin/../lib/gcc/pic32mx/4.5.1/../../../../pic32mx/lib\libmchp_peripheral_32MX795F512L.a(pcache.o)
 .text.CheKseg0CacheOff
                0x9d037488       0x18 c:/windows.prg/mplab883/mplab c32 suite v202/bin/../lib/gcc/pic32mx/4.5.1/../../../../pic32mx/lib\libmchp_peripheral_32MX795F512L.a(pcache.o)
                0x9d037488                CheKseg0CacheOff
 .text.CheKseg0CacheOn
                0x9d0374a0       0x18 c:/windows.prg/mplab883/mplab c32 suite v202/bin/../lib/gcc/pic32mx/4.5.1/../../../../pic32mx/lib\libmchp_peripheral_32MX795F512L.a(pcache.o)
                0x9d0374a0                CheKseg0CacheOn
 .text          0x9d0374b8        0x0 c:/windows.prg/mplab883/mplab c32 suite v202/bin/../lib/gcc/pic32mx/4.5.1/../../../../pic32mx/lib\libmchp_peripheral_32MX795F512L.a(int_enable_interrupts_lib.o)
 .text.INTEnableInterrupts
                0x9d0374b8        0x8 c:/windows.prg/mplab883/mplab c32 suite v202/bin/../lib/gcc/pic32mx/4.5.1/../../../../pic32mx/lib\libmchp_peripheral_32MX795F512L.a(int_enable_interrupts_lib.o)
                0x9d0374b8                INTEnableInterrupts
 .text          0x9d0374c0        0x0 c:/windows.prg/mplab883/mplab c32 suite v202/bin/../lib/gcc/pic32mx/4.5.1/../../../../pic32mx/lib\libmchp_peripheral_32MX795F512L.a(int_disable_interrupts_lib.o)
 .text.INTDisableInterrupts
                0x9d0374c0        0x8 c:/windows.prg/mplab883/mplab c32 suite v202/bin/../lib/gcc/pic32mx/4.5.1/../../../../pic32mx/lib\libmchp_peripheral_32MX795F512L.a(int_disable_interrupts_lib.o)
                0x9d0374c0                INTDisableInterrupts
 .text          0x9d0374c8        0x0 c:/windows.prg/mplab883/mplab c32 suite v202/bin/../lib/gcc/pic32mx/4.5.1/../../../../pic32mx/lib\libmchp_peripheral_32MX795F512L.a(int_restore_interrupts_lib.o)
 .text.INTRestoreInterrupts
                0x9d0374c8       0x1c c:/windows.prg/mplab883/mplab c32 suite v202/bin/../lib/gcc/pic32mx/4.5.1/../../../../pic32mx/lib\libmchp_peripheral_32MX795F512L.a(int_restore_interrupts_lib.o)
                0x9d0374c8                INTRestoreInterrupts
 .text          0x9d0374e4        0x0 c:/windows.prg/mplab883/mplab c32 suite v202/bin/../lib/gcc/pic32mx/4.5.1/../../../../pic32mx/lib\libmchp_peripheral_32MX795F512L.a(int_enable_mv_int_lib.o)
 .text.INTEnableSystemMultiVectoredInt
                0x9d0374e4       0x34 c:/windows.prg/mplab883/mplab c32 suite v202/bin/../lib/gcc/pic32mx/4.5.1/../../../../pic32mx/lib\libmchp_peripheral_32MX795F512L.a(int_enable_mv_int_lib.o)
                0x9d0374e4                INTEnableSystemMultiVectoredInt
 .text          0x9d037518        0x0 c:/windows.prg/mplab883/mplab c32 suite v202/bin/../lib/gcc/pic32mx/4.5.1/../../../../pic32mx/lib\libmchp_peripheral_32MX795F512L.a(spi_getc_spi2_lib_legacy.o)
 .text.getcSPI2
                0x9d037518       0x20 c:/windows.prg/mplab883/mplab c32 suite v202/bin/../lib/gcc/pic32mx/4.5.1/../../../../pic32mx/lib\libmchp_peripheral_32MX795F512L.a(spi_getc_spi2_lib_legacy.o)
                0x9d037518                getcSPI2
 .text          0x9d037538        0x0 c:/windows.prg/mplab883/mplab c32 suite v202/bin/../lib/gcc/pic32mx/4.5.1/../../../../pic32mx/lib\libmchp_peripheral_32MX795F512L.a(spi_open_spi2_lib_legacy.o)
 .text.OpenSPI2
                0x9d037538       0x60 c:/windows.prg/mplab883/mplab c32 suite v202/bin/../lib/gcc/pic32mx/4.5.1/../../../../pic32mx/lib\libmchp_peripheral_32MX795F512L.a(spi_open_spi2_lib_legacy.o)
                0x9d037538                OpenSPI2
 .text          0x9d037598        0x0 c:/windows.prg/mplab883/mplab c32 suite v202/bin/../lib/gcc/pic32mx/4.5.1/../../../../pic32mx/lib\libmchp_peripheral_32MX795F512L.a(spi_brg_tbl_lib_legacy.o)
 .text          0x9d037598      0x1b0 c:/windows.prg/mplab883/mplab c32 suite v202/bin/../lib/gcc/pic32mx/4.5.1/../../../../pic32mx/lib\liblega-c.a(isinf.o)
                0x9d037598                isnanl
                0x9d0375c0                isnan
                0x9d0375e4                isnanf
                0x9d037618                isinfl
                0x9d037640                isinf
                0x9d0376c0                isinff
 .text          0x9d037748        0x0 c:/windows.prg/mplab883/mplab c32 suite v202/bin/../lib/gcc/pic32mx/4.5.1/../../../../pic32mx/lib\libe.a(_unorddf2.o)
 .text.__unorddf2
                0x9d037748       0x64 c:/windows.prg/mplab883/mplab c32 suite v202/bin/../lib/gcc/pic32mx/4.5.1/../../../../pic32mx/lib\libe.a(_unorddf2.o)
                0x9d037748                __unorddf2
 .text          0x9d0377ac       0x44 c:/windows.prg/mplab883/mplab c32 suite v202/bin/../lib/gcc/pic32mx/4.5.1\libgcc.a(_lshrdi3.o)
                0x9d0377ac                __lshrdi3
 .text          0x9d0377f0       0x44 c:/windows.prg/mplab883/mplab c32 suite v202/bin/../lib/gcc/pic32mx/4.5.1\libgcc.a(_ashldi3.o)
                0x9d0377f0                __ashldi3
 .text          0x9d037834      0x4ac c:/windows.prg/mplab883/mplab c32 suite v202/bin/../lib/gcc/pic32mx/4.5.1\libgcc.a(_divdi3.o)
                0x9d037834                __divdi3
 .text          0x9d037ce0      0x448 c:/windows.prg/mplab883/mplab c32 suite v202/bin/../lib/gcc/pic32mx/4.5.1\libgcc.a(_udivdi3.o)
                0x9d037ce0                __udivdi3
 .text          0x9d038128      0x46c c:/windows.prg/mplab883/mplab c32 suite v202/bin/../lib/gcc/pic32mx/4.5.1\libgcc.a(_umoddi3.o)
                0x9d038128                __umoddi3
 *(.text.*personality*)
 *(.gnu.warning)
 *(.mips16.fn.*)
 *(.mips16.call.*)
                0x9d038594                _text_end = .

.init
 *crti.o(.init)
 *crtbegin.o(.init)
 *(EXCLUDE_FILE(*crtn.o *crtend?.o *crtend.o) .init)
 *crtend.o(.init)
 *crtn.o(.init)

.fini
 *(.fini)

.preinit_array  0x9d038594        0x0
                0x9d038594                PROVIDE (__preinit_array_start, .)
 *(.preinit_array)
                0x9d038594                PROVIDE (__preinit_array_end, .)
 *(.preinit_array)

.init_array     0x9d038594        0x0
                0x9d038594                PROVIDE (__init_array_start, .)
 *(SORT(.init_array.*))
 *(.init_array)
                0x9d038594                PROVIDE (__init_array_end, .)

.fini_array     0x9d038594        0x0
                0x9d038594                PROVIDE (__fini_array_start, .)
 *(SORT(.fini_array.*))
 *(.fini_array)
                0x9d038594                PROVIDE (__fini_array_end, .)

.ctors
 *crtbegin.o(.ctors)
 *crtbegin?.o(.ctors)
 *(EXCLUDE_FILE(*crtend?.o *crtend.o) .ctors)
 *(SORT(.ctors.*))
 *(.ctors)

.dtors
 *crtbegin.o(.dtors)
 *crtbegin?.o(.dtors)
 *(EXCLUDE_FILE(*crtend?.o *crtend.o) .dtors)
 *(SORT(.dtors.*))
 *(.dtors)

.rodata         0x9d038598     0x3d30
 *(.rodata .rodata.* .gnu.linkonce.r.*)
 .rodata        0x9d038598       0xbc obj\lapi.o
                0x9d0385c4                lua_ident
 .rodata        0x9d038654      0x148 obj\lauxlib.o
 *fill*         0x9d03879c        0x4 00
 .rodata        0x9d0387a0      0x598 obj\lbaselib.o
 .rodata        0x9d038d38       0x6c obj\lcode.o
 .rodata        0x9d038da4      0x30c obj\ldblib.o
 .rodata        0x9d0390b0      0x124 obj\ldebug.o
 .rodata        0x9d0391d4       0xb8 obj\ldo.o
 .rodata        0x9d03928c       0x5c obj\linit.o
 .rodata        0x9d0392e8      0x2cc obj\liolib.o
 .rodata        0x9d0395b4      0x270 obj\llex.o
                0x9d0397a4                luaX_tokens
 *fill*         0x9d039824        0x4 00
 .rodata        0x9d039828      0x218 obj\lmathlib.o
 .rodata        0x9d039a40       0x28 obj\lmem.o
 .rodata        0x9d039a68      0x3e4 obj\loadlib.o
 *fill*         0x9d039e4c        0x4 00
 .rodata        0x9d039e50      0x140 obj\lobject.o
                0x9d039e80                luaO_nilobject_
 .rodata        0x9d039f90      0x1e8 obj\lopcodes.o
                0x9d03a0b4                luaP_opnames
                0x9d03a150                luaP_opmodes
 .rodata        0x9d03a178      0x1c0 obj\loslib.o
 .rodata        0x9d03a338      0x2a0 obj\lparser.o
 .rodata        0x9d03a5d8       0x14 obj\lstate.o
 .rodata        0x9d03a5ec      0x334 obj\lstrlib.o
 .rodata        0x9d03a920       0x70 obj\ltable.o
 .rodata        0x9d03a990      0x140 obj\ltablib.o
 .rodata        0x9d03aad0      0x154 obj\ltm.o
                0x9d03ab24                luaT_typenames
 .rodata        0x9d03ac24      0x2fc obj\lua.o
 .rodata        0x9d03af20       0x8c obj\lundump.o
 .rodata        0x9d03afac       0xc4 obj\lvm.o
 .rodata        0x9d03b070       0xc0 obj\asPIC.o
 .rodata        0x9d03b130       0x48 obj\asIO.o
 .rodata        0x9d03b178      0x2a0 obj\asLUA_PIC.o
 .rodata        0x9d03b418       0xd8 obj\SD-SPI.o
                0x9d03b418                sdmmc_cmdtable
 .rodata        0x9d03b4f0       0x14 obj\FSIO.o
 .rodata        0x9d03b504       0x1c obj\asCARD.o
 .rodata        0x9d03b520       0x10 c:/windows.prg/mplab883/mplab c32 suite v202/bin/../lib/gcc/pic32mx/4.5.1\libgcc.a(_fixunsdfdi.o)
 .rodata        0x9d03b530       0x10 c:/windows.prg/mplab883/mplab c32 suite v202/bin/../lib/gcc/pic32mx/4.5.1\libgcc.a(_floatundidf.o)
 .rodata        0x9d03b540        0x8 c:/windows.prg/mplab883/mplab c32 suite v202/bin/../lib/gcc/pic32mx/4.5.1\libgcc.a(floatunsidf.o)
 .rodata        0x9d03b548      0x770 c:/windows.prg/mplab883/mplab c32 suite v202/bin/../lib/gcc/pic32mx/4.5.1/../../../../pic32mx/lib\liblega-c.a(strerror.o)
                0x9d03bb78                sys_errlist
 .rodata        0x9d03bcb8      0x104 c:/windows.prg/mplab883/mplab c32 suite v202/bin/../lib/gcc/pic32mx/4.5.1/../../../../pic32mx/lib\liblega-c.a(ctype.o)
                0x9d03bcb8                _ctype
 .rodata        0x9d03bdbc       0x14 c:/windows.prg/mplab883/mplab c32 suite v202/bin/../lib/gcc/pic32mx/4.5.1/../../../../pic32mx/lib\liblega-c.a(_iobdata.o)
                0x9d03bdbc                _io_funcs
 .rodata        0x9d03bdd0        0x4 c:/windows.prg/mplab883/mplab c32 suite v202/bin/../lib/gcc/pic32mx/4.5.1/../../../../pic32mx/lib\liblega-c.a(fputs.o)
 .rodata        0x9d03bdd4        0x4 c:/windows.prg/mplab883/mplab c32 suite v202/bin/../lib/gcc/pic32mx/4.5.1/../../../../pic32mx/lib\liblega-c.a(tmpfile.o)
 .rodata        0x9d03bdd8       0x18 c:/windows.prg/mplab883/mplab c32 suite v202/bin/../lib/gcc/pic32mx/4.5.1/../../../../pic32mx/lib\liblega-c.a(tmpnam.o)
 .rodata        0x9d03bdf0       0x74 c:/windows.prg/mplab883/mplab c32 suite v202/bin/../lib/gcc/pic32mx/4.5.1/../../../../pic32mx/lib\liblega-c.a(localtime.o)
 .rodata        0x9d03be64        0x4 c:/windows.prg/mplab883/mplab c32 suite v202/bin/../lib/gcc/pic32mx/4.5.1/../../../../pic32mx/lib\liblega-c.a(gmtime.o)
 .rodata        0x9d03be68       0x6c c:/windows.prg/mplab883/mplab c32 suite v202/bin/../lib/gcc/pic32mx/4.5.1/../../../../pic32mx/lib\liblega-c.a(offtime.o)
 .rodata        0x9d03bed4      0x1d8 c:/windows.prg/mplab883/mplab c32 suite v202/bin/../lib/gcc/pic32mx/4.5.1/../../../../pic32mx/lib\liblega-c.a(strftime.o)
 *fill*         0x9d03c0ac        0x4 00
 .rodata        0x9d03c0b0       0x80 c:/windows.prg/mplab883/mplab c32 suite v202/bin/../lib/gcc/pic32mx/4.5.1/../../../../pic32mx/lib\liblega-c.a(_doprnt.o)
 .rodata        0x9d03c130       0x30 c:/windows.prg/mplab883/mplab c32 suite v202/bin/../lib/gcc/pic32mx/4.5.1/../../../../pic32mx/lib\liblega-c.a(_doscan.o)
 .rodata        0x9d03c160       0x14 c:/windows.prg/mplab883/mplab c32 suite v202/bin/../lib/gcc/pic32mx/4.5.1/../../../../pic32mx/lib\liblega-c.a(_iobstring.o)
                0x9d03c160                _io_strfuncs
 *fill*         0x9d03c174        0x4 00
 .rodata        0x9d03c178       0x28 c:/windows.prg/mplab883/mplab c32 suite v202/bin/../lib/gcc/pic32mx/4.5.1/../../../../pic32mx/lib\liblega-c.a(strtoll.o)
 .rodata        0x9d03c1a0       0x18 c:/windows.prg/mplab883/mplab c32 suite v202/bin/../lib/gcc/pic32mx/4.5.1/../../../../pic32mx/lib\liblega-c.a(strtoull.o)
 .rodata        0x9d03c1b8        0x8 c:/windows.prg/mplab883/mplab c32 suite v202/bin/../lib/gcc/pic32mx/4.5.1/../../../../pic32mx/lib\libm.a(w_pow.o)
 .rodata        0x9d03c1c0        0x8 c:/windows.prg/mplab883/mplab c32 suite v202/bin/../lib/gcc/pic32mx/4.5.1/../../../../pic32mx/lib\libm.a(w_acos32.o)
 .rodata        0x9d03c1c8        0x8 c:/windows.prg/mplab883/mplab c32 suite v202/bin/../lib/gcc/pic32mx/4.5.1/../../../../pic32mx/lib\libm.a(w_asin32.o)
 .rodata.f5pow  0x9d03c1d0       0x48 c:/windows.prg/mplab883/mplab c32 suite v202/bin/../lib/gcc/pic32mx/4.5.1/../../../../pic32mx/lib\libe.a(_strtod.o)
 .rodata        0x9d03c218       0x10 c:/windows.prg/mplab883/mplab c32 suite v202/bin/../lib/gcc/pic32mx/4.5.1/../../../../pic32mx/lib\libe.a(_strtod.o)
 .rodata.f5pow  0x9d03c228       0x18 c:/windows.prg/mplab883/mplab c32 suite v202/bin/../lib/gcc/pic32mx/4.5.1/../../../../pic32mx/lib\libe.a(_strtof.o)
 .rodata        0x9d03c240       0x80 c:/windows.prg/mplab883/mplab c32 suite v202/bin/../lib/gcc/pic32mx/4.5.1/../../../../pic32mx/lib\libmchp_peripheral_32MX795F512L.a(spi_brg_tbl_lib_legacy.o)
                0x9d03c240                _SpiBrgConvTbl
 .rodata        0x9d03c2c0        0x8 c:/windows.prg/mplab883/mplab c32 suite v202/bin/../lib/gcc/pic32mx/4.5.1/../../../../pic32mx/lib\liblega-c.a(isinf.o)
 *(.rodata1)
                0x9d03c2c8                . = ALIGN (0x4)

.sdata2         0x9d03c2c8        0x0
 *(.sdata2 .sdata2.* .gnu.linkonce.s2.*)
                0x9d03c2c8                . = ALIGN (0x4)

.sbss2          0x9d03c2c8        0x0
 *(.sbss2 .sbss2.* .gnu.linkonce.sb2.*)
                0x9d03c2c8                . = ALIGN (0x4)

.dbg_data       0xa0000000        0x0
                0xa0000000                . = (. + DEFINED (_DEBUGGER)?0x200:0x0)

.persist        0xa0000000        0x0
                0xa0000000                _persist_begin = .
 *(.persist .persist.*)
                0xa0000000                . = ALIGN (0x4)
                0xa0000000                _persist_end = .

.data           0xa0000000      0xb80 load address 0x9d03c2c8
                0xa0000000                _data_begin = .
 *(.data .data.* .gnu.linkonce.d.*)
 .data          0xa0000000        0x0 c:/windows.prg/mplab883/mplab c32 suite v202/bin/../lib/gcc/pic32mx/4.5.1/../../../../pic32mx/lib/crt0.o
 .data          0xa0000000        0x0 obj\lapi.o
 .data          0xa0000000        0x0 obj\lauxlib.o
 .data          0xa0000000        0x0 obj\lbaselib.o
 .data          0xa0000000        0x0 obj\lcode.o
 .data          0xa0000000        0x0 obj\ldblib.o
 .data          0xa0000000        0x0 obj\ldebug.o
 .data          0xa0000000        0x0 obj\ldo.o
 .data          0xa0000000        0x0 obj\ldump.o
 .data          0xa0000000        0x0 obj\lfunc.o
 .data          0xa0000000        0x0 obj\lgc.o
 .data          0xa0000000        0x0 obj\linit.o
 .data          0xa0000000        0x0 obj\liolib.o
 .data          0xa0000000        0x0 obj\llex.o
 .data          0xa0000000        0x0 obj\lmathlib.o
 .data          0xa0000000        0x0 obj\lmem.o
 .data          0xa0000000        0x0 obj\loadlib.o
 .data          0xa0000000        0x0 obj\lobject.o