Archive member included because of file (symbol)

c:/windows.prg/mplab883/mplab c32 suite v202/bin/../lib/gcc/pic32mx/4.5.1\libgcc.a(_fixunsdfdi.o)
                              obj\asLUA_PIC.o (__fixunsdfdi)
c:/windows.prg/mplab883/mplab c32 suite v202/bin/../lib/gcc/pic32mx/4.5.1\libgcc.a(_floatundidf.o)
                              obj\asLUA_PIC.o (__floatundidf)
c:/windows.prg/mplab883/mplab c32 suite v202/bin/../lib/gcc/pic32mx/4.5.1\libgcc.a(floatunsidf.o)
                              obj\lbaselib.o (__floatunsidf)
c:/windows.prg/mplab883/mplab c32 suite v202/bin/../lib/gcc/pic32mx/4.5.1/../../../../pic32mx/lib\liblega-c.a(setjmp.o)
                              obj\ldo.o (setjmp)
c:/windows.prg/mplab883/mplab c32 suite v202/bin/../lib/gcc/pic32mx/4.5.1/../../../../pic32mx/lib\liblega-c.a(memcmp.o)
                              obj\lstring.o (memcmp)
c:/windows.prg/mplab883/mplab c32 suite v202/bin/../lib/gcc/pic32mx/4.5.1/../../../../pic32mx/lib\liblega-c.a(memcpy.o)
                              obj\lauxlib.o (memcpy)
c:/windows.prg/mplab883/mplab c32 suite v202/bin/../lib/gcc/pic32mx/4.5.1/../../../../pic32mx/lib\liblega-c.a(memset.o)
                              obj\FSIO.o (memset)
c:/windows.prg/mplab883/mplab c32 suite v202/bin/../lib/gcc/pic32mx/4.5.1/../../../../pic32mx/lib\liblega-c.a(strcmp.o)
                              obj\lauxlib.o (strcmp)
c:/windows.prg/mplab883/mplab c32 suite v202/bin/../lib/gcc/pic32mx/4.5.1/../../../../pic32mx/lib\liblega-c.a(strcpy.o)
                              obj\FSIO.o (strcpy)
c:/windows.prg/mplab883/mplab c32 suite v202/bin/../lib/gcc/pic32mx/4.5.1/../../../../pic32mx/lib\liblega-c.a(strlen.o)
                              obj\lapi.o (strlen)
c:/windows.prg/mplab883/mplab c32 suite v202/bin/../lib/gcc/pic32mx/4.5.1/../../../../pic32mx/lib\liblega-c.a(legacy-general-exception.o)
                              c:/windows.prg/mplab883/mplab c32 suite v202/bin/../lib/gcc/pic32mx/4.5.1/../../../../pic32mx/lib/crt0.o (_general_exception_context)
c:/windows.prg/mplab883/mplab c32 suite v202/bin/../lib/gcc/pic32mx/4.5.1/../../../../pic32mx/lib\liblega-c.a(strcat.o)
                              obj\lobject.o (strcat)
c:/windows.prg/mplab883/mplab c32 suite v202/bin/../lib/gcc/pic32mx/4.5.1/../../../../pic32mx/lib\liblega-c.a(strncat.o)
                              obj\lobject.o (strncat)
c:/windows.prg/mplab883/mplab c32 suite v202/bin/../lib/gcc/pic32mx/4.5.1/../../../../pic32mx/lib\liblega-c.a(strncpy.o)
                              obj\lobject.o (strncpy)
c:/windows.prg/mplab883/mplab c32 suite v202/bin/../lib/gcc/pic32mx/4.5.1/../../../../pic32mx/lib\liblega-c.a(strchr.o)
                              obj\lauxlib.o (strchr)
c:/windows.prg/mplab883/mplab c32 suite v202/bin/../lib/gcc/pic32mx/4.5.1/../../../../pic32mx/lib\liblega-c.a(strrchr.o)
                              obj\loadlib.o (strrchr)
c:/windows.prg/mplab883/mplab c32 suite v202/bin/../lib/gcc/pic32mx/4.5.1/../../../../pic32mx/lib\liblega-c.a(strcspn.o)
                              obj\lobject.o (strcspn)
c:/windows.prg/mplab883/mplab c32 suite v202/bin/../lib/gcc/pic32mx/4.5.1/../../../../pic32mx/lib\liblega-c.a(strpbrk.o)
                              obj\lstrlib.o (strpbrk)
c:/windows.prg/mplab883/mplab c32 suite v202/bin/../lib/gcc/pic32mx/4.5.1/../../../../pic32mx/lib\liblega-c.a(strstr.o)
                              obj\lauxlib.o (strstr)
c:/windows.prg/mplab883/mplab c32 suite v202/bin/../lib/gcc/pic32mx/4.5.1/../../../../pic32mx/lib\liblega-c.a(strerror.o)
                              obj\lauxlib.o (strerror)
c:/windows.prg/mplab883/mplab c32 suite v202/bin/../lib/gcc/pic32mx/4.5.1/../../../../pic32mx/lib\liblega-c.a(memchr.o)
                              obj\lstrlib.o (memchr)
c:/windows.prg/mplab883/mplab c32 suite v202/bin/../lib/gcc/pic32mx/4.5.1/../../../../pic32mx/lib\liblega-c.a(strcoll.o)
                              obj\lvm.o (strcoll)
c:/windows.prg/mplab883/mplab c32 suite v202/bin/../lib/gcc/pic32mx/4.5.1/../../../../pic32mx/lib\liblega-c.a(exit.o)
                              obj\ldo.o (exit)
c:/windows.prg/mplab883/mplab c32 suite v202/bin/../lib/gcc/pic32mx/4.5.1/../../../../pic32mx/lib\liblega-c.a(ctype.o)
                              obj\lbaselib.o (_ctype)
c:/windows.prg/mplab883/mplab c32 suite v202/bin/../lib/gcc/pic32mx/4.5.1/../../../../pic32mx/lib\liblega-c.a(ctypef.o)
                              obj\lstrlib.o (tolower)
c:/windows.prg/mplab883/mplab c32 suite v202/bin/../lib/gcc/pic32mx/4.5.1/../../../../pic32mx/lib\liblega-c.a(malloc.o)
                              obj\lauxlib.o (free)
c:/windows.prg/mplab883/mplab c32 suite v202/bin/../lib/gcc/pic32mx/4.5.1/../../../../pic32mx/lib\liblega-c.a(malloc_realloc.o)
                              obj\lauxlib.o (realloc)
c:/windows.prg/mplab883/mplab c32 suite v202/bin/../lib/gcc/pic32mx/4.5.1/../../../../pic32mx/lib\liblega-c.a(rand.o)
                              obj\lmathlib.o (rand)
[...]
Memory Configuration

Name             Origin             Length             Attributes
kseg0_program_mem 0x9d000000         0x00080000         xr
kseg0_boot_mem   0x9fc00490         0x00000970
exception_mem    0x9fc01000         0x00001000
kseg1_boot_mem   0xbfc00000         0x00000490
debug_exec_mem   0xbfc02000         0x00000ff0
config3          0xbfc02ff0         0x00000004
config2          0xbfc02ff4         0x00000004
config1          0xbfc02ff8         0x00000004
config0          0xbfc02ffc         0x00000004
kseg1_data_mem   0xa0000000         0x00020000         w !x
sfrs             0xbf800000         0x00100000
configsfrs       0xbfc02ff0         0x00000010
*default*        0x00000000         0xffffffff

Linker script and memory map

LOAD c:/windows.prg/mplab883/mplab c32 suite v202/bin/../lib/gcc/pic32mx/4.5.1/../../../../pic32mx/lib/crt0.o
LOAD obj\lapi.o
LOAD obj\lauxlib.o
LOAD obj\lbaselib.o
LOAD obj\lcode.o
LOAD obj\ldblib.o
LOAD obj\ldebug.o
LOAD obj\ldo.o
LOAD obj\ldump.o
LOAD obj\lfunc.o
LOAD obj\lgc.o
LOAD obj\linit.o
LOAD obj\liolib.o
LOAD obj\llex.o
LOAD obj\lmathlib.o
LOAD obj\lmem.o
LOAD obj\loadlib.o
LOAD obj\lobject.o
LOAD obj\lopcodes.o
LOAD obj\loslib.o
LOAD obj\lparser.o
LOAD obj\lstate.o
LOAD obj\lstring.o
LOAD obj\lstrlib.o
LOAD obj\ltable.o
LOAD obj\ltablib.o
LOAD obj\ltm.o
LOAD obj\lua.o
LOAD obj\lundump.o
LOAD obj\lvm.o
LOAD obj\lzio.o
LOAD obj\asPIC.o
LOAD obj\asIO.o
LOAD obj\asDBG.o
LOAD obj\asINT.o
LOAD obj\asCON.o
LOAD obj\asLUA_PIC.o
LOAD obj\asUART1.o
LOAD obj\SD-SPI.o
LOAD obj\FSIO.o
LOAD obj\asCARD.o
                0x00000001                __MPLAB_BUILD = 0x1
                0x0001d8a8                _min_heap_size = 0x1d8a8
                0x00000800                _min_stack_size = 0x800
LOAD c:/windows.prg/mplab883/mplab c32 suite v202/bin/../lib/gcc/pic32mx/4.5.1\libgcc.a
START GROUP
LOAD c:/windows.prg/mplab883/mplab c32 suite v202/bin/../lib/gcc/pic32mx/4.5.1/../../../../pic32mx/lib\libdebug.a
LOAD c:/windows.prg/mplab883/mplab c32 suite v202/bin/../lib/gcc/pic32mx/4.5.1/../../../../pic32mx/lib\liblega-c.a
LOAD c:/windows.prg/mplab883/mplab c32 suite v202/bin/../lib/gcc/pic32mx/4.5.1/../../../../pic32mx/lib\libm.a
LOAD c:/windows.prg/mplab883/mplab c32 suite v202/bin/../lib/gcc/pic32mx/4.5.1/../../../../pic32mx/lib\libe.a
LOAD c:/windows.prg/mplab883/mplab c32 suite v202/bin/../lib/gcc/pic32mx/4.5.1/../../../../pic32mx/lib\libdsp.a
LOAD c:/windows.prg/mplab883/mplab c32 suite v202/bin/../lib/gcc/pic32mx/4.5.1/../../../../pic32mx/lib\libmchp_peripheral.a
LOAD c:/windows.prg/mplab883/mplab c32 suite v202/bin/../lib/gcc/pic32mx/4.5.1/../../../../pic32mx/lib\libmchp_peripheral_32MX795F512L.a
END GROUP
LOAD c:/windows.prg/mplab883/mplab c32 suite v202/bin/../lib/gcc/pic32mx/4.5.1\libgcc.a
                0x00000400                PROVIDE (_min_stack_size, 0x400)
                0x00000000                PROVIDE (_min_heap_size, 0x0)
LOAD c:/windows.prg/mplab883/mplab c32 suite v202/bin/../lib/gcc/pic32mx/4.5.1/../../../../pic32mx/lib/./proc/32MX795F512L\processor.o
                0x00000001                PROVIDE (_vector_spacing, 0x1)
                0x9fc01000                _ebase_address = 0x9fc01000
                0xbfc00000                _RESET_ADDR = 0xbfc00000
                0xbfc00380                _BEV_EXCPT_ADDR = 0xbfc00380
                0xbfc00480                _DBG_EXCPT_ADDR = 0xbfc00480
                0xbfc02000                _DBG_CODE_ADDR = 0xbfc02000
                0x00000ff0                _DBG_CODE_SIZE = 0xff0
                0x9fc01180                _GEN_EXCPT_ADDR = (_ebase_address + 0x180)

.config_BFC02FF0
 *(.config_BFC02FF0)

.config_BFC02FF4
                0xbfc02ff4        0x4
 *(.config_BFC02FF4)
 .config_BFC02FF4
                0xbfc02ff4        0x4 obj\asPIC.o

.config_BFC02FF8
                0xbfc02ff8        0x4
 *(.config_BFC02FF8)
 .config_BFC02FF8
                0xbfc02ff8        0x4 obj\asPIC.o

.config_BFC02FFC
                0xbfc02ffc        0x4
 *(.config_BFC02FFC)
 .config_BFC02FFC
                0xbfc02ffc        0x4 obj\asPIC.o
                0xbfc02000                PROVIDE (_DBG_CODE_ADDR, 0xbfc02000)
                0x00000ff0                PROVIDE (_DBG_CODE_SIZE, 0xff0)

.reset          0xbfc00000      0x1f4
 *(.reset)
 .reset         0xbfc00000       0x10 c:/windows.prg/mplab883/mplab c32 suite v202/bin/../lib/gcc/pic32mx/4.5.1/../../../../pic32mx/lib/crt0.o
                0xbfc00000                _reset
 *(.reset.startup)
 .reset.startup
                0xbfc00010      0x1e4 c:/windows.prg/mplab883/mplab c32 suite v202/bin/../lib/gcc/pic32mx/4.5.1/../../../../pic32mx/lib/crt0.o

.bev_excpt      0xbfc00380       0x10
 *(.bev_handler)
 .bev_handler   0xbfc00380       0x10 c:/windows.prg/mplab883/mplab c32 suite v202/bin/../lib/gcc/pic32mx/4.5.1/../../../../pic32mx/lib/crt0.o

.dbg_excpt      0xbfc00480        0x0
                0xbfc00480                . = (. + DEFINED (_DEBUGGER)?0x8:0x0)

.dbg_code       0xbfc02000        0x0
                0xbfc02000                . = (. + DEFINED (_DEBUGGER)?_DBG_CODE_SIZE:0x0)

.app_excpt      0x9fc01180       0x10
 *(.gen_handler)
 .gen_handler   0x9fc01180       0x10 c:/windows.prg/mplab883/mplab c32 suite v202/bin/../lib/gcc/pic32mx/4.5.1/../../../../pic32mx/lib/crt0.o

.vector_0       0x9fc01200        0x0
 *(.vector_0)
                0x00000001                ASSERT (((_vector_spacing == 0x0) || (SIZEOF (.vector_0) <= (_vector_spacing << 0x5))), function at exception vector 0 too large)

.vector_1       0x9fc01220        0x0
 *(.vector_1)
                0x00000001                ASSERT (((_vector_spacing == 0x0) || (SIZEOF (.vector_1) <= (_vector_spacing << 0x5))), function at exception vector 1 too large)

.vector_2       0x9fc01240        0x0
 *(.vector_2)
                0x00000001                ASSERT (((_vector_spacing == 0x0) || (SIZEOF (.vector_2) <= (_vector_spacing << 0x5))), function at exception vector 2 too large)

.vector_3       0x9fc01260        0x0
 *(.vector_3)
                0x00000001                ASSERT (((_vector_spacing == 0x0) || (SIZEOF (.vector_3) <= (_vector_spacing << 0x5))), function at exception vector 3 too large)

.vector_4       0x9fc01280        0x0
 *(.vector_4)
                0x00000001                ASSERT (((_vector_spacing == 0x0) || (SIZEOF (.vector_4) <= (_vector_spacing << 0x5))), function at exception vector 4 too large)

.vector_5       0x9fc012a0        0x0
 *(.vector_5)
                0x00000001                ASSERT (((_vector_spacing == 0x0) || (SIZEOF (.vector_5) <= (_vector_spacing << 0x5))), function at exception vector 5 too large)

.vector_6       0x9fc012c0        0x0
 *(.vector_6)
                0x00000001                ASSERT (((_vector_spacing == 0x0) || (SIZEOF (.vector_6) <= (_vector_spacing << 0x5))), function at exception vector 6 too large)

.vector_7       0x9fc012e0        0x0
 *(.vector_7)
                0x00000001                ASSERT (((_vector_spacing == 0x0) || (SIZEOF (.vector_7) <= (_vector_spacing << 0x5))), function at exception vector 7 too large)

.vector_8       0x9fc01300        0x0
 *(.vector_8)
                0x00000001                ASSERT (((_vector_spacing == 0x0) || (SIZEOF (.vector_8) <= (_vector_spacing << 0x5))), function at exception vector 8 too large)

.vector_9       0x9fc01320        0x0
 *(.vector_9)
                0x00000001                ASSERT (((_vector_spacing == 0x0) || (SIZEOF (.vector_9) <= (_vector_spacing << 0x5))), function at exception vector 9 too large)

.vector_10      0x9fc01340        0x0
 *(.vector_10)
                0x00000001                ASSERT (((_vector_spacing == 0x0) || (SIZEOF (.vector_10) <= (_vector_spacing << 0x5))), function at exception vector 10 too large)

.vector_11      0x9fc01360        0x0
 *(.vector_11)
                0x00000001                ASSERT (((_vector_spacing == 0x0) || (SIZEOF (.vector_11) <= (_vector_spacing << 0x5))), function at exception vector 11 too large)

.vector_12      0x9fc01380        0x0
 *(.vector_12)
                0x00000001                ASSERT (((_vector_spacing == 0x0) || (SIZEOF (.vector_12) <= (_vector_spacing << 0x5))), function at exception vector 12 too large)

.vector_13      0x9fc013a0        0x0
 *(.vector_13)
                0x00000001                ASSERT (((_vector_spacing == 0x0) || (SIZEOF (.vector_13) <= (_vector_spacing << 0x5))), function at exception vector 13 too large)

.vector_14      0x9fc013c0        0x0
 *(.vector_14)
                0x00000001                ASSERT (((_vector_spacing == 0x0) || (SIZEOF (.vector_14) <= (_vector_spacing << 0x5))), function at exception vector 14 too large)

.vector_15      0x9fc013e0        0x0
 *(.vector_15)
                0x00000001                ASSERT (((_vector_spacing == 0x0) || (SIZEOF (.vector_15) <= (_vector_spacing << 0x5))), function at exception vector 15 too large)

.vector_16      0x9fc01400        0x0
 *(.vector_16)
                0x00000001                ASSERT (((_vector_spacing == 0x0) || (SIZEOF (.vector_16) <= (_vector_spacing << 0x5))), function at exception vector 16 too large)

.vector_17      0x9fc01420        0x0
 *(.vector_17)
                0x00000001                ASSERT (((_vector_spacing == 0x0) || (SIZEOF (.vector_17) <= (_vector_spacing << 0x5))), function at exception vector 17 too large)

.vector_18      0x9fc01440        0x0
 *(.vector_18)
                0x00000001                ASSERT (((_vector_spacing == 0x0) || (SIZEOF (.vector_18) <= (_vector_spacing << 0x5))), function at exception vector 18 too large)

.vector_19      0x9fc01460        0x0
 *(.vector_19)
                0x00000001                ASSERT (((_vector_spacing == 0x0) || (SIZEOF (.vector_19) <= (_vector_spacing << 0x5))), function at exception vector 19 too large)

.vector_20      0x9fc01480        0x8
 *(.vector_20)
 .vector_20     0x9fc01480        0x8 obj\asINT.o
                0x00000001                ASSERT (((_vector_spacing == 0x0) || (SIZEOF (.vector_20) <= (_vector_spacing << 0x5))), function at exception vector 20 too large)

.vector_21      0x9fc014a0        0x0
 *(.vector_21)
                0x00000001                ASSERT (((_vector_spacing == 0x0) || (SIZEOF (.vector_21) <= (_vector_spacing << 0x5))), function at exception vector 21 too large)

.vector_22      0x9fc014c0        0x0
 *(.vector_22)
                0x00000001                ASSERT (((_vector_spacing == 0x0) || (SIZEOF (.vector_22) <= (_vector_spacing << 0x5))), function at exception vector 22 too large)

.vector_23      0x9fc014e0        0x0
 *(.vector_23)
                0x00000001                ASSERT (((_vector_spacing == 0x0) || (SIZEOF (.vector_23) <= (_vector_spacing << 0x5))), function at exception vector 23 too large)

.vector_24      0x9fc01500        0x8
 *(.vector_24)
 .vector_24     0x9fc01500        0x8 obj\asINT.o
                0x00000001                ASSERT (((_vector_spacing == 0x0) || (SIZEOF (.vector_24) <= (_vector_spacing << 0x5))), function at exception vector 24 too large)

.vector_25      0x9fc01520        0x0
 *(.vector_25)
                0x00000001                ASSERT (((_vector_spacing == 0x0) || (SIZEOF (.vector_25) <= (_vector_spacing << 0x5))), function at exception vector 25 too large)

.vector_26      0x9fc01540        0x0
 *(.vector_26)
                0x00000001                ASSERT (((_vector_spacing == 0x0) || (SIZEOF (.vector_26) <= (_vector_spacing << 0x5))), function at exception vector 26 too large)

.vector_27      0x9fc01560        0x0
 *(.vector_27)
                0x00000001                ASSERT (((_vector_spacing == 0x0) || (SIZEOF (.vector_27) <= (_vector_spacing << 0x5))), function at exception vector 27 too large)

.vector_28      0x9fc01580        0x0
 *(.vector_28)
                0x00000001                ASSERT (((_vector_spacing == 0x0) || (SIZEOF (.vector_28) <= (_vector_spacing << 0x5))), function at exception vector 28 too large)

.vector_29      0x9fc015a0        0x0
 *(.vector_29)
                0x00000001                ASSERT (((_vector_spacing == 0x0) || (SIZEOF (.vector_29) <= (_vector_spacing << 0x5))), function at exception vector 29 too large)

.vector_30      0x9fc015c0        0x0
 *(.vector_30)
                0x00000001                ASSERT (((_vector_spacing == 0x0) || (SIZEOF (.vector_30) <= (_vector_spacing << 0x5))), function at exception vector 30 too large)

.vector_31      0x9fc015e0        0x0
 *(.vector_31)
                0x00000001                ASSERT (((_vector_spacing == 0x0) || (SIZEOF (.vector_31) <= (_vector_spacing << 0x5))), function at exception vector 31 too large)

.vector_32      0x9fc01600        0x8
 *(.vector_32)
 .vector_32     0x9fc01600        0x8 obj\asINT.o
                0x00000001                ASSERT (((_vector_spacing == 0x0) || (SIZEOF (.vector_32) <= (_vector_spacing << 0x5))), function at exception vector 32 too large)

.vector_33      0x9fc01620        0x0
 *(.vector_33)
                0x00000001                ASSERT (((_vector_spacing == 0x0) || (SIZEOF (.vector_33) <= (_vector_spacing << 0x5))), function at exception vector 33 too large)

.vector_34      0x9fc01640        0x0
 *(.vector_34)
                0x00000001                ASSERT (((_vector_spacing == 0x0) || (SIZEOF (.vector_34) <= (_vector_spacing << 0x5))), function at exception vector 34 too large)

.vector_35      0x9fc01660        0x0
 *(.vector_35)
                0x00000001                ASSERT (((_vector_spacing == 0x0) || (SIZEOF (.vector_35) <= (_vector_spacing << 0x5))), function at exception vector 35 too large)

.vector_36      0x9fc01680        0x0
 *(.vector_36)
                0x00000001                ASSERT (((_vector_spacing == 0x0) || (SIZEOF (.vector_36) <= (_vector_spacing << 0x5))), function at exception vector 36 too large)

.vector_37      0x9fc016a0        0x0
 *(.vector_37)
                0x00000001                ASSERT (((_vector_spacing == 0x0) || (SIZEOF (.vector_37) <= (_vector_spacing << 0x5))), function at exception vector 37 too large)

.vector_38      0x9fc016c0        0x0
 *(.vector_38)
                0x00000001                ASSERT (((_vector_spacing == 0x0) || (SIZEOF (.vector_38) <= (_vector_spacing << 0x5))), function at exception vector 38 too large)

.vector_39      0x9fc016e0        0x0
 *(.vector_39)
                0x00000001                ASSERT (((_vector_spacing == 0x0) || (SIZEOF (.vector_39) <= (_vector_spacing << 0x5))), function at exception vector 39 too large)

.vector_40      0x9fc01700        0x0
 *(.vector_40)
                0x00000001                ASSERT (((_vector_spacing == 0x0) || (SIZEOF (.vector_40) <= (_vector_spacing << 0x5))), function at exception vector 40 too large)

.vector_41      0x9fc01720        0x0
 *(.vector_41)
                0x00000001                ASSERT (((_vector_spacing == 0x0) || (SIZEOF (.vector_41) <= (_vector_spacing << 0x5))), function at exception vector 41 too large)

.vector_42      0x9fc01740        0x0
 *(.vector_42)
                0x00000001                ASSERT (((_vector_spacing == 0x0) || (SIZEOF (.vector_42) <= (_vector_spacing << 0x5))), function at exception vector 42 too large)

.vector_43      0x9fc01760        0x0
 *(.vector_43)
                0x00000001                ASSERT (((_vector_spacing == 0x0) || (SIZEOF (.vector_43) <= (_vector_spacing << 0x5))), function at exception vector 43 too large)

.vector_44      0x9fc01780        0x0
 *(.vector_44)
                0x00000001                ASSERT (((_vector_spacing == 0x0) || (SIZEOF (.vector_44) <= (_vector_spacing << 0x5))), function at exception vector 44 too large)

.vector_45      0x9fc017a0        0x0
 *(.vector_45)
                0x00000001                ASSERT (((_vector_spacing == 0x0) || (SIZEOF (.vector_45) <= (_vector_spacing << 0x5))), function at exception vector 45 too large)

.vector_46      0x9fc017c0        0x0
 *(.vector_46)
                0x00000001                ASSERT (((_vector_spacing == 0x0) || (SIZEOF (.vector_46) <= (_vector_spacing << 0x5))), function at exception vector 46 too large)

.vector_47      0x9fc017e0        0x0
 *(.vector_47)
                0x00000001                ASSERT (((_vector_spacing == 0x0) || (SIZEOF (.vector_47) <= (_vector_spacing << 0x5))), function at exception vector 47 too large)

.vector_48      0x9fc01800        0x0
 *(.vector_48)
                0x00000001                ASSERT (((_vector_spacing == 0x0) || (SIZEOF (.vector_48) <= (_vector_spacing << 0x5))), function at exception vector 48 too large)

.vector_49      0x9fc01820        0x0
 *(.vector_49)
                0x00000001                ASSERT (((_vector_spacing == 0x0) || (SIZEOF (.vector_49) <= (_vector_spacing << 0x5))), function at exception vector 49 too large)

.vector_50      0x9fc01840        0x0
 *(.vector_50)
                0x00000001                ASSERT (((_vector_spacing == 0x0) || (SIZEOF (.vector_50) <= (_vector_spacing << 0x5))), function at exception vector 50 too large)

.vector_51      0x9fc01860        0x0
 *(.vector_51)
                0x00000001                ASSERT (((_vector_spacing == 0x0) || (SIZEOF (.vector_51) <= (_vector_spacing << 0x5))), function at exception vector 51 too large)

.vector_52      0x9fc01880        0x0
 *(.vector_52)
                0x00000001                ASSERT (((_vector_spacing == 0x0) || (SIZEOF (.vector_52) <= (_vector_spacing << 0x5))), function at exception vector 52 too large)

.vector_53      0x9fc018a0        0x0
 *(.vector_53)
                0x00000001                ASSERT (((_vector_spacing == 0x0) || (SIZEOF (.vector_53) <= (_vector_spacing << 0x5))), function at exception vector 53 too large)

.vector_54      0x9fc018c0        0x0
 *(.vector_54)
                0x00000001                ASSERT (((_vector_spacing == 0x0) || (SIZEOF (.vector_54) <= (_vector_spacing << 0x5))), function at exception vector 54 too large)

.vector_55      0x9fc018e0        0x0
 *(.vector_55)
                0x00000001                ASSERT (((_vector_spacing == 0x0) || (SIZEOF (.vector_55) <= (_vector_spacing << 0x5))), function at exception vector 55 too large)

.vector_56      0x9fc01900        0x0
 *(.vector_56)
                0x00000001                ASSERT (((_vector_spacing == 0x0) || (SIZEOF (.vector_56) <= (_vector_spacing << 0x5))), function at exception vector 56 too large)

.vector_57      0x9fc01920        0x0
 *(.vector_57)
                0x00000001                ASSERT (((_vector_spacing == 0x0) || (SIZEOF (.vector_57) <= (_vector_spacing << 0x5))), function at exception vector 57 too large)

.vector_58      0x9fc01940        0x0
 *(.vector_58)
                0x00000001                ASSERT (((_vector_spacing == 0x0) || (SIZEOF (.vector_58) <= (_vector_spacing << 0x5))), function at exception vector 58 too large)

.vector_59      0x9fc01960        0x0
 *(.vector_59)
                0x00000001                ASSERT (((_vector_spacing == 0x0) || (SIZEOF (.vector_59) <= (_vector_spacing << 0x5))), function at exception vector 59 too large)

.vector_60      0x9fc01980        0x0
 *(.vector_60)
                0x00000001                ASSERT (((_vector_spacing == 0x0) || (SIZEOF (.vector_60) <= (_vector_spacing << 0x5))), function at exception vector 60 too large)

.vector_61      0x9fc019a0        0x0
 *(.vector_61)
                0x00000001                ASSERT (((_vector_spacing == 0x0) || (SIZEOF (.vector_61) <= (_vector_spacing << 0x5))), function at exception vector 61 too large)

.vector_62      0x9fc019c0        0x0
 *(.vector_62)
                0x00000001                ASSERT (((_vector_spacing == 0x0) || (SIZEOF (.vector_62) <= (_vector_spacing << 0x5))), function at exception vector 62 too large)

.vector_63      0x9fc019e0        0x0
 *(.vector_63)
                0x00000001                ASSERT (((_vector_spacing == 0x0) || (SIZEOF (.vector_63) <= (_vector_spacing << 0x5))), function at exception vector 63 too large)

.startup
 *(.startup)

.text
 *(.stub .gnu.linkonce.t.*)
 *(.text.*personality*)
 *(.mips16.fn.*)
 *(.mips16.call.*)
 *(.gnu.warning)

.rodata         0x9d000000       0x60
 *(.rodata.* .gnu.linkonce.r.*)
 .rodata.f5pow  0x9d000000       0x48 c:/windows.prg/mplab883/mplab c32 suite v202/bin/../lib/gcc/pic32mx/4.5.1/../../../../pic32mx/lib\libe.a(_strtod.o)
 .rodata.f5pow  0x9d000048       0x18 c:/windows.prg/mplab883/mplab c32 suite v202/bin/../lib/gcc/pic32mx/4.5.1/../../../../pic32mx/lib\libe.a(_strtof.o)
 *(.rodata1)
                0x9d000060                . = ALIGN (0x4)

.sdata2         0x9d000060        0x0
 *(.sdata2 .sdata2.* .gnu.linkonce.s2.*)
                0x9d000060                . = ALIGN (0x4)

.sbss2          0x9d000060        0x0
 *(.sbss2 .sbss2.* .gnu.linkonce.sb2.*)
                0x9d000060                . = ALIGN (0x4)

.eh_frame_hdr
 *(.eh_frame_hdr)

.eh_frame
 *(.eh_frame)

.dbg_data       0xa0000000        0x0
                0xa0000000                . = (. + DEFINED (_DEBUGGER)?0x200:0x0)

.persist        0xa0000000        0x0
                0xa0000000                _persist_begin = .
 *(.persist .persist.*)
                0xa0000000                . = ALIGN (0x4)
                0xa0000000                _persist_end = .

.eh_frame       0xa0000000       0x50
 *(.eh_frame)
 .eh_frame      0xa0000000       0x28 c:/windows.prg/mplab883/mplab c32 suite v202/bin/../lib/gcc/pic32mx/4.5.1\libgcc.a(_divdi3.o)
 .eh_frame      0xa0000028       0x14 c:/windows.prg/mplab883/mplab c32 suite v202/bin/../lib/gcc/pic32mx/4.5.1\libgcc.a(_udivdi3.o)
                                 0x28 (size before relaxing)
 .eh_frame      0xa000003c       0x14 c:/windows.prg/mplab883/mplab c32 suite v202/bin/../lib/gcc/pic32mx/4.5.1\libgcc.a(_umoddi3.o)
                                 0x28 (size before relaxing)
                0xa0000050                . = .
                0xa0008040                _gp = (ALIGN (0x10) + 0x7ff0)

.got
 *(.got.plt)
 *(.got)

.sdata          0xa0000050       0x38
                0xa0000050                _sdata_begin = .
 *(.sdata .sdata.* .gnu.linkonce.s.*)
 .sdata         0xa0000050        0x4 obj\lua.o
 .sdata         0xa0000054        0xc obj\FSIO.o
                0xa0000054                gLastFATSectorRead
                0xa0000058                gLastDataSectorRead
                0xa000005c                cwdptr
 .sdata         0xa0000060        0x4 c:/windows.prg/mplab883/mplab c32 suite v202/bin/../lib/gcc/pic32mx/4.5.1/../../../../pic32mx/lib\liblega-c.a(strerror.o)
                0xa0000060                sys_nerr
 .sdata         0xa0000064        0x8 c:/windows.prg/mplab883/mplab c32 suite v202/bin/../lib/gcc/pic32mx/4.5.1/../../../../pic32mx/lib\liblega-c.a(malloc.o)
                0xa0000064                malloc_trim_threshold
                0xa0000068                malloc_sbrk_base
 .sdata         0xa000006c        0x4 c:/windows.prg/mplab883/mplab c32 suite v202/bin/../lib/gcc/pic32mx/4.5.1/../../../../pic32mx/lib\liblega-c.a(rand.o)
 .sdata         0xa0000070        0x4 c:/windows.prg/mplab883/mplab c32 suite v202/bin/../lib/gcc/pic32mx/4.5.1/../../../../pic32mx/lib\liblega-c.a(_iobdata.o)
                0xa0000070                _libc_data
 .sdata         0xa0000074       0x10 c:/windows.prg/mplab883/mplab c32 suite v202/bin/../lib/gcc/pic32mx/4.5.1/../../../../pic32mx/lib\liblega-c.a(localtime.o)
                0xa0000074                tzname
 .sdata         0xa0000084        0x4 c:/windows.prg/mplab883/mplab c32 suite v202/bin/../lib/gcc/pic32mx/4.5.1/../../../../pic32mx/lib\liblega-c.a(clock.o)
                0xa0000088                _sdata_end = .

.lit8
 *(.lit8)

.lit4
 *(.lit4)
                0xa0000088                . = ALIGN (0x4)
                0xa0000088                _data_end = .
                0xa0000088                _bss_begin = .

.sbss           0xa0000088       0xa8
                0xa0000088                _sbss_begin = .
 *(.dynsbss)
 *(.sbss .sbss.* .gnu.linkonce.sb.*)
 .sbss          0xa0000088        0x4 obj\lua.o
 .sbss          0xa000008c        0x2 obj\asDBG.o
                0xa000008c                pPin1
                0xa000008d                pPin2
 *fill*         0xa000008e        0x2 00
 .sbss          0xa0000090       0x10 obj\asCON.o
                0xa0000090                pRXBufW
                0xa0000094                pRXBufR
                0xa0000098                pRXBufC
                0xa000009c                pRXBufO
 .sbss          0xa00000a0       0x14 obj\asUART1.o
                0xa00000a0                UART1_Enabled
                0xa00000a4                pUART1_RXBufW
                0xa00000a8                pUART1_RXBufR
                0xa00000ac                pUART1_RXBufC
                0xa00000b0                pUART1_RXBufO
 .sbss          0xa00000b4        0x8 obj\SD-SPI.o
 .sbss          0xa00000bc        0xc obj\FSIO.o
                0xa00000bc                gNeedFATWrite
                0xa00000c0                gBufferOwner
                0xa00000c4                gNeedDataWrite
                0xa00000c5                nextClusterIsLast
                0xa00000c6                gBufferZeroed
                0xa00000c7                recache
 .sbss          0xa00000c8        0x4 obj\asCARD.o
                0xa00000c8                gCardState
 .sbss          0xa00000cc        0xc c:/windows.prg/mplab883/mplab c32 suite v202/bin/../lib/gcc/pic32mx/4.5.1/../../../../pic32mx/lib\liblega-c.a(malloc.o)
                0xa00000cc                malloc_top_pad
                0xa00000d0                malloc_max_sbrked_mem
                0xa00000d4                malloc_max_total_mem
 .sbss          0xa00000d8        0x4 c:/windows.prg/mplab883/mplab c32 suite v202/bin/../lib/gcc/pic32mx/4.5.1/../../../../pic32mx/lib\liblega-c.a(errno.o)
                0xa00000d8                errno
 .sbss          0xa00000dc        0xc c:/windows.prg/mplab883/mplab c32 suite v202/bin/../lib/gcc/pic32mx/4.5.1/../../../../pic32mx/lib\liblega-c.a(localtime.o)
                0xa00000dc                _tz_stdoffset
                0xa00000e0                _tz_dstoffset
 .sbss          0xa00000e8        0x8 c:/windows.prg/mplab883/mplab c32 suite v202/bin/../lib/gcc/pic32mx/4.5.1/../../../../pic32mx/lib\liblega-c.a(clock.o)
 .sbss          0xa00000f0        0x4 c:/windows.prg/mplab883/mplab c32 suite v202/bin/../lib/gcc/pic32mx/4.5.1/../../../../pic32mx/lib\liblega-c.a(stubs.o)
                0xa00000f0                __isthreaded
 .sbss          0xa00000f4        0xc c:/windows.prg/mplab883/mplab c32 suite v202/bin/../lib/gcc/pic32mx/4.5.1/../../../../pic32mx/lib\liblega-c.a(sbrk.o)
                0xa00000f4                _minbrk
                0xa00000f8                _maxbrk
 .sbss          0xa0000100        0x4 c:/windows.prg/mplab883/mplab c32 suite v202/bin/../lib/gcc/pic32mx/4.5.1/../../../../pic32mx/lib\liblega-c.a(_cleanup.o)
                0xa0000100                __cleanup
 *(.scommon)
 .scommon       0xa0000104        0x4 obj\asPIC.o
                0xa0000104                gTimerHigh
 .scommon       0xa0000108        0x8 obj\SD-SPI.o
                0xa0000108                gMediaSectorSize
                0xa000010a                gSDMode
                0xa000010c                MDD_SDSPI_finalLBA
 .scommon       0xa0000110       0x1c obj\FSIO.o
                0xa0000110                TempClusterCalc
                0xa0000114                gTimeCrtTime
                0xa0000118                gFileSlotOpen
                0xa000011a                gTimeAccDate
                0xa000011c                gTimeCrtDate
                0xa000011e                FSerrno
                0xa000011f                dirCleared
                0xa0000120                gTimeWrtTime
                0xa0000124                FatRootDirClusterValue
                0xa0000128                gTimeCrtMS
                0xa000012a                gTimeWrtDate
 .scommon       0xa000012c        0x4 c:/windows.prg/mplab883/mplab c32 suite v202/bin/../lib/gcc/pic32mx/4.5.1/../../../../pic32mx/lib\liblega-c.a(setjmp.o)
                0xa000012c                _nofpu
                0xa0000130                _sbss_end = .

.bss            0xa0000130      0xaa4
 *(.dynbss)
 *(COMMON)
 COMMON         0xa0000130      0x400 obj\asCON.o
                0xa0000130                pRXBuf
 COMMON         0xa0000530      0x100 obj\asUART1.o
                0xa0000530                pUART1_RXBuf
 COMMON         0xa0000630      0x56d obj\FSIO.o
                0xa0000630                tempCWDobj
                0xa000066c                gDiskData
                0xa0000694                gFATBuffer
                0xa0000894                cwd
                0xa00008d0                gDataBuffer
                0xa0000ad0                gFileArray
                0xa0000b48                gFileTemp
                0xa0000b84                defaultArray
                0xa0000b90                defaultString
 *fill*         0xa0000b9d        0x3 00
 COMMON         0xa0000ba0       0x34 obj\asCARD.o
                0xa0000ba0                CardRec
                0xa0000bd4                . = ALIGN (0x4)
                0xa0000bd4                . = ALIGN (0x4)
                0xa0000bd4                _end = .
                0xa0000bd4                _bss_end = .
                0x00020000                _bmxdudba_address = 0x20000
                0x00020000                _bmxdupba_address = 0x20000

/DISCARD/
 *(.pdr)
 *(.reginfo)
 *(.rel.dyn)
 *(.note.GNU-stack)
 *(.note.GNU-stack)
 *(.gnu_debuglink)
 *(.gnu.lto_*)
 *(.discard)

.stab
 *(.stab)

.stabstr
 *(.stabstr)

.stab.excl
 *(.stab.excl)

.stab.exclstr
 *(.stab.exclstr)

.stab.index
 *(.stab.index)

.stab.indexstr
 *(.stab.indexstr)

.comment        0x00000000     0x1610
 *(.comment)
 .comment       0x00000000       0x51 obj\lapi.o
                                 0x52 (size before relaxing)
 .comment       0x00000000       0x52 obj\lauxlib.o
 .comment       0x00000000       0x52 obj\lbaselib.o
 .comment       0x00000000       0x52 obj\lcode.o
 .comment       0x00000000       0x52 obj\ldblib.o
 .comment       0x00000000       0x52 obj\ldebug.o
 .comment       0x00000000       0x52 obj\ldo.o
 .comment       0x00000000       0x52 obj\ldump.o
 .comment       0x00000000       0x52 obj\lfunc.o
 .comment       0x00000000       0x52 obj\lgc.o
 .comment       0x00000000       0x52 obj\linit.o
 .comment       0x00000000       0x52 obj\liolib.o
 .comment       0x00000000       0x52 obj\llex.o
 .comment       0x00000000       0x52 obj\lmathlib.o
 .comment       0x00000000       0x52 obj\lmem.o
 .comment       0x00000000       0x52 obj\loadlib.o
 .comment       0x00000000       0x52 obj\lobject.o
 .comment       0x00000000       0x52 obj\lopcodes.o
 .comment       0x00000000       0x52 obj\loslib.o
 .comment       0x00000000       0x52 obj\lparser.o
 .comment       0x00000000       0x52 obj\lstate.o
 .comment       0x00000000       0x52 obj\lstring.o
 .comment       0x00000000       0x52 obj\lstrlib.o
 .comment       0x00000000       0x52 obj\ltable.o
 .comment       0x00000000       0x52 obj\ltablib.o
 .comment       0x00000000       0x52 obj\ltm.o
 .comment       0x00000000       0x52 obj\lua.o
 .comment       0x00000000       0x52 obj\lundump.o
 .comment       0x00000000       0x52 obj\lvm.o
 .comment       0x00000000       0x52 obj\lzio.o
 .comment       0x00000000       0x52 obj\asPIC.o
 .comment       0x00000000       0x52 obj\asIO.o
 .comment       0x00000000       0x52 obj\asDBG.o
 .comment       0x00000000       0x52 obj\asINT.o
 .comment       0x00000000       0x52 obj\asCON.o
 .comment       0x00000000       0x52 obj\asLUA_PIC.o
 .comment       0x00000000       0x52 obj\asUART1.o
 .comment       0x00000000       0x52 obj\SD-SPI.o
 .comment       0x00000000       0x52 obj\FSIO.o
 .comment       0x00000000       0x52 obj\asCARD.o
 .comment       0x00000000       0x52 c:/windows.prg/mplab883/mplab c32 suite v202/bin/../lib/gcc/pic32mx/4.5.1\libgcc.a(_fixunsdfdi.o)
 .comment       0x00000000       0x52 c:/windows.prg/mplab883/mplab c32 suite v202/bin/../lib/gcc/pic32mx/4.5.1\libgcc.a(_floatundidf.o)
 .comment       0x00000000       0x52 c:/windows.prg/mplab883/mplab c32 suite v202/bin/../lib/gcc/pic32mx/4.5.1\libgcc.a(floatunsidf.o)
 .comment       0x00000051       0x55 c:/windows.prg/mplab883/mplab c32 suite v202/bin/../lib/gcc/pic32mx/4.5.1/../../../../pic32mx/lib\liblega-c.a(setjmp.o)
                                 0x56 (size before relaxing)
 .comment       0x000000a6       0x55 c:/windows.prg/mplab883/mplab c32 suite v202/bin/../lib/gcc/pic32mx/4.5.1/../../../../pic32mx/lib\liblega-c.a(memcmp.o)
                                 0x56 (size before relaxing)
 .comment       0x000000fb       0x55 c:/windows.prg/mplab883/mplab c32 suite v202/bin/../lib/gcc/pic32mx/4.5.1/../../../../pic32mx/lib\liblega-c.a(memset.o)
                                 0x56 (size before relaxing)
 .comment       0x00000150       0x55 c:/windows.prg/mplab883/mplab c32 suite v202/bin/../lib/gcc/pic32mx/4.5.1/../../../../pic32mx/lib\liblega-c.a(strcmp.o)
                                 0x56 (size before relaxing)
 .comment       0x000001a5       0x55 c:/windows.prg/mplab883/mplab c32 suite v202/bin/../lib/gcc/pic32mx/4.5.1/../../../../pic32mx/lib\liblega-c.a(strcpy.o)
                                 0x56 (size before relaxing)
 .comment       0x000001fa       0x55 c:/windows.prg/mplab883/mplab c32 suite v202/bin/../lib/gcc/pic32mx/4.5.1/../../../../pic32mx/lib\liblega-c.a(strlen.o)
                                 0x56 (size before relaxing)
 .comment       0x0000024f       0x4f c:/windows.prg/mplab883/mplab c32 suite v202/bin/../lib/gcc/pic32mx/4.5.1/../../../../pic32mx/lib\liblega-c.a(strcat.o)
                                 0xa1 (size before relaxing)
 .comment       0x0000029e       0x50 c:/windows.prg/mplab883/mplab c32 suite v202/bin/../lib/gcc/pic32mx/4.5.1/../../../../pic32mx/lib\liblega-c.a(strncat.o)
                                 0xa2 (size before relaxing)
 .comment       0x000002ee       0x50 c:/windows.prg/mplab883/mplab c32 suite v202/bin/../lib/gcc/pic32mx/4.5.1/../../../../pic32mx/lib\liblega-c.a(strncpy.o)
                                 0xa2 (size before relaxing)
 .comment       0x0000033e       0x4f c:/windows.prg/mplab883/mplab c32 suite v202/bin/../lib/gcc/pic32mx/4.5.1/../../../../pic32mx/lib\liblega-c.a(strchr.o)
                                 0xa1 (size before relaxing)
 .comment       0x0000038d       0x50 c:/windows.prg/mplab883/mplab c32 suite v202/bin/../lib/gcc/pic32mx/4.5.1/../../../../pic32mx/lib\liblega-c.a(strrchr.o)
                                 0xa2 (size before relaxing)
 .comment       0x000003dd       0x50 c:/windows.prg/mplab883/mplab c32 suite v202/bin/../lib/gcc/pic32mx/4.5.1/../../../../pic32mx/lib\liblega-c.a(strcspn.o)
                                 0xa2 (size before relaxing)
 .comment       0x0000042d       0x50 c:/windows.prg/mplab883/mplab c32 suite v202/bin/../lib/gcc/pic32mx/4.5.1/../../../../pic32mx/lib\liblega-c.a(strpbrk.o)
                                 0xa2 (size before relaxing)
 .comment       0x0000047d       0x4f c:/windows.prg/mplab883/mplab c32 suite v202/bin/../lib/gcc/pic32mx/4.5.1/../../../../pic32mx/lib\liblega-c.a(strstr.o)
                                 0xa1 (size before relaxing)
 .comment       0x000004cc       0x51 c:/windows.prg/mplab883/mplab c32 suite v202/bin/../lib/gcc/pic32mx/4.5.1/../../../../pic32mx/lib\liblega-c.a(strerror.o)
                                 0xa3 (size before relaxing)
 .comment       0x0000051d       0x4f c:/windows.prg/mplab883/mplab c32 suite v202/bin/../lib/gcc/pic32mx/4.5.1/../../../../pic32mx/lib\liblega-c.a(memchr.o)
                                 0xa1 (size before relaxing)
 .comment       0x0000056c       0x50 c:/windows.prg/mplab883/mplab c32 suite v202/bin/../lib/gcc/pic32mx/4.5.1/../../../../pic32mx/lib\liblega-c.a(strcoll.o)
                                 0xa2 (size before relaxing)
 .comment       0x000005bc       0x4d c:/windows.prg/mplab883/mplab c32 suite v202/bin/../lib/gcc/pic32mx/4.5.1/../../../../pic32mx/lib\liblega-c.a(exit.o)
                                 0x9f (size before relaxing)
 .comment       0x00000609       0x4e c:/windows.prg/mplab883/mplab c32 suite v202/bin/../lib/gcc/pic32mx/4.5.1/../../../../pic32mx/lib\liblega-c.a(ctype.o)
                                 0xa0 (size before relaxing)
 .comment       0x00000657       0x4f c:/windows.prg/mplab883/mplab c32 suite v202/bin/../lib/gcc/pic32mx/4.5.1/../../../../pic32mx/lib\liblega-c.a(ctypef.o)
                                 0xa1 (size before relaxing)
 .comment       0x00000000       0x52 c:/windows.prg/mplab883/mplab c32 suite v202/bin/../lib/gcc/pic32mx/4.5.1/../../../../pic32mx/lib\liblega-c.a(malloc.o)
 .comment       0x00000000       0x52 c:/windows.prg/mplab883/mplab c32 suite v202/bin/../lib/gcc/pic32mx/4.5.1/../../../../pic32mx/lib\liblega-c.a(malloc_realloc.o)
 .comment       0x000006a6       0x4d c:/windows.prg/mplab883/mplab c32 suite v202/bin/../lib/gcc/pic32mx/4.5.1/../../../../pic32mx/lib\liblega-c.a(rand.o)
                                 0x9f (size before relaxing)
 .comment       0x000006f3       0x4e c:/windows.prg/mplab883/mplab c32 suite v202/bin/../lib/gcc/pic32mx/4.5.1/../../../../pic32mx/lib\liblega-c.a(errno.o)
                                 0xa0 (size before relaxing)
 .comment       0x00000741       0x50 c:/windows.prg/mplab883/mplab c32 suite v202/bin/../lib/gcc/pic32mx/4.5.1/../../../../pic32mx/lib\liblega-c.a(strtoul.o)
                                 0xa2 (size before relaxing)
 .comment       0x00000791       0x4f c:/windows.prg/mplab883/mplab c32 suite v202/bin/../lib/gcc/pic32mx/4.5.1/../../../../pic32mx/lib\liblega-c.a(strtod.o)
                                 0xa1 (size before relaxing)
 .comment       0x000007e0       0x53 c:/windows.prg/mplab883/mplab c32 suite v202/bin/../lib/gcc/pic32mx/4.5.1/../../../../pic32mx/lib\liblega-c.a(_iobdata.o)
                                 0xa5 (size before relaxing)
 .comment       0x00000833       0x54 c:/windows.prg/mplab883/mplab c32 suite v202/bin/../lib/gcc/pic32mx/4.5.1/../../../../pic32mx/lib\liblega-c.a(_iobfuncs.o)
                                 0xa6 (size before relaxing)
 .comment       0x00000887       0x51 c:/windows.prg/mplab883/mplab c32 suite v202/bin/../lib/gcc/pic32mx/4.5.1/../../../../pic32mx/lib\liblega-c.a(rename.o)
                                 0xa3 (size before relaxing)
 .comment       0x000008d8       0x51 c:/windows.prg/mplab883/mplab c32 suite v202/bin/../lib/gcc/pic32mx/4.5.1/../../../../pic32mx/lib\liblega-c.a(fflush.o)
                                 0xa3 (size before relaxing)
 .comment       0x00000929       0x51 c:/windows.prg/mplab883/mplab c32 suite v202/bin/../lib/gcc/pic32mx/4.5.1/../../../../pic32mx/lib\liblega-c.a(_fwalk.o)
                                 0xa3 (size before relaxing)
 .comment       0x0000097a       0x50 c:/windows.prg/mplab883/mplab c32 suite v202/bin/../lib/gcc/pic32mx/4.5.1/../../../../pic32mx/lib\liblega-c.a(fputc.o)
                                 0xa2 (size before relaxing)
 .comment       0x000009ca       0x50 c:/windows.prg/mplab883/mplab c32 suite v202/bin/../lib/gcc/pic32mx/4.5.1/../../../../pic32mx/lib\liblega-c.a(fputs.o)
                                 0xa2 (size before relaxing)
 .comment       0x00000a1a       0x52 c:/windows.prg/mplab883/mplab c32 suite v202/bin/../lib/gcc/pic32mx/4.5.1/../../../../pic32mx/lib\liblega-c.a(fprintf.o)
                                 0xa4 (size before relaxing)
 .comment       0x00000a6c       0x51 c:/windows.prg/mplab883/mplab c32 suite v202/bin/../lib/gcc/pic32mx/4.5.1/../../../../pic32mx/lib\liblega-c.a(fscanf.o)
                                 0xa3 (size before relaxing)
 .comment       0x00000abd       0x52 c:/windows.prg/mplab883/mplab c32 suite v202/bin/../lib/gcc/pic32mx/4.5.1/../../../../pic32mx/lib\liblega-c.a(setvbuf.o)
                                 0xa4 (size before relaxing)
 .comment       0x00000b0f       0x52 c:/windows.prg/mplab883/mplab c32 suite v202/bin/../lib/gcc/pic32mx/4.5.1/../../../../pic32mx/lib\liblega-c.a(sprintf.o)
                                 0xa4 (size before relaxing)
 .comment       0x00000b61       0x55 c:/windows.prg/mplab883/mplab c32 suite v202/bin/../lib/gcc/pic32mx/4.5.1/../../../../pic32mx/lib\liblega-c.a(stdio_misc.o)
                                 0xa7 (size before relaxing)
 .comment       0x00000bb6       0x52 c:/windows.prg/mplab883/mplab c32 suite v202/bin/../lib/gcc/pic32mx/4.5.1/../../../../pic32mx/lib\liblega-c.a(tmpfile.o)
                                 0xa4 (size before relaxing)
 .comment       0x00000c08       0x51 c:/windows.prg/mplab883/mplab c32 suite v202/bin/../lib/gcc/pic32mx/4.5.1/../../../../pic32mx/lib\liblega-c.a(tmpnam.o)
                                 0xa3 (size before relaxing)
 .comment       0x00000c59       0x51 c:/windows.prg/mplab883/mplab c32 suite v202/bin/../lib/gcc/pic32mx/4.5.1/../../../../pic32mx/lib\liblega-c.a(ungetc.o)
                                 0xa3 (size before relaxing)
 .comment       0x00000caa       0x53 c:/windows.prg/mplab883/mplab c32 suite v202/bin/../lib/gcc/pic32mx/4.5.1/../../../../pic32mx/lib\liblega-c.a(snprintf.o)
                                 0xa5 (size before relaxing)
 .comment       0x00000cfd       0x56 c:/windows.prg/mplab883/mplab c32 suite v202/bin/../lib/gcc/pic32mx/4.5.1/../../../../pic32mx/lib\liblega-c.a(__vsnprintf.o)
                                 0xa8 (size before relaxing)
 .comment       0x00000000       0x52 c:/windows.prg/mplab883/mplab c32 suite v202/bin/../lib/gcc/pic32mx/4.5.1/../../../../pic32mx/lib\liblega-c.a(localtime.o)
 .comment       0x00000000       0x52 c:/windows.prg/mplab883/mplab c32 suite v202/bin/../lib/gcc/pic32mx/4.5.1/../../../../pic32mx/lib\liblega-c.a(gmtime.o)
 .comment       0x00000000       0x52 c:/windows.prg/mplab883/mplab c32 suite v202/bin/../lib/gcc/pic32mx/4.5.1/../../../../pic32mx/lib\liblega-c.a(offtime.o)
 .comment       0x00000d53       0x52 c:/windows.prg/mplab883/mplab c32 suite v202/bin/../lib/gcc/pic32mx/4.5.1/../../../../pic32mx/lib\liblega-c.a(difftime.o)
                                 0xa4 (size before relaxing)
 .comment       0x00000da5       0x52 c:/windows.prg/mplab883/mplab c32 suite v202/bin/../lib/gcc/pic32mx/4.5.1/../../../../pic32mx/lib\liblega-c.a(strftime.o)
                                 0xa4 (size before relaxing)
 .comment       0x00000df7       0x4e c:/windows.prg/mplab883/mplab c32 suite v202/bin/../lib/gcc/pic32mx/4.5.1/../../../../pic32mx/lib\liblega-c.a(clock.o)
                                 0xa0 (size before relaxing)
 .comment       0x00000000       0x52 c:/windows.prg/mplab883/mplab c32 suite v202/bin/../lib/gcc/pic32mx/4.5.1/../../../../pic32mx/lib\liblega-c.a(time.o)
 .comment       0x00000e45       0x4e c:/windows.prg/mplab883/mplab c32 suite v202/bin/../lib/gcc/pic32mx/4.5.1/../../../../pic32mx/lib\liblega-c.a(stubs.o)
                                 0xa0 (size before relaxing)
 .comment       0x00000e93       0x4b c:/windows.prg/mplab883/mplab c32 suite v202/bin/../lib/gcc/pic32mx/4.5.1/../../../../pic32mx/lib\liblega-c.a(sbrk.o)
                                 0x9d (size before relaxing)
 .comment       0x00000000       0x52 c:/windows.prg/mplab883/mplab c32 suite v202/bin/../lib/gcc/pic32mx/4.5.1/../../../../pic32mx/lib\liblega-c.a(default-general-exception-handler.o)
 .comment       0x00000000       0x52 c:/windows.prg/mplab883/mplab c32 suite v202/bin/../lib/gcc/pic32mx/4.5.1/../../../../pic32mx/lib\liblega-c.a(default-bootstrap-exception-handler.o)
 .comment       0x00000000       0x52 c:/windows.prg/mplab883/mplab c32 suite v202/bin/../lib/gcc/pic32mx/4.5.1/../../../../pic32mx/lib\liblega-c.a(default-on-reset.o)
 .comment       0x00000000       0x52 c:/windows.prg/mplab883/mplab c32 suite v202/bin/../lib/gcc/pic32mx/4.5.1/../../../../pic32mx/lib\liblega-c.a(default-on-bootstrap.o)
 .comment       0x00000000       0x52 c:/windows.prg/mplab883/mplab c32 suite v202/bin/../lib/gcc/pic32mx/4.5.1/../../../../pic32mx/lib\liblega-c.a(_exit.o)
 .comment       0x00000000       0x52 c:/windows.prg/mplab883/mplab c32 suite v202/bin/../lib/gcc/pic32mx/4.5.1/../../../../pic32mx/lib\liblega-c.a(system.o)
 .comment       0x00000000       0x52 c:/windows.prg/mplab883/mplab c32 suite v202/bin/../lib/gcc/pic32mx/4.5.1/../../../../pic32mx/lib\liblega-c.a(getenv.o)
 .comment       0x00000000       0x52 c:/windows.prg/mplab883/mplab c32 suite v202/bin/../lib/gcc/pic32mx/4.5.1/../../../../pic32mx/lib\liblega-c.a(signal.o)
 .comment       0x00000000       0x52 c:/windows.prg/mplab883/mplab c32 suite v202/bin/../lib/gcc/pic32mx/4.5.1/../../../../pic32mx/lib\liblega-c.a(localeconv.o)
 .comment       0x00000000       0x52 c:/windows.prg/mplab883/mplab c32 suite v202/bin/../lib/gcc/pic32mx/4.5.1/../../../../pic32mx/lib\liblega-c.a(setlocale.o)
 .comment       0x00000000       0x52 c:/windows.prg/mplab883/mplab c32 suite v202/bin/../lib/gcc/pic32mx/4.5.1/../../../../pic32mx/lib\liblega-c.a(_mon_getc.o)
 .comment       0x00000000       0x52 c:/windows.prg/mplab883/mplab c32 suite v202/bin/../lib/gcc/pic32mx/4.5.1/../../../../pic32mx/lib\liblega-c.a(_mon_write.o)
 .comment       0x00000ede       0x50 c:/windows.prg/mplab883/mplab c32 suite v202/bin/../lib/gcc/pic32mx/4.5.1/../../../../pic32mx/lib\liblega-c.a(memmove.o)
                                 0xa2 (size before relaxing)
 .comment       0x00000f2e       0x51 c:/windows.prg/mplab883/mplab c32 suite v202/bin/../lib/gcc/pic32mx/4.5.1/../../../../pic32mx/lib\liblega-c.a(fullexit.o)
                                 0xa3 (size before relaxing)
 .comment       0x00000f7f       0x53 c:/windows.prg/mplab883/mplab c32 suite v202/bin/../lib/gcc/pic32mx/4.5.1/../../../../pic32mx/lib\liblega-c.a(_bufproc.o)
                                 0xa5 (size before relaxing)
 .comment       0x00000fd2       0x52 c:/windows.prg/mplab883/mplab c32 suite v202/bin/../lib/gcc/pic32mx/4.5.1/../../../../pic32mx/lib\liblega-c.a(_doprnt.o)
                                 0xa4 (size before relaxing)
 .comment       0x00001024       0x52 c:/windows.prg/mplab883/mplab c32 suite v202/bin/../lib/gcc/pic32mx/4.5.1/../../../../pic32mx/lib\liblega-c.a(_doscan.o)
                                 0xa4 (size before relaxing)
 .comment       0x00001076       0x52 c:/windows.prg/mplab883/mplab c32 suite v202/bin/../lib/gcc/pic32mx/4.5.1/../../../../pic32mx/lib\liblega-c.a(_ioinit.o)
                                 0xa4 (size before relaxing)
 .comment       0x000010c8       0x55 c:/windows.prg/mplab883/mplab c32 suite v202/bin/../lib/gcc/pic32mx/4.5.1/../../../../pic32mx/lib\liblega-c.a(_iobstring.o)
                                 0xa7 (size before relaxing)
 .comment       0x0000111d       0x51 c:/windows.prg/mplab883/mplab c32 suite v202/bin/../lib/gcc/pic32mx/4.5.1/../../../../pic32mx/lib\liblega-c.a(_cleanup.o)
                                 0xa3 (size before relaxing)
 .comment       0x0000116e       0x4e c:/windows.prg/mplab883/mplab c32 suite v202/bin/../lib/gcc/pic32mx/4.5.1/../../../../pic32mx/lib\liblega-c.a(isatty.o)
                                 0xa0 (size before relaxing)
 .comment       0x00000000       0x52 c:/windows.prg/mplab883/mplab c32 suite v202/bin/../lib/gcc/pic32mx/4.5.1/../../../../pic32mx/lib\liblega-c.a(_mon_putc.o)
 .comment       0x000011bc       0x4f c:/windows.prg/mplab883/mplab c32 suite v202/bin/../lib/gcc/pic32mx/4.5.1/../../../../pic32mx/lib\liblega-c.a(strtol.o)
                                 0xa1 (size before relaxing)
 .comment       0x0000120b       0x50 c:/windows.prg/mplab883/mplab c32 suite v202/bin/../lib/gcc/pic32mx/4.5.1/../../../../pic32mx/lib\liblega-c.a(strtoll.o)
                                 0xa2 (size before relaxing)
 .comment       0x0000125b       0x51 c:/windows.prg/mplab883/mplab c32 suite v202/bin/../lib/gcc/pic32mx/4.5.1/../../../../pic32mx/lib\liblega-c.a(strtoull.o)
                                 0xa3 (size before relaxing)
 .comment       0x00000000       0xa1 c:/windows.prg/mplab883/mplab c32 suite v202/bin/../lib/gcc/pic32mx/4.5.1/../../../../pic32mx/lib\liblega-c.a(strtof.o)
 .comment       0x00000000       0x52 c:/windows.prg/mplab883/mplab c32 suite v202/bin/../lib/gcc/pic32mx/4.5.1/../../../../pic32mx/lib\libm.a(w_cosh.o)
 .comment       0x00000000       0x52 c:/windows.prg/mplab883/mplab c32 suite v202/bin/../lib/gcc/pic32mx/4.5.1/../../../../pic32mx/lib\libm.a(w_sinh.o)
 .comment       0x00000000       0x52 c:/windows.prg/mplab883/mplab c32 suite v202/bin/../lib/gcc/pic32mx/4.5.1/../../../../pic32mx/lib\libm.a(w_exp.o)
 .comment       0x00000000       0x52 c:/windows.prg/mplab883/mplab c32 suite v202/bin/../lib/gcc/pic32mx/4.5.1/../../../../pic32mx/lib\libm.a(w_ldexp.o)
 .comment       0x00000000       0x52 c:/windows.prg/mplab883/mplab c32 suite v202/bin/../lib/gcc/pic32mx/4.5.1/../../../../pic32mx/lib\libm.a(w_pow.o)
 .comment       0x00000000       0x52 c:/windows.prg/mplab883/mplab c32 suite v202/bin/../lib/gcc/pic32mx/4.5.1/../../../../pic32mx/lib\libm.a(w_log.o)
 .comment       0x00000000       0x52 c:/windows.prg/mplab883/mplab c32 suite v202/bin/../lib/gcc/pic32mx/4.5.1/../../../../pic32mx/lib\libm.a(w_log10.o)
 .comment       0x00000000       0x52 c:/windows.prg/mplab883/mplab c32 suite v202/bin/../lib/gcc/pic32mx/4.5.1/../../../../pic32mx/lib\libm.a(w_acos32.o)
 .comment       0x00000000       0x52 c:/windows.prg/mplab883/mplab c32 suite v202/bin/../lib/gcc/pic32mx/4.5.1/../../../../pic32mx/lib\libm.a(w_asin32.o)
 .comment       0x00000000       0x52 c:/windows.prg/mplab883/mplab c32 suite v202/bin/../lib/gcc/pic32mx/4.5.1/../../../../pic32mx/lib\libm.a(w_atan32.o)
 .comment       0x00000000       0x52 c:/windows.prg/mplab883/mplab c32 suite v202/bin/../lib/gcc/pic32mx/4.5.1/../../../../pic32mx/lib\libm.a(w_sqrt.o)
 .comment       0x00000000       0x52 c:/windows.prg/mplab883/mplab c32 suite v202/bin/../lib/gcc/pic32mx/4.5.1/../../../../pic32mx/lib\libm.a(s_lib_ver.o)
 .comment       0x000012ac       0x9d c:/windows.prg/mplab883/mplab c32 suite v202/bin/../lib/gcc/pic32mx/4.5.1/../../../../pic32mx/lib\libe.a(_strtod.o)
                                 0xef (size before relaxing)
 .comment       0x00001349       0x4f c:/windows.prg/mplab883/mplab c32 suite v202/bin/../lib/gcc/pic32mx/4.5.1/../../../../pic32mx/lib\libe.a(_strtof.o)
                                 0xef (size before relaxing)
 .comment       0x00001398       0x4f c:/windows.prg/mplab883/mplab c32 suite v202/bin/../lib/gcc/pic32mx/4.5.1/../../../../pic32mx/lib\libe.a(_floatsisf.o)
                                 0xef (size before relaxing)
 .comment       0x000013e7       0x4e c:/windows.prg/mplab883/mplab c32 suite v202/bin/../lib/gcc/pic32mx/4.5.1/../../../../pic32mx/lib\libe.a(_addsf3.o)
                                 0xee (size before relaxing)
 .comment       0x00001435       0x4e c:/windows.prg/mplab883/mplab c32 suite v202/bin/../lib/gcc/pic32mx/4.5.1/../../../../pic32mx/lib\libe.a(_negsf2.o)
                                 0xee (size before relaxing)
 .comment       0x00001483       0x4e c:/windows.prg/mplab883/mplab c32 suite v202/bin/../lib/gcc/pic32mx/4.5.1/../../../../pic32mx/lib\libe.a(_mulsf3.o)
                                 0xee (size before relaxing)
 .comment       0x000014d1       0x4e c:/windows.prg/mplab883/mplab c32 suite v202/bin/../lib/gcc/pic32mx/4.5.1/../../../../pic32mx/lib\libe.a(_divsf3.o)
                                 0xee (size before relaxing)
 .comment       0x0000151f       0x50 c:/windows.prg/mplab883/mplab c32 suite v202/bin/../lib/gcc/pic32mx/4.5.1/../../../../pic32mx/lib\libe.a(_ldexp.o)
                                 0xf0 (size before relaxing)
 .comment       0x0000156f       0x50 c:/windows.prg/mplab883/mplab c32 suite v202/bin/../lib/gcc/pic32mx/4.5.1/../../../../pic32mx/lib\libe.a(_ldexpf.o)
                                 0xf0 (size before relaxing)
 .comment       0x000015bf       0x51 c:/windows.prg/mplab883/mplab c32 suite v202/bin/../lib/gcc/pic32mx/4.5.1/../../../../pic32mx/lib\libmchp_peripheral_32MX795F512L.a(pcache.o)
                                 0x52 (size before relaxing)
 .comment       0x00000000       0x52 c:/windows.prg/mplab883/mplab c32 suite v202/bin/../lib/gcc/pic32mx/4.5.1/../../../../pic32mx/lib\libmchp_peripheral_32MX795F512L.a(int_enable_interrupts_lib.o)
 .comment       0x00000000       0x52 c:/windows.prg/mplab883/mplab c32 suite v202/bin/../lib/gcc/pic32mx/4.5.1/../../../../pic32mx/lib\libmchp_peripheral_32MX795F512L.a(int_disable_interrupts_lib.o)
 .comment       0x00000000       0x52 c:/windows.prg/mplab883/mplab c32 suite v202/bin/../lib/gcc/pic32mx/4.5.1/../../../../pic32mx/lib\libmchp_peripheral_32MX795F512L.a(int_restore_interrupts_lib.o)
 .comment       0x00000000       0x52 c:/windows.prg/mplab883/mplab c32 suite v202/bin/../lib/gcc/pic32mx/4.5.1/../../../../pic32mx/lib\libmchp_peripheral_32MX795F512L.a(int_enable_mv_int_lib.o)
 .comment       0x00000000       0x52 c:/windows.prg/mplab883/mplab c32 suite v202/bin/../lib/gcc/pic32mx/4.5.1/../../../../pic32mx/lib\libmchp_peripheral_32MX795F512L.a(spi_getc_spi2_lib_legacy.o)
 .comment       0x00000000       0x52 c:/windows.prg/mplab883/mplab c32 suite v202/bin/../lib/gcc/pic32mx/4.5.1/../../../../pic32mx/lib\libmchp_peripheral_32MX795F512L.a(spi_open_spi2_lib_legacy.o)
 .comment       0x00000000       0x52 c:/windows.prg/mplab883/mplab c32 suite v202/bin/../lib/gcc/pic32mx/4.5.1/../../../../pic32mx/lib\libmchp_peripheral_32MX795F512L.a(spi_brg_tbl_lib_legacy.o)
 .comment       0x00000000       0x52 c:/windows.prg/mplab883/mplab c32 suite v202/bin/../lib/gcc/pic32mx/4.5.1/../../../../pic32mx/lib\liblega-c.a(isinf.o)
 .comment       0x00000000       0xa0 c:/windows.prg/mplab883/mplab c32 suite v202/bin/../lib/gcc/pic32mx/4.5.1/../../../../pic32mx/lib\libe.a(_unorddf2.o)
 .comment       0x00000000       0x52 c:/windows.prg/mplab883/mplab c32 suite v202/bin/../lib/gcc/pic32mx/4.5.1\libgcc.a(_lshrdi3.o)
 .comment       0x00000000       0x52 c:/windows.prg/mplab883/mplab c32 suite v202/bin/../lib/gcc/pic32mx/4.5.1\libgcc.a(_ashldi3.o)
 .comment       0x00000000       0x52 c:/windows.prg/mplab883/mplab c32 suite v202/bin/../lib/gcc/pic32mx/4.5.1\libgcc.a(_divdi3.o)
 .comment       0x00000000       0x52 c:/windows.prg/mplab883/mplab c32 suite v202/bin/../lib/gcc/pic32mx/4.5.1\libgcc.a(_udivdi3.o)
 .comment       0x00000000       0x52 c:/windows.prg/mplab883/mplab c32 suite v202/bin/../lib/gcc/pic32mx/4.5.1\libgcc.a(_umoddi3.o)

.debug
 *(.debug)

.line
 *(.line)

.debug_srcinfo
 *(.debug_srcinfo)

.debug_sfnames
 *(.debug_sfnames)

.debug_aranges  0x00000000      0x490
 *(.debug_aranges)
 .debug_aranges
                0x00000000       0x20 c:/windows.prg/mplab883/mplab c32 suite v202/bin/../lib/gcc/pic32mx/4.5.1\libgcc.a(_fixunsdfdi.o)
 .debug_aranges
                0x00000020       0x20 c:/windows.prg/mplab883/mplab c32 suite v202/bin/../lib/gcc/pic32mx/4.5.1\libgcc.a(_floatundidf.o)
 .debug_aranges
                0x00000040       0x20 c:/windows.prg/mplab883/mplab c32 suite v202/bin/../lib/gcc/pic32mx/4.5.1\libgcc.a(floatunsidf.o)
 .debug_aranges
                0x00000060       0x20 c:/windows.prg/mplab883/mplab c32 suite v202/bin/../lib/gcc/pic32mx/4.5.1/../../../../pic32mx/lib\libm.a(w_cosh.o)
 .debug_aranges
                0x00000080       0x20 c:/windows.prg/mplab883/mplab c32 suite v202/bin/../lib/gcc/pic32mx/4.5.1/../../../../pic32mx/lib\libm.a(w_sinh.o)
 .debug_aranges
                0x000000a0       0x20 c:/windows.prg/mplab883/mplab c32 suite v202/bin/../lib/gcc/pic32mx/4.5.1/../../../../pic32mx/lib\libm.a(w_exp.o)
 .debug_aranges
                0x000000c0       0x20 c:/windows.prg/mplab883/mplab c32 suite v202/bin/../lib/gcc/pic32mx/4.5.1/../../../../pic32mx/lib\libm.a(w_ldexp.o)
 .debug_aranges
                0x000000e0       0x20 c:/windows.prg/mplab883/mplab c32 suite v202/bin/../lib/gcc/pic32mx/4.5.1/../../../../pic32mx/lib\libm.a(w_pow.o)
 .debug_aranges
                0x00000100       0x20 c:/windows.prg/mplab883/mplab c32 suite v202/bin/../lib/gcc/pic32mx/4.5.1/../../../../pic32mx/lib\libm.a(w_log.o)
 .debug_aranges
                0x00000120       0x20 c:/windows.prg/mplab883/mplab c32 suite v202/bin/../lib/gcc/pic32mx/4.5.1/../../../../pic32mx/lib\libm.a(w_log10.o)
 .debug_aranges
                0x00000140       0x20 c:/windows.prg/mplab883/mplab c32 suite v202/bin/../lib/gcc/pic32mx/4.5.1/../../../../pic32mx/lib\libm.a(w_acos32.o)
 .debug_aranges
                0x00000160       0x20 c:/windows.prg/mplab883/mplab c32 suite v202/bin/../lib/gcc/pic32mx/4.5.1/../../../../pic32mx/lib\libm.a(w_asin32.o)
 .debug_aranges
                0x00000180       0x20 c:/windows.prg/mplab883/mplab c32 suite v202/bin/../lib/gcc/pic32mx/4.5.1/../../../../pic32mx/lib\libm.a(w_atan32.o)
 .debug_aranges
                0x000001a0       0x20 c:/windows.prg/mplab883/mplab c32 suite v202/bin/../lib/gcc/pic32mx/4.5.1/../../../../pic32mx/lib\libm.a(w_sqrt.o)
 .debug_aranges
                0x000001c0       0x20 c:/windows.prg/mplab883/mplab c32 suite v202/bin/../lib/gcc/pic32mx/4.5.1/../../../../pic32mx/lib\libe.a(_strtod.o)
 .debug_aranges
                0x000001e0       0x20 c:/windows.prg/mplab883/mplab c32 suite v202/bin/../lib/gcc/pic32mx/4.5.1/../../../../pic32mx/lib\libe.a(_strtof.o)
 .debug_aranges
                0x00000200       0x20 c:/windows.prg/mplab883/mplab c32 suite v202/bin/../lib/gcc/pic32mx/4.5.1/../../../../pic32mx/lib\libe.a(_floatsisf.o)
 .debug_aranges
                0x00000220       0x28 c:/windows.prg/mplab883/mplab c32 suite v202/bin/../lib/gcc/pic32mx/4.5.1/../../../../pic32mx/lib\libe.a(_addsf3.o)
 .debug_aranges
                0x00000248       0x20 c:/windows.prg/mplab883/mplab c32 suite v202/bin/../lib/gcc/pic32mx/4.5.1/../../../../pic32mx/lib\libe.a(_negsf2.o)
 .debug_aranges
                0x00000268       0x20 c:/windows.prg/mplab883/mplab c32 suite v202/bin/../lib/gcc/pic32mx/4.5.1/../../../../pic32mx/lib\libe.a(_mulsf3.o)
 .debug_aranges
                0x00000288       0x20 c:/windows.prg/mplab883/mplab c32 suite v202/bin/../lib/gcc/pic32mx/4.5.1/../../../../pic32mx/lib\libe.a(_divsf3.o)
 .debug_aranges
                0x000002a8       0x20 c:/windows.prg/mplab883/mplab c32 suite v202/bin/../lib/gcc/pic32mx/4.5.1/../../../../pic32mx/lib\libe.a(_ldexp.o)
 .debug_aranges
                0x000002c8       0x20 c:/windows.prg/mplab883/mplab c32 suite v202/bin/../lib/gcc/pic32mx/4.5.1/../../../../pic32mx/lib\libe.a(_ldexpf.o)
 .debug_aranges
                0x000002e8       0x28 c:/windows.prg/mplab883/mplab c32 suite v202/bin/../lib/gcc/pic32mx/4.5.1/../../../../pic32mx/lib\libmchp_peripheral_32MX795F512L.a(pcache.o)
 .debug_aranges
                0x00000310       0x20 c:/windows.prg/mplab883/mplab c32 suite v202/bin/../lib/gcc/pic32mx/4.5.1/../../../../pic32mx/lib\libmchp_peripheral_32MX795F512L.a(int_enable_interrupts_lib.o)
 .debug_aranges
                0x00000330       0x20 c:/windows.prg/mplab883/mplab c32 suite v202/bin/../lib/gcc/pic32mx/4.5.1/../../../../pic32mx/lib\libmchp_peripheral_32MX795F512L.a(int_disable_interrupts_lib.o)
 .debug_aranges
                0x00000350       0x20 c:/windows.prg/mplab883/mplab c32 suite v202/bin/../lib/gcc/pic32mx/4.5.1/../../../../pic32mx/lib\libmchp_peripheral_32MX795F512L.a(int_restore_interrupts_lib.o)
 .debug_aranges
                0x00000370       0x20 c:/windows.prg/mplab883/mplab c32 suite v202/bin/../lib/gcc/pic32mx/4.5.1/../../../../pic32mx/lib\libmchp_peripheral_32MX795F512L.a(int_enable_mv_int_lib.o)
 .debug_aranges
                0x00000390       0x20 c:/windows.prg/mplab883/mplab c32 suite v202/bin/../lib/gcc/pic32mx/4.5.1/../../../../pic32mx/lib\libmchp_peripheral_32MX795F512L.a(spi_getc_spi2_lib_legacy.o)
 .debug_aranges
                0x000003b0       0x20 c:/windows.prg/mplab883/mplab c32 suite v202/bin/../lib/gcc/pic32mx/4.5.1/../../../../pic32mx/lib\libmchp_peripheral_32MX795F512L.a(spi_open_spi2_lib_legacy.o)
 .debug_aranges
                0x000003d0       0x20 c:/windows.prg/mplab883/mplab c32 suite v202/bin/../lib/gcc/pic32mx/4.5.1/../../../../pic32mx/lib\libe.a(_unorddf2.o)
 .debug_aranges
                0x000003f0       0x20 c:/windows.prg/mplab883/mplab c32 suite v202/bin/../lib/gcc/pic32mx/4.5.1\libgcc.a(_lshrdi3.o)
 .debug_aranges
                0x00000410       0x20 c:/windows.prg/mplab883/mplab c32 suite v202/bin/../lib/gcc/pic32mx/4.5.1\libgcc.a(_ashldi3.o)
 .debug_aranges
                0x00000430       0x20 c:/windows.prg/mplab883/mplab c32 suite v202/bin/../lib/gcc/pic32mx/4.5.1\libgcc.a(_divdi3.o)
 .debug_aranges
                0x00000450       0x20 c:/windows.prg/mplab883/mplab c32 suite v202/bin/../lib/gcc/pic32mx/4.5.1\libgcc.a(_udivdi3.o)
 .debug_aranges
                0x00000470       0x20 c:/windows.prg/mplab883/mplab c32 suite v202/bin/../lib/gcc/pic32mx/4.5.1\libgcc.a(_umoddi3.o)

.debug_pubnames
                0x00000000      0x4a9
 *(.debug_pubnames)
 .debug_pubnames
                0x00000000       0x23 c:/windows.prg/mplab883/mplab c32 suite v202/bin/../lib/gcc/pic32mx/4.5.1\libgcc.a(_fixunsdfdi.o)
 .debug_pubnames
                0x00000023       0x24 c:/windows.prg/mplab883/mplab c32 suite v202/bin/../lib/gcc/pic32mx/4.5.1\libgcc.a(_floatundidf.o)
 .debug_pubnames
                0x00000047       0x24 c:/windows.prg/mplab883/mplab c32 suite v202/bin/../lib/gcc/pic32mx/4.5.1\libgcc.a(floatunsidf.o)
 .debug_pubnames
                0x0000006b       0x1b c:/windows.prg/mplab883/mplab c32 suite v202/bin/../lib/gcc/pic32mx/4.5.1/../../../../pic32mx/lib\libm.a(w_cosh.o)
 .debug_pubnames
                0x00000086       0x1b c:/windows.prg/mplab883/mplab c32 suite v202/bin/../lib/gcc/pic32mx/4.5.1/../../../../pic32mx/lib\libm.a(w_sinh.o)
 .debug_pubnames
                0x000000a1       0x1a c:/windows.prg/mplab883/mplab c32 suite v202/bin/../lib/gcc/pic32mx/4.5.1/../../../../pic32mx/lib\libm.a(w_exp.o)
 .debug_pubnames
                0x000000bb       0x1c c:/windows.prg/mplab883/mplab c32 suite v202/bin/../lib/gcc/pic32mx/4.5.1/../../../../pic32mx/lib\libm.a(w_ldexp.o)
 .debug_pubnames
                0x000000d7       0x1a c:/windows.prg/mplab883/mplab c32 suite v202/bin/../lib/gcc/pic32mx/4.5.1/../../../../pic32mx/lib\libm.a(w_pow.o)
 .debug_pubnames
                0x000000f1       0x1a c:/windows.prg/mplab883/mplab c32 suite v202/bin/../lib/gcc/pic32mx/4.5.1/../../../../pic32mx/lib\libm.a(w_log.o)
 .debug_pubnames
                0x0000010b       0x1c c:/windows.prg/mplab883/mplab c32 suite v202/bin/../lib/gcc/pic32mx/4.5.1/../../../../pic32mx/lib\libm.a(w_log10.o)
 .debug_pubnames
                0x00000127       0x1b c:/windows.prg/mplab883/mplab c32 suite v202/bin/../lib/gcc/pic32mx/4.5.1/../../../../pic32mx/lib\libm.a(w_acos32.o)
 .debug_pubnames
                0x00000142       0x1b c:/windows.prg/mplab883/mplab c32 suite v202/bin/../lib/gcc/pic32mx/4.5.1/../../../../pic32mx/lib\libm.a(w_asin32.o)
 .debug_pubnames
                0x0000015d       0x1c c:/windows.prg/mplab883/mplab c32 suite v202/bin/../lib/gcc/pic32mx/4.5.1/../../../../pic32mx/lib\libm.a(w_atan32.o)
 .debug_pubnames
                0x00000179       0x1b c:/windows.prg/mplab883/mplab c32 suite v202/bin/../lib/gcc/pic32mx/4.5.1/../../../../pic32mx/lib\libm.a(w_sqrt.o)
 .debug_pubnames
                0x00000194       0x1f c:/windows.prg/mplab883/mplab c32 suite v202/bin/../lib/gcc/pic32mx/4.5.1/../../../../pic32mx/lib\libe.a(_strtod.o)
 .debug_pubnames
                0x000001b3       0x1f c:/windows.prg/mplab883/mplab c32 suite v202/bin/../lib/gcc/pic32mx/4.5.1/../../../../pic32mx/lib\libe.a(_strtof.o)
 .debug_pubnames
                0x000001d2       0x22 c:/windows.prg/mplab883/mplab c32 suite v202/bin/../lib/gcc/pic32mx/4.5.1/../../../../pic32mx/lib\libe.a(_floatsisf.o)
 .debug_pubnames
                0x000001f4       0x2c c:/windows.prg/mplab883/mplab c32 suite v202/bin/../lib/gcc/pic32mx/4.5.1/../../../../pic32mx/lib\libe.a(_addsf3.o)
 .debug_pubnames
                0x00000220       0x1f c:/windows.prg/mplab883/mplab c32 suite v202/bin/../lib/gcc/pic32mx/4.5.1/../../../../pic32mx/lib\libe.a(_negsf2.o)
 .debug_pubnames
                0x0000023f       0x1f c:/windows.prg/mplab883/mplab c32 suite v202/bin/../lib/gcc/pic32mx/4.5.1/../../../../pic32mx/lib\libe.a(_mulsf3.o)
 .debug_pubnames
                0x0000025e       0x1f c:/windows.prg/mplab883/mplab c32 suite v202/bin/../lib/gcc/pic32mx/4.5.1/../../../../pic32mx/lib\libe.a(_divsf3.o)
 .debug_pubnames
                0x0000027d       0x1e c:/windows.prg/mplab883/mplab c32 suite v202/bin/../lib/gcc/pic32mx/4.5.1/../../../../pic32mx/lib\libe.a(_ldexp.o)
 .debug_pubnames
                0x0000029b       0x1f c:/windows.prg/mplab883/mplab c32 suite v202/bin/../lib/gcc/pic32mx/4.5.1/../../../../pic32mx/lib\libe.a(_ldexpf.o)
 .debug_pubnames
                0x000002ba       0x3b c:/windows.prg/mplab883/mplab c32 suite v202/bin/../lib/gcc/pic32mx/4.5.1/../../../../pic32mx/lib\libmchp_peripheral_32MX795F512L.a(pcache.o)
 .debug_pubnames
                0x000002f5       0x2a c:/windows.prg/mplab883/mplab c32 suite v202/bin/../lib/gcc/pic32mx/4.5.1/../../../../pic32mx/lib\libmchp_peripheral_32MX795F512L.a(int_enable_interrupts_lib.o)
 .debug_pubnames
                0x0000031f       0x2b c:/windows.prg/mplab883/mplab c32 suite v202/bin/../lib/gcc/pic32mx/4.5.1/../../../../pic32mx/lib\libmchp_peripheral_32MX795F512L.a(int_disable_interrupts_lib.o)
 .debug_pubnames
                0x0000034a       0x2b c:/windows.prg/mplab883/mplab c32 suite v202/bin/../lib/gcc/pic32mx/4.5.1/../../../../pic32mx/lib\libmchp_peripheral_32MX795F512L.a(int_restore_interrupts_lib.o)
 .debug_pubnames
                0x00000375       0x36 c:/windows.prg/mplab883/mplab c32 suite v202/bin/../lib/gcc/pic32mx/4.5.1/../../../../pic32mx/lib\libmchp_peripheral_32MX795F512L.a(int_enable_mv_int_lib.o)
 .debug_pubnames
                0x000003ab       0x1f c:/windows.prg/mplab883/mplab c32 suite v202/bin/../lib/gcc/pic32mx/4.5.1/../../../../pic32mx/lib\libmchp_peripheral_32MX795F512L.a(spi_getc_spi2_lib_legacy.o)
 .debug_pubnames
                0x000003ca       0x1f c:/windows.prg/mplab883/mplab c32 suite v202/bin/../lib/gcc/pic32mx/4.5.1/../../../../pic32mx/lib\libmchp_peripheral_32MX795F512L.a(spi_open_spi2_lib_legacy.o)
 .debug_pubnames
                0x000003e9       0x21 c:/windows.prg/mplab883/mplab c32 suite v202/bin/../lib/gcc/pic32mx/4.5.1/../../../../pic32mx/lib\libe.a(_unorddf2.o)
 .debug_pubnames
                0x0000040a       0x20 c:/windows.prg/mplab883/mplab c32 suite v202/bin/../lib/gcc/pic32mx/4.5.1\libgcc.a(_lshrdi3.o)
 .debug_pubnames
                0x0000042a       0x20 c:/windows.prg/mplab883/mplab c32 suite v202/bin/../lib/gcc/pic32mx/4.5.1\libgcc.a(_ashldi3.o)
 .debug_pubnames
                0x0000044a       0x1f c:/windows.prg/mplab883/mplab c32 suite v202/bin/../lib/gcc/pic32mx/4.5.1\libgcc.a(_divdi3.o)
 .debug_pubnames
                0x00000469       0x20 c:/windows.prg/mplab883/mplab c32 suite v202/bin/../lib/gcc/pic32mx/4.5.1\libgcc.a(_udivdi3.o)
 .debug_pubnames
                0x00000489       0x20 c:/windows.prg/mplab883/mplab c32 suite v202/bin/../lib/gcc/pic32mx/4.5.1\libgcc.a(_umoddi3.o)

.debug_info     0x00000000     0x3cc8
 *(.debug_info .gnu.linkonce.wi.*)
 .debug_info    0x00000000      0x291 c:/windows.prg/mplab883/mplab c32 suite v202/bin/../lib/gcc/pic32mx/4.5.1\libgcc.a(_fixunsdfdi.o)
 .debug_info    0x00000291      0x2cc c:/windows.prg/mplab883/mplab c32 suite v202/bin/../lib/gcc/pic32mx/4.5.1\libgcc.a(_floatundidf.o)
 .debug_info    0x0000055d      0x19b c:/windows.prg/mplab883/mplab c32 suite v202/bin/../lib/gcc/pic32mx/4.5.1\libgcc.a(floatunsidf.o)
 .debug_info    0x000006f8       0xd9 c:/windows.prg/mplab883/mplab c32 suite v202/bin/../lib/gcc/pic32mx/4.5.1/../../../../pic32mx/lib\libm.a(w_cosh.o)
 .debug_info    0x000007d1       0xd9 c:/windows.prg/mplab883/mplab c32 suite v202/bin/../lib/gcc/pic32mx/4.5.1/../../../../pic32mx/lib\libm.a(w_sinh.o)
 .debug_info    0x000008aa       0xd7 c:/windows.prg/mplab883/mplab c32 suite v202/bin/../lib/gcc/pic32mx/4.5.1/../../../../pic32mx/lib\libm.a(w_exp.o)
 .debug_info    0x00000981       0xdb c:/windows.prg/mplab883/mplab c32 suite v202/bin/../lib/gcc/pic32mx/4.5.1/../../../../pic32mx/lib\libm.a(w_ldexp.o)
 .debug_info    0x00000a5c       0xd7 c:/windows.prg/mplab883/mplab c32 suite v202/bin/../lib/gcc/pic32mx/4.5.1/../../../../pic32mx/lib\libm.a(w_pow.o)
 .debug_info    0x00000b33       0xd7 c:/windows.prg/mplab883/mplab c32 suite v202/bin/../lib/gcc/pic32mx/4.5.1/../../../../pic32mx/lib\libm.a(w_log.o)
 .debug_info    0x00000c0a       0xdb c:/windows.prg/mplab883/mplab c32 suite v202/bin/../lib/gcc/pic32mx/4.5.1/../../../../pic32mx/lib\libm.a(w_log10.o)
 .debug_info    0x00000ce5       0xd4 c:/windows.prg/mplab883/mplab c32 suite v202/bin/../lib/gcc/pic32mx/4.5.1/../../../../pic32mx/lib\libm.a(w_acos32.o)
 .debug_info    0x00000db9       0xd4 c:/windows.prg/mplab883/mplab c32 suite v202/bin/../lib/gcc/pic32mx/4.5.1/../../../../pic32mx/lib\libm.a(w_asin32.o)
 .debug_info    0x00000e8d       0xd5 c:/windows.prg/mplab883/mplab c32 suite v202/bin/../lib/gcc/pic32mx/4.5.1/../../../../pic32mx/lib\libm.a(w_atan32.o)
 .debug_info    0x00000f62       0xd2 c:/windows.prg/mplab883/mplab c32 suite v202/bin/../lib/gcc/pic32mx/4.5.1/../../../../pic32mx/lib\libm.a(w_sqrt.o)
 .debug_info    0x00001034        0x0 c:/windows.prg/mplab883/mplab c32 suite v202/bin/../lib/gcc/pic32mx/4.5.1/../../../../pic32mx/lib\libm.a(s_lib_ver.o)
 .debug_info    0x00001034       0xe3 c:/windows.prg/mplab883/mplab c32 suite v202/bin/../lib/gcc/pic32mx/4.5.1/../../../../pic32mx/lib\libe.a(_strtod.o)
 .debug_info    0x00001117       0xe3 c:/windows.prg/mplab883/mplab c32 suite v202/bin/../lib/gcc/pic32mx/4.5.1/../../../../pic32mx/lib\libe.a(_strtof.o)
 .debug_info    0x000011fa       0xf3 c:/windows.prg/mplab883/mplab c32 suite v202/bin/../lib/gcc/pic32mx/4.5.1/../../../../pic32mx/lib\libe.a(_floatsisf.o)
 .debug_info    0x000012ed      0x11d c:/windows.prg/mplab883/mplab c32 suite v202/bin/../lib/gcc/pic32mx/4.5.1/../../../../pic32mx/lib\libe.a(_addsf3.o)
 .debug_info    0x0000140a       0xe4 c:/windows.prg/mplab883/mplab c32 suite v202/bin/../lib/gcc/pic32mx/4.5.1/../../../../pic32mx/lib\libe.a(_negsf2.o)
 .debug_info    0x000014ee      0x106 c:/windows.prg/mplab883/mplab c32 suite v202/bin/../lib/gcc/pic32mx/4.5.1/../../../../pic32mx/lib\libe.a(_mulsf3.o)
 .debug_info    0x000015f4      0x106 c:/windows.prg/mplab883/mplab c32 suite v202/bin/../lib/gcc/pic32mx/4.5.1/../../../../pic32mx/lib\libe.a(_divsf3.o)
 .debug_info    0x000016fa       0xef c:/windows.prg/mplab883/mplab c32 suite v202/bin/../lib/gcc/pic32mx/4.5.1/../../../../pic32mx/lib\libe.a(_ldexp.o)
 .debug_info    0x000017e9       0xf0 c:/windows.prg/mplab883/mplab c32 suite v202/bin/../lib/gcc/pic32mx/4.5.1/../../../../pic32mx/lib\libe.a(_ldexpf.o)
 .debug_info    0x000018d9       0xd4 c:/windows.prg/mplab883/mplab c32 suite v202/bin/../lib/gcc/pic32mx/4.5.1/../../../../pic32mx/lib\libmchp_peripheral_32MX795F512L.a(pcache.o)
 .debug_info    0x000019ad       0xc9 c:/windows.prg/mplab883/mplab c32 suite v202/bin/../lib/gcc/pic32mx/4.5.1/../../../../pic32mx/lib\libmchp_peripheral_32MX795F512L.a(int_enable_interrupts_lib.o)
 .debug_info    0x00001a76       0xcb c:/windows.prg/mplab883/mplab c32 suite v202/bin/../lib/gcc/pic32mx/4.5.1/../../../../pic32mx/lib\libmchp_peripheral_32MX795F512L.a(int_disable_interrupts_lib.o)
 .debug_info    0x00001b41       0xcb c:/windows.prg/mplab883/mplab c32 suite v202/bin/../lib/gcc/pic32mx/4.5.1/../../../../pic32mx/lib\libmchp_peripheral_32MX795F512L.a(int_restore_interrupts_lib.o)
 .debug_info    0x00001c0c       0xd1 c:/windows.prg/mplab883/mplab c32 suite v202/bin/../lib/gcc/pic32mx/4.5.1/../../../../pic32mx/lib\libmchp_peripheral_32MX795F512L.a(int_enable_mv_int_lib.o)
 .debug_info    0x00001cdd       0xbd c:/windows.prg/mplab883/mplab c32 suite v202/bin/../lib/gcc/pic32mx/4.5.1/../../../../pic32mx/lib\libmchp_peripheral_32MX795F512L.a(spi_getc_spi2_lib_legacy.o)
 .debug_info    0x00001d9a       0xbd c:/windows.prg/mplab883/mplab c32 suite v202/bin/../lib/gcc/pic32mx/4.5.1/../../../../pic32mx/lib\libmchp_peripheral_32MX795F512L.a(spi_open_spi2_lib_legacy.o)
 .debug_info    0x00001e57        0x0 c:/windows.prg/mplab883/mplab c32 suite v202/bin/../lib/gcc/pic32mx/4.5.1/../../../../pic32mx/lib\libmchp_peripheral_32MX795F512L.a(spi_brg_tbl_lib_legacy.o)
 .debug_info    0x00001e57       0xe5 c:/windows.prg/mplab883/mplab c32 suite v202/bin/../lib/gcc/pic32mx/4.5.1/../../../../pic32mx/lib\libe.a(_unorddf2.o)
 .debug_info    0x00001f3c      0x349 c:/windows.prg/mplab883/mplab c32 suite v202/bin/../lib/gcc/pic32mx/4.5.1\libgcc.a(_lshrdi3.o)
 .debug_info    0x00002285      0x345 c:/windows.prg/mplab883/mplab c32 suite v202/bin/../lib/gcc/pic32mx/4.5.1\libgcc.a(_ashldi3.o)
 .debug_info    0x000025ca      0x7bb c:/windows.prg/mplab883/mplab c32 suite v202/bin/../lib/gcc/pic32mx/4.5.1\libgcc.a(_divdi3.o)
 .debug_info    0x00002d85      0x783 c:/windows.prg/mplab883/mplab c32 suite v202/bin/../lib/gcc/pic32mx/4.5.1\libgcc.a(_udivdi3.o)
 .debug_info    0x00003508      0x7c0 c:/windows.prg/mplab883/mplab c32 suite v202/bin/../lib/gcc/pic32mx/4.5.1\libgcc.a(_umoddi3.o)

.debug_abbrev   0x00000000      0xba8
 *(.debug_abbrev)
 .debug_abbrev  0x00000000       0x86 c:/windows.prg/mplab883/mplab c32 suite v202/bin/../lib/gcc/pic32mx/4.5.1\libgcc.a(_fixunsdfdi.o)
 .debug_abbrev  0x00000086       0x86 c:/windows.prg/mplab883/mplab c32 suite v202/bin/../lib/gcc/pic32mx/4.5.1\libgcc.a(_floatundidf.o)
 .debug_abbrev  0x0000010c       0x61 c:/windows.prg/mplab883/mplab c32 suite v202/bin/../lib/gcc/pic32mx/4.5.1\libgcc.a(floatunsidf.o)
 .debug_abbrev  0x0000016d       0x25 c:/windows.prg/mplab883/mplab c32 suite v202/bin/../lib/gcc/pic32mx/4.5.1/../../../../pic32mx/lib\libm.a(w_cosh.o)
 .debug_abbrev  0x00000192       0x25 c:/windows.prg/mplab883/mplab c32 suite v202/bin/../lib/gcc/pic32mx/4.5.1/../../../../pic32mx/lib\libm.a(w_sinh.o)
 .debug_abbrev  0x000001b7       0x25 c:/windows.prg/mplab883/mplab c32 suite v202/bin/../lib/gcc/pic32mx/4.5.1/../../../../pic32mx/lib\libm.a(w_exp.o)
 .debug_abbrev  0x000001dc       0x25 c:/windows.prg/mplab883/mplab c32 suite v202/bin/../lib/gcc/pic32mx/4.5.1/../../../../pic32mx/lib\libm.a(w_ldexp.o)
 .debug_abbrev  0x00000201       0x25 c:/windows.prg/mplab883/mplab c32 suite v202/bin/../lib/gcc/pic32mx/4.5.1/../../../../pic32mx/lib\libm.a(w_pow.o)
 .debug_abbrev  0x00000226       0x25 c:/windows.prg/mplab883/mplab c32 suite v202/bin/../lib/gcc/pic32mx/4.5.1/../../../../pic32mx/lib\libm.a(w_log.o)
 .debug_abbrev  0x0000024b       0x25 c:/windows.prg/mplab883/mplab c32 suite v202/bin/../lib/gcc/pic32mx/4.5.1/../../../../pic32mx/lib\libm.a(w_log10.o)
 .debug_abbrev  0x00000270       0x25 c:/windows.prg/mplab883/mplab c32 suite v202/bin/../lib/gcc/pic32mx/4.5.1/../../../../pic32mx/lib\libm.a(w_acos32.o)
 .debug_abbrev  0x00000295       0x25 c:/windows.prg/mplab883/mplab c32 suite v202/bin/../lib/gcc/pic32mx/4.5.1/../../../../pic32mx/lib\libm.a(w_asin32.o)
 .debug_abbrev  0x000002ba       0x25 c:/windows.prg/mplab883/mplab c32 suite v202/bin/../lib/gcc/pic32mx/4.5.1/../../../../pic32mx/lib\libm.a(w_atan32.o)
 .debug_abbrev  0x000002df       0x25 c:/windows.prg/mplab883/mplab c32 suite v202/bin/../lib/gcc/pic32mx/4.5.1/../../../../pic32mx/lib\libm.a(w_sqrt.o)
 .debug_abbrev  0x00000304        0x1 c:/windows.prg/mplab883/mplab c32 suite v202/bin/../lib/gcc/pic32mx/4.5.1/../../../../pic32mx/lib\libm.a(s_lib_ver.o)
 .debug_abbrev  0x00000305       0x32 c:/windows.prg/mplab883/mplab c32 suite v202/bin/../lib/gcc/pic32mx/4.5.1/../../../../pic32mx/lib\libe.a(_strtod.o)
 .debug_abbrev  0x00000337       0x32 c:/windows.prg/mplab883/mplab c32 suite v202/bin/../lib/gcc/pic32mx/4.5.1/../../../../pic32mx/lib\libe.a(_strtof.o)
 .debug_abbrev  0x00000369       0x32 c:/windows.prg/mplab883/mplab c32 suite v202/bin/../lib/gcc/pic32mx/4.5.1/../../../../pic32mx/lib\libe.a(_floatsisf.o)
 .debug_abbrev  0x0000039b       0x32 c:/windows.prg/mplab883/mplab c32 suite v202/bin/../lib/gcc/pic32mx/4.5.1/../../../../pic32mx/lib\libe.a(_addsf3.o)
 .debug_abbrev  0x000003cd       0x32 c:/windows.prg/mplab883/mplab c32 suite v202/bin/../lib/gcc/pic32mx/4.5.1/../../../../pic32mx/lib\libe.a(_negsf2.o)
 .debug_abbrev  0x000003ff       0x32 c:/windows.prg/mplab883/mplab c32 suite v202/bin/../lib/gcc/pic32mx/4.5.1/../../../../pic32mx/lib\libe.a(_mulsf3.o)
 .debug_abbrev  0x00000431       0x32 c:/windows.prg/mplab883/mplab c32 suite v202/bin/../lib/gcc/pic32mx/4.5.1/../../../../pic32mx/lib\libe.a(_divsf3.o)
 .debug_abbrev  0x00000463       0x32 c:/windows.prg/mplab883/mplab c32 suite v202/bin/../lib/gcc/pic32mx/4.5.1/../../../../pic32mx/lib\libe.a(_ldexp.o)
 .debug_abbrev  0x00000495       0x32 c:/windows.prg/mplab883/mplab c32 suite v202/bin/../lib/gcc/pic32mx/4.5.1/../../../../pic32mx/lib\libe.a(_ldexpf.o)
 .debug_abbrev  0x000004c7       0x25 c:/windows.prg/mplab883/mplab c32 suite v202/bin/../lib/gcc/pic32mx/4.5.1/../../../../pic32mx/lib\libmchp_peripheral_32MX795F512L.a(pcache.o)
 .debug_abbrev  0x000004ec       0x25 c:/windows.prg/mplab883/mplab c32 suite v202/bin/../lib/gcc/pic32mx/4.5.1/../../../../pic32mx/lib\libmchp_peripheral_32MX795F512L.a(int_enable_interrupts_lib.o)
 .debug_abbrev  0x00000511       0x25 c:/windows.prg/mplab883/mplab c32 suite v202/bin/../lib/gcc/pic32mx/4.5.1/../../../../pic32mx/lib\libmchp_peripheral_32MX795F512L.a(int_disable_interrupts_lib.o)
 .debug_abbrev  0x00000536       0x25 c:/windows.prg/mplab883/mplab c32 suite v202/bin/../lib/gcc/pic32mx/4.5.1/../../../../pic32mx/lib\libmchp_peripheral_32MX795F512L.a(int_restore_interrupts_lib.o)
 .debug_abbrev  0x0000055b       0x25 c:/windows.prg/mplab883/mplab c32 suite v202/bin/../lib/gcc/pic32mx/4.5.1/../../../../pic32mx/lib\libmchp_peripheral_32MX795F512L.a(int_enable_mv_int_lib.o)
 .debug_abbrev  0x00000580       0x25 c:/windows.prg/mplab883/mplab c32 suite v202/bin/../lib/gcc/pic32mx/4.5.1/../../../../pic32mx/lib\libmchp_peripheral_32MX795F512L.a(spi_getc_spi2_lib_legacy.o)
 .debug_abbrev  0x000005a5       0x25 c:/windows.prg/mplab883/mplab c32 suite v202/bin/../lib/gcc/pic32mx/4.5.1/../../../../pic32mx/lib\libmchp_peripheral_32MX795F512L.a(spi_open_spi2_lib_legacy.o)
 .debug_abbrev  0x000005ca        0x1 c:/windows.prg/mplab883/mplab c32 suite v202/bin/../lib/gcc/pic32mx/4.5.1/../../../../pic32mx/lib\libmchp_peripheral_32MX795F512L.a(spi_brg_tbl_lib_legacy.o)
 .debug_abbrev  0x000005cb       0x32 c:/windows.prg/mplab883/mplab c32 suite v202/bin/../lib/gcc/pic32mx/4.5.1/../../../../pic32mx/lib\libe.a(_unorddf2.o)
 .debug_abbrev  0x000005fd       0xe3 c:/windows.prg/mplab883/mplab c32 suite v202/bin/../lib/gcc/pic32mx/4.5.1\libgcc.a(_lshrdi3.o)
 .debug_abbrev  0x000006e0       0xe3 c:/windows.prg/mplab883/mplab c32 suite v202/bin/../lib/gcc/pic32mx/4.5.1\libgcc.a(_ashldi3.o)
 .debug_abbrev  0x000007c3      0x14c c:/windows.prg/mplab883/mplab c32 suite v202/bin/../lib/gcc/pic32mx/4.5.1\libgcc.a(_divdi3.o)
 .debug_abbrev  0x0000090f      0x13d c:/windows.prg/mplab883/mplab c32 suite v202/bin/../lib/gcc/pic32mx/4.5.1\libgcc.a(_udivdi3.o)
 .debug_abbrev  0x00000a4c      0x15c c:/windows.prg/mplab883/mplab c32 suite v202/bin/../lib/gcc/pic32mx/4.5.1\libgcc.a(_umoddi3.o)

.debug_line     0x00000000     0x1603
 *(.debug_line)
 .debug_line    0x00000000       0xb1 c:/windows.prg/mplab883/mplab c32 suite v202/bin/../lib/gcc/pic32mx/4.5.1\libgcc.a(_fixunsdfdi.o)
 .debug_line    0x000000b1       0xcc c:/windows.prg/mplab883/mplab c32 suite v202/bin/../lib/gcc/pic32mx/4.5.1\libgcc.a(_floatundidf.o)
 .debug_line    0x0000017d       0x6c c:/windows.prg/mplab883/mplab c32 suite v202/bin/../lib/gcc/pic32mx/4.5.1\libgcc.a(floatunsidf.o)
 .debug_line    0x000001e9       0x91 c:/windows.prg/mplab883/mplab c32 suite v202/bin/../lib/gcc/pic32mx/4.5.1/../../../../pic32mx/lib\libm.a(w_cosh.o)
 .debug_line    0x0000027a       0x91 c:/windows.prg/mplab883/mplab c32 suite v202/bin/../lib/gcc/pic32mx/4.5.1/../../../../pic32mx/lib\libm.a(w_sinh.o)
 .debug_line    0x0000030b       0x90 c:/windows.prg/mplab883/mplab c32 suite v202/bin/../lib/gcc/pic32mx/4.5.1/../../../../pic32mx/lib\libm.a(w_exp.o)
 .debug_line    0x0000039b       0x92 c:/windows.prg/mplab883/mplab c32 suite v202/bin/../lib/gcc/pic32mx/4.5.1/../../../../pic32mx/lib\libm.a(w_ldexp.o)
 .debug_line    0x0000042d       0x90 c:/windows.prg/mplab883/mplab c32 suite v202/bin/../lib/gcc/pic32mx/4.5.1/../../../../pic32mx/lib\libm.a(w_pow.o)
 .debug_line    0x000004bd       0x90 c:/windows.prg/mplab883/mplab c32 suite v202/bin/../lib/gcc/pic32mx/4.5.1/../../../../pic32mx/lib\libm.a(w_log.o)
 .debug_line    0x0000054d       0x92 c:/windows.prg/mplab883/mplab c32 suite v202/bin/../lib/gcc/pic32mx/4.5.1/../../../../pic32mx/lib\libm.a(w_log10.o)
 .debug_line    0x000005df       0x8c c:/windows.prg/mplab883/mplab c32 suite v202/bin/../lib/gcc/pic32mx/4.5.1/../../../../pic32mx/lib\libm.a(w_acos32.o)
 .debug_line    0x0000066b       0x8c c:/windows.prg/mplab883/mplab c32 suite v202/bin/../lib/gcc/pic32mx/4.5.1/../../../../pic32mx/lib\libm.a(w_asin32.o)
 .debug_line    0x000006f7       0x8c c:/windows.prg/mplab883/mplab c32 suite v202/bin/../lib/gcc/pic32mx/4.5.1/../../../../pic32mx/lib\libm.a(w_atan32.o)
 .debug_line    0x00000783       0x8a c:/windows.prg/mplab883/mplab c32 suite v202/bin/../lib/gcc/pic32mx/4.5.1/../../../../pic32mx/lib\libm.a(w_sqrt.o)
 .debug_line    0x0000080d        0x0 c:/windows.prg/mplab883/mplab c32 suite v202/bin/../lib/gcc/pic32mx/4.5.1/../../../../pic32mx/lib\libm.a(s_lib_ver.o)
 .debug_line    0x0000080d       0x93 c:/windows.prg/mplab883/mplab c32 suite v202/bin/../lib/gcc/pic32mx/4.5.1/../../../../pic32mx/lib\libe.a(_strtod.o)
 .debug_line    0x000008a0       0x93 c:/windows.prg/mplab883/mplab c32 suite v202/bin/../lib/gcc/pic32mx/4.5.1/../../../../pic32mx/lib\libe.a(_strtof.o)
 .debug_line    0x00000933       0xa5 c:/windows.prg/mplab883/mplab c32 suite v202/bin/../lib/gcc/pic32mx/4.5.1/../../../../pic32mx/lib\libe.a(_floatsisf.o)
 .debug_line    0x000009d8       0xa4 c:/windows.prg/mplab883/mplab c32 suite v202/bin/../lib/gcc/pic32mx/4.5.1/../../../../pic32mx/lib\libe.a(_addsf3.o)
 .debug_line    0x00000a7c       0x92 c:/windows.prg/mplab883/mplab c32 suite v202/bin/../lib/gcc/pic32mx/4.5.1/../../../../pic32mx/lib\libe.a(_negsf2.o)
 .debug_line    0x00000b0e       0xa4 c:/windows.prg/mplab883/mplab c32 suite v202/bin/../lib/gcc/pic32mx/4.5.1/../../../../pic32mx/lib\libe.a(_mulsf3.o)
 .debug_line    0x00000bb2       0xa4 c:/windows.prg/mplab883/mplab c32 suite v202/bin/../lib/gcc/pic32mx/4.5.1/../../../../pic32mx/lib\libe.a(_divsf3.o)
 .debug_line    0x00000c56       0xa6 c:/windows.prg/mplab883/mplab c32 suite v202/bin/../lib/gcc/pic32mx/4.5.1/../../../../pic32mx/lib\libe.a(_ldexp.o)
 .debug_line    0x00000cfc       0xa6 c:/windows.prg/mplab883/mplab c32 suite v202/bin/../lib/gcc/pic32mx/4.5.1/../../../../pic32mx/lib\libe.a(_ldexpf.o)
 .debug_line    0x00000da2       0x62 c:/windows.prg/mplab883/mplab c32 suite v202/bin/../lib/gcc/pic32mx/4.5.1/../../../../pic32mx/lib\libmchp_peripheral_32MX795F512L.a(pcache.o)
 .debug_line    0x00000e04       0x72 c:/windows.prg/mplab883/mplab c32 suite v202/bin/../lib/gcc/pic32mx/4.5.1/../../../../pic32mx/lib\libmchp_peripheral_32MX795F512L.a(int_enable_interrupts_lib.o)
 .debug_line    0x00000e76       0x73 c:/windows.prg/mplab883/mplab c32 suite v202/bin/../lib/gcc/pic32mx/4.5.1/../../../../pic32mx/lib\libmchp_peripheral_32MX795F512L.a(int_disable_interrupts_lib.o)
 .debug_line    0x00000ee9       0x73 c:/windows.prg/mplab883/mplab c32 suite v202/bin/../lib/gcc/pic32mx/4.5.1/../../../../pic32mx/lib\libmchp_peripheral_32MX795F512L.a(int_restore_interrupts_lib.o)
 .debug_line    0x00000f5c       0x6e c:/windows.prg/mplab883/mplab c32 suite v202/bin/../lib/gcc/pic32mx/4.5.1/../../../../pic32mx/lib\libmchp_peripheral_32MX795F512L.a(int_enable_mv_int_lib.o)
 .debug_line    0x00000fca       0x71 c:/windows.prg/mplab883/mplab c32 suite v202/bin/../lib/gcc/pic32mx/4.5.1/../../../../pic32mx/lib\libmchp_peripheral_32MX795F512L.a(spi_getc_spi2_lib_legacy.o)
 .debug_line    0x0000103b       0x71 c:/windows.prg/mplab883/mplab c32 suite v202/bin/../lib/gcc/pic32mx/4.5.1/../../../../pic32mx/lib\libmchp_peripheral_32MX795F512L.a(spi_open_spi2_lib_legacy.o)
 .debug_line    0x000010ac        0x0 c:/windows.prg/mplab883/mplab c32 suite v202/bin/../lib/gcc/pic32mx/4.5.1/../../../../pic32mx/lib\libmchp_peripheral_32MX795F512L.a(spi_brg_tbl_lib_legacy.o)
 .debug_line    0x000010ac       0x92 c:/windows.prg/mplab883/mplab c32 suite v202/bin/../lib/gcc/pic32mx/4.5.1/../../../../pic32mx/lib\libe.a(_unorddf2.o)
 .debug_line    0x0000113e       0xb8 c:/windows.prg/mplab883/mplab c32 suite v202/bin/../lib/gcc/pic32mx/4.5.1\libgcc.a(_lshrdi3.o)
 .debug_line    0x000011f6       0xba c:/windows.prg/mplab883/mplab c32 suite v202/bin/../lib/gcc/pic32mx/4.5.1\libgcc.a(_ashldi3.o)
 .debug_line    0x000012b0      0x119 c:/windows.prg/mplab883/mplab c32 suite v202/bin/../lib/gcc/pic32mx/4.5.1\libgcc.a(_divdi3.o)
 .debug_line    0x000013c9      0x112 c:/windows.prg/mplab883/mplab c32 suite v202/bin/../lib/gcc/pic32mx/4.5.1\libgcc.a(_udivdi3.o)
 .debug_line    0x000014db      0x128 c:/windows.prg/mplab883/mplab c32 suite v202/bin/../lib/gcc/pic32mx/4.5.1\libgcc.a(_umoddi3.o)

.debug_frame    0x00000000      0x534
 *(.debug_frame)
 .debug_frame   0x00000000       0x30 c:/windows.prg/mplab883/mplab c32 suite v202/bin/../lib/gcc/pic32mx/4.5.1\libgcc.a(_fixunsdfdi.o)
 .debug_frame   0x00000030       0x30 c:/windows.prg/mplab883/mplab c32 suite v202/bin/../lib/gcc/pic32mx/4.5.1\libgcc.a(_floatundidf.o)
 .debug_frame   0x00000060       0x28 c:/windows.prg/mplab883/mplab c32 suite v202/bin/../lib/gcc/pic32mx/4.5.1\libgcc.a(floatunsidf.o)
 .debug_frame   0x00000088       0x28 c:/windows.prg/mplab883/mplab c32 suite v202/bin/../lib/gcc/pic32mx/4.5.1/../../../../pic32mx/lib\libm.a(w_cosh.o)
 .debug_frame   0x000000b0       0x28 c:/windows.prg/mplab883/mplab c32 suite v202/bin/../lib/gcc/pic32mx/4.5.1/../../../../pic32mx/lib\libm.a(w_sinh.o)
 .debug_frame   0x000000d8       0x28 c:/windows.prg/mplab883/mplab c32 suite v202/bin/../lib/gcc/pic32mx/4.5.1/../../../../pic32mx/lib\libm.a(w_exp.o)
 .debug_frame   0x00000100       0x28 c:/windows.prg/mplab883/mplab c32 suite v202/bin/../lib/gcc/pic32mx/4.5.1/../../../../pic32mx/lib\libm.a(w_ldexp.o)
 .debug_frame   0x00000128       0x34 c:/windows.prg/mplab883/mplab c32 suite v202/bin/../lib/gcc/pic32mx/4.5.1/../../../../pic32mx/lib\libm.a(w_pow.o)
 .debug_frame   0x0000015c       0x2c c:/windows.prg/mplab883/mplab c32 suite v202/bin/../lib/gcc/pic32mx/4.5.1/../../../../pic32mx/lib\libm.a(w_log.o)
 .debug_frame   0x00000188       0x2c c:/windows.prg/mplab883/mplab c32 suite v202/bin/../lib/gcc/pic32mx/4.5.1/../../../../pic32mx/lib\libm.a(w_log10.o)
 .debug_frame   0x000001b4       0x2c c:/windows.prg/mplab883/mplab c32 suite v202/bin/../lib/gcc/pic32mx/4.5.1/../../../../pic32mx/lib\libm.a(w_acos32.o)
 .debug_frame   0x000001e0       0x2c c:/windows.prg/mplab883/mplab c32 suite v202/bin/../lib/gcc/pic32mx/4.5.1/../../../../pic32mx/lib\libm.a(w_asin32.o)
 .debug_frame   0x0000020c       0x30 c:/windows.prg/mplab883/mplab c32 suite v202/bin/../lib/gcc/pic32mx/4.5.1/../../../../pic32mx/lib\libm.a(w_atan32.o)
 .debug_frame   0x0000023c       0x2c c:/windows.prg/mplab883/mplab c32 suite v202/bin/../lib/gcc/pic32mx/4.5.1/../../../../pic32mx/lib\libm.a(w_sqrt.o)
 .debug_frame   0x00000268       0x38 c:/windows.prg/mplab883/mplab c32 suite v202/bin/../lib/gcc/pic32mx/4.5.1/../../../../pic32mx/lib\libe.a(_strtod.o)
 .debug_frame   0x000002a0       0x38 c:/windows.prg/mplab883/mplab c32 suite v202/bin/../lib/gcc/pic32mx/4.5.1/../../../../pic32mx/lib\libe.a(_strtof.o)
 .debug_frame   0x000002d8       0x20 c:/windows.prg/mplab883/mplab c32 suite v202/bin/../lib/gcc/pic32mx/4.5.1/../../../../pic32mx/lib\libe.a(_floatsisf.o)
 .debug_frame   0x000002f8       0x30 c:/windows.prg/mplab883/mplab c32 suite v202/bin/../lib/gcc/pic32mx/4.5.1/../../../../pic32mx/lib\libe.a(_addsf3.o)
 .debug_frame   0x00000328       0x20 c:/windows.prg/mplab883/mplab c32 suite v202/bin/../lib/gcc/pic32mx/4.5.1/../../../../pic32mx/lib\libe.a(_negsf2.o)
 .debug_frame   0x00000348       0x20 c:/windows.prg/mplab883/mplab c32 suite v202/bin/../lib/gcc/pic32mx/4.5.1/../../../../pic32mx/lib\libe.a(_mulsf3.o)
 .debug_frame   0x00000368       0x20 c:/windows.prg/mplab883/mplab c32 suite v202/bin/../lib/gcc/pic32mx/4.5.1/../../../../pic32mx/lib\libe.a(_divsf3.o)
 .debug_frame   0x00000388       0x34 c:/windows.prg/mplab883/mplab c32 suite v202/bin/../lib/gcc/pic32mx/4.5.1/../../../../pic32mx/lib\libe.a(_ldexp.o)
 .debug_frame   0x000003bc       0x20 c:/windows.prg/mplab883/mplab c32 suite v202/bin/../lib/gcc/pic32mx/4.5.1/../../../../pic32mx/lib\libe.a(_ldexpf.o)
 .debug_frame   0x000003dc       0x30 c:/windows.prg/mplab883/mplab c32 suite v202/bin/../lib/gcc/pic32mx/4.5.1/../../../../pic32mx/lib\libmchp_peripheral_32MX795F512L.a(pcache.o)
 .debug_frame   0x0000040c       0x20 c:/windows.prg/mplab883/mplab c32 suite v202/bin/../lib/gcc/pic32mx/4.5.1/../../../../pic32mx/lib\libmchp_peripheral_32MX795F512L.a(int_enable_interrupts_lib.o)
 .debug_frame   0x0000042c       0x20 c:/windows.prg/mplab883/mplab c32 suite v202/bin/../lib/gcc/pic32mx/4.5.1/../../../../pic32mx/lib\libmchp_peripheral_32MX795F512L.a(int_disable_interrupts_lib.o)
 .debug_frame   0x0000044c       0x20 c:/windows.prg/mplab883/mplab c32 suite v202/bin/../lib/gcc/pic32mx/4.5.1/../../../../pic32mx/lib\libmchp_peripheral_32MX795F512L.a(int_restore_interrupts_lib.o)
 .debug_frame   0x0000046c       0x28 c:/windows.prg/mplab883/mplab c32 suite v202/bin/../lib/gcc/pic32mx/4.5.1/../../../../pic32mx/lib\libmchp_peripheral_32MX795F512L.a(int_enable_mv_int_lib.o)
 .debug_frame   0x00000494       0x20 c:/windows.prg/mplab883/mplab c32 suite v202/bin/../lib/gcc/pic32mx/4.5.1/../../../../pic32mx/lib\libmchp_peripheral_32MX795F512L.a(spi_getc_spi2_lib_legacy.o)
 .debug_frame   0x000004b4       0x20 c:/windows.prg/mplab883/mplab c32 suite v202/bin/../lib/gcc/pic32mx/4.5.1/../../../../pic32mx/lib\libmchp_peripheral_32MX795F512L.a(spi_open_spi2_lib_legacy.o)
 .debug_frame   0x000004d4       0x20 c:/windows.prg/mplab883/mplab c32 suite v202/bin/../lib/gcc/pic32mx/4.5.1/../../../../pic32mx/lib\libe.a(_unorddf2.o)
 .debug_frame   0x000004f4       0x20 c:/windows.prg/mplab883/mplab c32 suite v202/bin/../lib/gcc/pic32mx/4.5.1\libgcc.a(_lshrdi3.o)
 .debug_frame   0x00000514       0x20 c:/windows.prg/mplab883/mplab c32 suite v202/bin/../lib/gcc/pic32mx/4.5.1\libgcc.a(_ashldi3.o)

.debug_str      0x00000000        0x0
 *(.debug_str)
 .debug_str     0x00000000        0x0 c:/windows.prg/mplab883/mplab c32 suite v202/bin/../lib/gcc/pic32mx/4.5.1\libgcc.a(_fixunsdfdi.o)
 .debug_str     0x00000000        0x0 c:/windows.prg/mplab883/mplab c32 suite v202/bin/../lib/gcc/pic32mx/4.5.1\libgcc.a(_floatundidf.o)
 .debug_str     0x00000000        0x0 c:/windows.prg/mplab883/mplab c32 suite v202/bin/../lib/gcc/pic32mx/4.5.1\libgcc.a(floatunsidf.o)
 .debug_str     0x00000000        0x0 c:/windows.prg/mplab883/mplab c32 suite v202/bin/../lib/gcc/pic32mx/4.5.1/../../../../pic32mx/lib\libm.a(w_cosh.o)
 .debug_str     0x00000000        0x0 c:/windows.prg/mplab883/mplab c32 suite v202/bin/../lib/gcc/pic32mx/4.5.1/../../../../pic32mx/lib\libm.a(w_sinh.o)
 .debug_str     0x00000000        0x0 c:/windows.prg/mplab883/mplab c32 suite v202/bin/../lib/gcc/pic32mx/4.5.1/../../../../pic32mx/lib\libm.a(w_exp.o)
 .debug_str     0x00000000        0x0 c:/windows.prg/mplab883/mplab c32 suite v202/bin/../lib/gcc/pic32mx/4.5.1/../../../../pic32mx/lib\libm.a(w_ldexp.o)
 .debug_str     0x00000000        0x0 c:/windows.prg/mplab883/mplab c32 suite v202/bin/../lib/gcc/pic32mx/4.5.1/../../../../pic32mx/lib\libm.a(w_pow.o)
 .debug_str     0x00000000        0x0 c:/windows.prg/mplab883/mplab c32 suite v202/bin/../lib/gcc/pic32mx/4.5.1/../../../../pic32mx/lib\libm.a(w_log.o)
 .debug_str     0x00000000        0x0 c:/windows.prg/mplab883/mplab c32 suite v202/bin/../lib/gcc/pic32mx/4.5.1/../../../../pic32mx/lib\libm.a(w_log10.o)
 .debug_str     0x00000000        0x0 c:/windows.prg/mplab883/mplab c32 suite v202/bin/../lib/gcc/pic32mx/4.5.1/../../../../pic32mx/lib\libm.a(w_acos32.o)
 .debug_str     0x00000000        0x0 c:/windows.prg/mplab883/mplab c32 suite v202/bin/../lib/gcc/pic32mx/4.5.1/../../../../pic32mx/lib\libm.a(w_asin32.o)
 .debug_str     0x00000000        0x0 c:/windows.prg/mplab883/mplab c32 suite v202/bin/../lib/gcc/pic32mx/4.5.1/../../../../pic32mx/lib\libm.a(w_atan32.o)
 .debug_str     0x00000000        0x0 c:/windows.prg/mplab883/mplab c32 suite v202/bin/../lib/gcc/pic32mx/4.5.1/../../../../pic32mx/lib\libm.a(w_sqrt.o)
 .debug_str     0x00000000        0x0 c:/windows.prg/mplab883/mplab c32 suite v202/bin/../lib/gcc/pic32mx/4.5.1/../../../../pic32mx/lib\libm.a(s_lib_ver.o)
 .debug_str     0x00000000        0x0 c:/windows.prg/mplab883/mplab c32 suite v202/bin/../lib/gcc/pic32mx/4.5.1/../../../../pic32mx/lib\libe.a(_strtod.o)
 .debug_str     0x00000000        0x0 c:/windows.prg/mplab883/mplab c32 suite v202/bin/../lib/gcc/pic32mx/4.5.1/../../../../pic32mx/lib\libe.a(_strtof.o)
 .debug_str     0x00000000        0x0 c:/windows.prg/mplab883/mplab c32 suite v202/bin/../lib/gcc/pic32mx/4.5.1/../../../../pic32mx/lib\libe.a(_floatsisf.o)
 .debug_str     0x00000000        0x0 c:/windows.prg/mplab883/mplab c32 suite v202/bin/../lib/gcc/pic32mx/4.5.1/../../../../pic32mx/lib\libe.a(_addsf3.o)
 .debug_str     0x00000000        0x0 c:/windows.prg/mplab883/mplab c32 suite v202/bin/../lib/gcc/pic32mx/4.5.1/../../../../pic32mx/lib\libe.a(_negsf2.o)
 .debug_str     0x00000000        0x0 c:/windows.prg/mplab883/mplab c32 suite v202/bin/../lib/gcc/pic32mx/4.5.1/../../../../pic32mx/lib\libe.a(_mulsf3.o)
 .debug_str     0x00000000        0x0 c:/windows.prg/mplab883/mplab c32 suite v202/bin/../lib/gcc/pic32mx/4.5.1/../../../../pic32mx/lib\libe.a(_divsf3.o)
 .debug_str     0x00000000        0x0 c:/windows.prg/mplab883/mplab c32 suite v202/bin/../lib/gcc/pic32mx/4.5.1/../../../../pic32mx/lib\libe.a(_ldexp.o)
 .debug_str     0x00000000        0x0 c:/windows.prg/mplab883/mplab c32 suite v202/bin/../lib/gcc/pic32mx/4.5.1/../../../../pic32mx/lib\libe.a(_ldexpf.o)